Archive member included to satisfy reference by file (symbol)

/opt/devkitpro/libgba/lib/libmm.a(mm_mas.o)
                              bn_hw_audio.o (symbol from plugin) (mmStart)
/opt/devkitpro/libgba/lib/libmm.a(mm_main.o)
                              /opt/devkitpro/libgba/lib/libmm.a(mm_mas.o) (mmCallback)
/opt/devkitpro/libgba/lib/libmm.a(mm_effect.o)
                              /opt/devkitpro/libgba/lib/libmm.a(mm_main.o) (mmResetEffects)
/opt/devkitpro/libgba/lib/libmm.a(mm_mas_arm.o)
                              /opt/devkitpro/libgba/lib/libmm.a(mm_mas.o) (mmAllocChannel)
/opt/devkitpro/libgba/lib/libmm.a(mm_mixer_gba.o)
                              bn_hw_audio.o (symbol from plugin) (mmVBlank)
/opt/devkitpro/devkitARM/bin/../lib/gcc/arm-none-eabi/11.1.0/../../../../arm-none-eabi/lib/thumb/libm.a(lib_a-sf_sin.o)
                              main.o (symbol from plugin) (sinf)
/opt/devkitpro/devkitARM/bin/../lib/gcc/arm-none-eabi/11.1.0/../../../../arm-none-eabi/lib/thumb/libm.a(lib_a-w_pow.o)
                              main.o (symbol from plugin) (pow)
/opt/devkitpro/devkitARM/bin/../lib/gcc/arm-none-eabi/11.1.0/../../../../arm-none-eabi/lib/thumb/libm.a(lib_a-ef_rem_pio2.o)
                              /opt/devkitpro/devkitARM/bin/../lib/gcc/arm-none-eabi/11.1.0/../../../../arm-none-eabi/lib/thumb/libm.a(lib_a-sf_sin.o) (__ieee754_rem_pio2f)
/opt/devkitpro/devkitARM/bin/../lib/gcc/arm-none-eabi/11.1.0/../../../../arm-none-eabi/lib/thumb/libm.a(lib_a-e_pow.o)
                              /opt/devkitpro/devkitARM/bin/../lib/gcc/arm-none-eabi/11.1.0/../../../../arm-none-eabi/lib/thumb/libm.a(lib_a-w_pow.o) (__ieee754_pow)
/opt/devkitpro/devkitARM/bin/../lib/gcc/arm-none-eabi/11.1.0/../../../../arm-none-eabi/lib/thumb/libm.a(lib_a-e_sqrt.o)
                              /opt/devkitpro/devkitARM/bin/../lib/gcc/arm-none-eabi/11.1.0/../../../../arm-none-eabi/lib/thumb/libm.a(lib_a-e_pow.o) (__ieee754_sqrt)
/opt/devkitpro/devkitARM/bin/../lib/gcc/arm-none-eabi/11.1.0/../../../../arm-none-eabi/lib/thumb/libm.a(lib_a-kf_cos.o)
                              /opt/devkitpro/devkitARM/bin/../lib/gcc/arm-none-eabi/11.1.0/../../../../arm-none-eabi/lib/thumb/libm.a(lib_a-sf_sin.o) (__kernel_cosf)
/opt/devkitpro/devkitARM/bin/../lib/gcc/arm-none-eabi/11.1.0/../../../../arm-none-eabi/lib/thumb/libm.a(lib_a-kf_rem_pio2.o)
                              /opt/devkitpro/devkitARM/bin/../lib/gcc/arm-none-eabi/11.1.0/../../../../arm-none-eabi/lib/thumb/libm.a(lib_a-ef_rem_pio2.o) (__kernel_rem_pio2f)
/opt/devkitpro/devkitARM/bin/../lib/gcc/arm-none-eabi/11.1.0/../../../../arm-none-eabi/lib/thumb/libm.a(lib_a-kf_sin.o)
                              /opt/devkitpro/devkitARM/bin/../lib/gcc/arm-none-eabi/11.1.0/../../../../arm-none-eabi/lib/thumb/libm.a(lib_a-sf_sin.o) (__kernel_sinf)
/opt/devkitpro/devkitARM/bin/../lib/gcc/arm-none-eabi/11.1.0/../../../../arm-none-eabi/lib/thumb/libm.a(lib_a-math_err.o)
                              /opt/devkitpro/devkitARM/bin/../lib/gcc/arm-none-eabi/11.1.0/../../../../arm-none-eabi/lib/thumb/libm.a(lib_a-e_pow.o) (__math_uflow)
/opt/devkitpro/devkitARM/bin/../lib/gcc/arm-none-eabi/11.1.0/../../../../arm-none-eabi/lib/thumb/libm.a(lib_a-s_fabs.o)
                              /opt/devkitpro/devkitARM/bin/../lib/gcc/arm-none-eabi/11.1.0/../../../../arm-none-eabi/lib/thumb/libm.a(lib_a-e_pow.o) (fabs)
/opt/devkitpro/devkitARM/bin/../lib/gcc/arm-none-eabi/11.1.0/../../../../arm-none-eabi/lib/thumb/libm.a(lib_a-sf_fabs.o)
                              /opt/devkitpro/devkitARM/bin/../lib/gcc/arm-none-eabi/11.1.0/../../../../arm-none-eabi/lib/thumb/libm.a(lib_a-ef_rem_pio2.o) (fabsf)
/opt/devkitpro/devkitARM/bin/../lib/gcc/arm-none-eabi/11.1.0/../../../../arm-none-eabi/lib/thumb/libm.a(lib_a-sf_floor.o)
                              /opt/devkitpro/devkitARM/bin/../lib/gcc/arm-none-eabi/11.1.0/../../../../arm-none-eabi/lib/thumb/libm.a(lib_a-kf_rem_pio2.o) (floorf)
/opt/devkitpro/devkitARM/bin/../lib/gcc/arm-none-eabi/11.1.0/../../../../arm-none-eabi/lib/thumb/libm.a(lib_a-s_finite.o)
                              /opt/devkitpro/devkitARM/bin/../lib/gcc/arm-none-eabi/11.1.0/../../../../arm-none-eabi/lib/thumb/libm.a(lib_a-w_pow.o) (finite)
/opt/devkitpro/devkitARM/bin/../lib/gcc/arm-none-eabi/11.1.0/../../../../arm-none-eabi/lib/thumb/libm.a(lib_a-sf_scalbn.o)
                              /opt/devkitpro/devkitARM/bin/../lib/gcc/arm-none-eabi/11.1.0/../../../../arm-none-eabi/lib/thumb/libm.a(lib_a-kf_rem_pio2.o) (scalbnf)
/opt/devkitpro/devkitARM/bin/../lib/gcc/arm-none-eabi/11.1.0/../../../../arm-none-eabi/lib/thumb/libm.a(lib_a-s_scalbn.o)
                              /opt/devkitpro/devkitARM/bin/../lib/gcc/arm-none-eabi/11.1.0/../../../../arm-none-eabi/lib/thumb/libm.a(lib_a-e_pow.o) (scalbn)
/opt/devkitpro/devkitARM/bin/../lib/gcc/arm-none-eabi/11.1.0/thumb/libgcc.a(_arm_muldf3.o)
[...]
Memory Configuration

Name             Origin             Length             Attributes
rom              0x0000000008000000 0x0000000002000000
iwram            0x0000000003000000 0x0000000000008000
ewram            0x0000000002000000 0x0000000000040000
*default*        0x0000000000000000 0xffffffffffffffff

Linker script and memory map

                0x0000000008000000                __text_start = ORIGIN (rom)
                0x0000000002040000                __eheap_end = (ORIGIN (ewram) + LENGTH (ewram))
                0x0000000003000000                __iwram_start = ORIGIN (iwram)
                0x0000000003008000                __iwram_top = (ORIGIN (iwram) + LENGTH (iwram))
                0x0000000003007fa0                __sp_irq = (__iwram_top - 0x60)
                0x0000000003007f00                __sp_usr = (__sp_irq - 0xa0)
                0x0000000003007ff8                __irq_flags = 0x3007ff8
                0x0000000008000000                . = __text_start

.crt0           0x0000000008000000      0x210
 *(.crt0)
 .crt0          0x0000000008000000      0x210 /opt/devkitpro/devkitARM/bin/../lib/gcc/arm-none-eabi/11.1.0/../../../../arm-none-eabi/lib/thumb/gba_crt0.o
                0x0000000008000000                _start
                0x00000000080000c4                __boot_method
                0x00000000080000c5                __slave_number
                0x00000000080000e0                start_vector
                0x0000000008000210                . = ALIGN (0x4)

.init           0x0000000008000210        0xc
 *(SORT_NONE(.init))
 .init          0x0000000008000210        0x4 /opt/devkitpro/devkitARM/bin/../lib/gcc/arm-none-eabi/11.1.0/thumb/crti.o
                0x0000000008000210                _init
 .init          0x0000000008000214        0x8 /opt/devkitpro/devkitARM/bin/../lib/gcc/arm-none-eabi/11.1.0/thumb/crtn.o

.plt            0x000000000800021c        0x0
 *(.plt)
                0x000000000800021c                . = ALIGN (0x4)

.text           0x0000000008000220    0x6c648
 *(EXCLUDE_FILE(*.iwram*) .text*)
 .text.__do_global_dtors_aux
                0x0000000008000220       0x2c /opt/devkitpro/devkitARM/bin/../lib/gcc/arm-none-eabi/11.1.0/thumb/crtbegin.o
 .text.frame_dummy
                0x000000000800024c       0x24 /opt/devkitpro/devkitARM/bin/../lib/gcc/arm-none-eabi/11.1.0/thumb/crtbegin.o
 .text          0x0000000008000270    0x31284 /tmp/cctkrv2L.ltrans0.ltrans.o
                0x00000000080003e8                hud::update(bn::fixed_t<12>, int)
                0x0000000008000588                popup(int)
                0x0000000008000fac                victory::update()
                0x0000000008001390                select_minigame()
                0x0000000008002e40                room::init_render(int, int)
                0x00000000080031f4                room::refresh_tiles(bn::fixed_t<12>, bn::fixed_t<12>)
                0x00000000080034d0                room::update_objects()
                0x00000000080044f4                dialogue_page(line*)
                0x0000000008006ba4                dialogue_page_lite(line*)
                0x0000000008007420                dungeon(dungeon_return&)
 .text          0x00000000080314f4     0x8658 /tmp/cctkrv2L.ltrans1.ltrans.o
                0x00000000080314f4                intros(int)
                0x00000000080316f0                rufus_dungeon(dungeon_return&)
                0x0000000008038a30                keyboard()
                0x0000000008039310                load_save()
 .text          0x0000000008039b4c     0x6534 /tmp/cctkrv2L.ltrans2.ltrans.o
                0x0000000008039b4c                tree_cut()
                0x000000000803b758                rabbit_game()
                0x000000000803cba4                underground()
                0x000000000803f4c8                computer()
 .text          0x0000000008040080     0x4b48 /tmp/cctkrv2L.ltrans3.ltrans.o
                0x0000000008040080                store()
                0x0000000008040a88                kitchen()
                0x00000000080420f4                crystal_ball()
                0x00000000080434ac                boat_game()
 .text          0x0000000008044bc8     0x4d94 /tmp/cctkrv2L.ltrans4.ltrans.o
                0x0000000008044bc8                bn::ivector<bn::sprite_ptr>::clear()
                0x0000000008044c08                bn::display_manager::(anonymous namespace)::_update_rect_windows_hw_boundaries(int) [clone .lto_priv.0]
                0x0000000008044ca4                bn::rect_window::set_boundaries(bn::fixed_t<12>, bn::fixed_t<12>, bn::fixed_t<12>, bn::fixed_t<12>)
                0x0000000008044d78                void _bn::assert::show_args<char [66]>(char const*, char const*, char const*, int, char const (&) [66])
                0x0000000008044d78                void _bn::assert::show_args<char [55]>(char const*, char const*, char const*, int, char const (&) [55])
                0x0000000008044d78                void _bn::assert::show_args<char [24]>(char const*, char const*, char const*, int, char const (&) [24])
                0x0000000008044d78                void _bn::assert::show_args<char [32]>(char const*, char const*, char const*, int, char const (&) [32])
                0x0000000008044d78                void _bn::assert::show_args<char [45]>(char const*, char const*, char const*, int, char const (&) [45])
                0x0000000008044d78                void _bn::assert::show_args<char [54]>(char const*, char const*, char const*, int, char const (&) [54])
                0x0000000008044d78                void _bn::assert::show_args<char [30]>(char const*, char const*, char const*, int, char const (&) [30])
                0x0000000008044d78                void _bn::assert::show_args<char [34]>(char const*, char const*, char const*, int, char const (&) [34])
                0x0000000008044d78                void _bn::assert::show_args<char [26]>(char const*, char const*, char const*, int, char const (&) [26])
                0x0000000008044d78                void _bn::assert::show_args<char [33]>(char const*, char const*, char const*, int, char const (&) [33])
                0x0000000008044d78                void _bn::assert::show_args<char [17]>(char const*, char const*, char const*, int, char const (&) [17])
                0x0000000008044d78                void _bn::assert::show_args<char [15]>(char const*, char const*, char const*, int, char const (&) [15])
                0x0000000008044d78                void _bn::assert::show_args<char [63]>(char const*, char const*, char const*, int, char const (&) [63])
                0x0000000008044d78                void _bn::assert::show_args<char [16]>(char const*, char const*, char const*, int, char const (&) [16])
                0x0000000008044d78                void _bn::assert::show_args<char [18]>(char const*, char const*, char const*, int, char const (&) [18])
                0x0000000008044d78                void _bn::assert::show_args<char [21]>(char const*, char const*, char const*, int, char const (&) [21])
                0x0000000008044d78                void _bn::assert::show_args<char [31]>(char const*, char const*, char const*, int, char const (&) [31])
                0x0000000008044d78                void _bn::assert::show_args<char [22]>(char const*, char const*, char const*, int, char const (&) [22])
                0x0000000008044d78                void _bn::assert::show_args<char [13]>(char const*, char const*, char const*, int, char const (&) [13])
                0x0000000008044d78                void _bn::assert::show_args<char [42]>(char const*, char const*, char const*, int, char const (&) [42])
                0x0000000008044d78                void _bn::assert::show_args<char [46]>(char const*, char const*, char const*, int, char const (&) [46])
                0x0000000008044d78                void _bn::assert::show_args<char [53]>(char const*, char const*, char const*, int, char const (&) [53])
                0x0000000008044d78                void _bn::assert::show_args<char [14]>(char const*, char const*, char const*, int, char const (&) [14])
                0x0000000008044d78                void _bn::assert::show_args<char [19]>(char const*, char const*, char const*, int, char const (&) [19])
                0x0000000008044d78                void _bn::assert::show_args<char [23]>(char const*, char const*, char const*, int, char const (&) [23])
                0x0000000008044d78                void _bn::assert::show_args<char [37]>(char const*, char const*, char const*, int, char const (&) [37])
                0x0000000008044d78                void _bn::assert::show_args<char [25]>(char const*, char const*, char const*, int, char const (&) [25])
                0x0000000008044dc4                bn::optional<bn::regular_bg_ptr>::value() [clone .part.0] [clone .lto_priv.0]
                0x0000000008044dec                bn::sprite_ptr::set_palette(bn::sprite_palette_item const&)
                0x0000000008044f1c                bn::ivector<bn::regular_bg_item const*>::push_back(bn::regular_bg_item const*&&)
                0x0000000008044f60                bn::ivector<character>::push_back(character const&)
                0x0000000008045038                void bn::ostringstream::append<12>(bn::fixed_t<12>)
                0x000000000804510c                void _bn::assert::show_args<char [26], bn::fixed_t<12> >(char const*, char const*, char const*, int, char const (&) [26], bn::fixed_t<12> const&)
                0x000000000804510c                void _bn::assert::show_args<char [17], bn::fixed_t<12> >(char const*, char const*, char const*, int, char const (&) [17], bn::fixed_t<12> const&)
                0x000000000804510c                void _bn::assert::show_args<char [16], bn::fixed_t<12> >(char const*, char const*, char const*, int, char const (&) [16], bn::fixed_t<12> const&)
                0x000000000804510c                void _bn::assert::show_args<char [29], bn::fixed_t<12> >(char const*, char const*, char const*, int, char const (&) [29], bn::fixed_t<12> const&)
                0x000000000804510c                void _bn::assert::show_args<char [25], bn::fixed_t<12> >(char const*, char const*, char const*, int, char const (&) [25], bn::fixed_t<12> const&)
                0x000000000804510c                void _bn::assert::show_args<char [38], bn::fixed_t<12> >(char const*, char const*, char const*, int, char const (&) [38], bn::fixed_t<12> const&)
                0x0000000008045160                bn::bgs_mosaic::set_vertical_stretch(bn::fixed_t<12>)
                0x00000000080451b0                bn::affine_mat_attributes::set_scale(bn::fixed_t<12>, bn::fixed_t<12>)
                0x00000000080452e0                bn::blending::set_intensity_alpha(bn::fixed_t<12>)
                0x0000000008045360                bn::blending::set_transparency_alpha(bn::fixed_t<12>)
                0x00000000080453e4                bn::bgs_mosaic::set_horizontal_stretch(bn::fixed_t<12>)
                0x0000000008045434                bn::display_manager::set_show_bg_in_window(int, void*, bool)
                0x00000000080455b0                void bn::ostringstream::append_args<char [11], int>(char const (&) [11], int const&)
                0x00000000080455b0                void bn::ostringstream::append_args<char [14], int>(char const (&) [14], int const&)
                0x00000000080455b0                void bn::ostringstream::append_args<char [4], int>(char const (&) [4], int const&)
                0x00000000080455c8                void _bn::assert::show_args<char [15], int>(char const*, char const*, char const*, int, char const (&) [15], int const&)
                0x00000000080455c8                void _bn::assert::show_args<char [25], int>(char const*, char const*, char const*, int, char const (&) [25], int const&)
                0x00000000080455c8                void _bn::assert::show_args<char [16], int>(char const*, char const*, char const*, int, char const (&) [16], int const&)
                0x00000000080455c8                void _bn::assert::show_args<char [27], int>(char const*, char const*, char const*, int, char const (&) [27], int const&)
                0x00000000080455c8                void _bn::assert::show_args<char [22], int>(char const*, char const*, char const*, int, char const (&) [22], int const&)
                0x00000000080455c8                void _bn::assert::show_args<char [17], int>(char const*, char const*, char const*, int, char const (&) [17], int const&)
                0x00000000080455c8                void _bn::assert::show_args<char [18], int>(char const*, char const*, char const*, int, char const (&) [18], int const&)
                0x00000000080455c8                void _bn::assert::show_args<char [20], int>(char const*, char const*, char const*, int, char const (&) [20], int const&)
                0x0000000008045614                bn::sprite_ptr::create(bn::fixed_t<12>, bn::fixed_t<12>, bn::sprite_item const&)
                0x0000000008045910                bn::sprite_shape_size::tiles_count(bn::bpp_mode) const
                0x0000000008045a40                void _bn::assert::show_args<char [23], int, char [4], int>(char const*, char const*, char const*, int, char const (&) [23], int const&, char const (&) [4], int const&)
                0x0000000008045a40                void _bn::assert::show_args<char [39], int, char [4], int>(char const*, char const*, char const*, int, char const (&) [39], int const&, char const (&) [4], int const&)
                0x0000000008045a40                void _bn::assert::show_args<char [27], int, char [4], int>(char const*, char const*, char const*, int, char const (&) [27], int const&, char const (&) [4], int const&)
                0x0000000008045a40                void _bn::assert::show_args<char [58], int, char [4], int>(char const*, char const*, char const*, int, char const (&) [58], int const&, char const (&) [4], int const&)
                0x0000000008045a40                void _bn::assert::show_args<char [28], int, char [4], int>(char const*, char const*, char const*, int, char const (&) [28], int const&, char const (&) [4], int const&)
                0x0000000008045a40                void _bn::assert::show_args<char [38], int, char [4], int>(char const*, char const*, char const*, int, char const (&) [38], int const&, char const (&) [4], int const&)
                0x0000000008045a40                void _bn::assert::show_args<char [34], int, char [4], int>(char const*, char const*, char const*, int, char const (&) [34], int const&, char const (&) [4], int const&)
                0x0000000008045a40                void _bn::assert::show_args<char [46], int, char [4], int>(char const*, char const*, char const*, int, char const (&) [46], int const&, char const (&) [4], int const&)
                0x0000000008045a40                void _bn::assert::show_args<char [60], int, char [4], int>(char const*, char const*, char const*, int, char const (&) [60], int const&, char const (&) [4], int const&)
                0x0000000008045a40                void _bn::assert::show_args<char [29], int, char [4], int>(char const*, char const*, char const*, int, char const (&) [29], int const&, char const (&) [4], int const&)
                0x0000000008045a40                void _bn::assert::show_args<char [12], int, char [4], int>(char const*, char const*, char const*, int, char const (&) [12], int const&, char const (&) [4], int const&)
                0x0000000008045a40                void _bn::assert::show_args<char [59], int, char [4], int>(char const*, char const*, char const*, int, char const (&) [59], int const&, char const (&) [4], int const&)
                0x0000000008045a40                void _bn::assert::show_args<char [22], int, char [4], int>(char const*, char const*, char const*, int, char const (&) [22], int const&, char const (&) [4], int const&)
                0x0000000008045a40                void _bn::assert::show_args<char [57], int, char [4], int>(char const*, char const*, char const*, int, char const (&) [57], int const&, char const (&) [4], int const&)
                0x0000000008045a40                void _bn::assert::show_args<char [16], int, char [4], int>(char const*, char const*, char const*, int, char const (&) [16], int const&, char const (&) [4], int const&)
                0x0000000008045a40                void _bn::assert::show_args<char [25], int, char [4], int>(char const*, char const*, char const*, int, char const (&) [25], int const&, char const (&) [4], int const&)
                0x0000000008045a40                void _bn::assert::show_args<char [19], int, char [4], int>(char const*, char const*, char const*, int, char const (&) [19], int const&, char const (&) [4], int const&)
                0x0000000008045a40                void _bn::assert::show_args<char [54], int, char [4], int>(char const*, char const*, char const*, int, char const (&) [54], int const&, char const (&) [4], int const&)
                0x0000000008045aa0                bn::sprite_ptr::create(bn::fixed_t<12>, bn::fixed_t<12>, bn::sprite_item const&, int)
                0x0000000008045bdc                bn::sprite_ptr::set_tiles(bn::sprite_tiles_item const&, int)
 .text.startup  0x000000000804995c     0x1150 /tmp/cctkrv2L.ltrans4.ltrans.o
                0x000000000804995c                main
 .text          0x000000000804aaac     0x7b00 /tmp/cctkrv2L.ltrans5.ltrans.o
                0x000000000804acc8                bn::link_manager::commit()
                0x000000000804ad08                bn::core::(anonymous namespace)::hp_vblank_function() [clone .lto_priv.0]
                0x000000000804aee0                bn::sprites_manager::(anonymous namespace)::_update_indexes_to_commit(bn::sprites_manager_item const&) [clone .lto_priv.0]
                0x000000000804af28                bn::sprites_manager::reload_blending()
                0x000000000804afc0                bn::ostringstream::ostringstream(bn::istring_base&)
                0x000000000804afc0                bn::ostringstream::ostringstream(bn::istring_base&)
                0x000000000804afc8                bn::bg_blocks_manager::decrease_usages(int) [clone .part.0]
                0x000000000804b0a8                bn::hw::palettes::grayscale(int, int, bn::color*)
                0x000000000804b2d0                bn::palettes_bank::find_bpp_4(bn::span<bn::color const> const&, unsigned short)
                0x000000000804b3bc                bn::palettes_bank::retrieve_commit_data() const
                0x000000000804b41c                bn::palettes_bank::_apply_global_effects(int, bn::color*) const
                0x000000000804b81c                bn::optional<bn::sprite_tiles_ptr>::operator*() [clone .part.0] [clone .lto_priv.0]
                0x000000000804b81c                bn::optional<int>::operator*() [clone .part.0] [clone .lto_priv.0]
                0x000000000804c26c                bn::bg_blocks_manager::update() [clone .part.0]
                0x000000000804c47c                bn::sprites_manager::create(bn::fixed_point const&, bn::sprite_shape_size const&, bn::sprite_tiles_ptr&&, bn::sprite_palette_ptr&&)
                0x000000000804c654                bn::sprites_manager::put_below(void*)
                0x000000000804c8a0                bn::sprites_manager::decrease_usages(void*) [clone .part.0]
                0x000000000804ce10                bn::audio_manager::stop_music()
                0x000000000804ce84                bn::core::(anonymous namespace)::stop(bool) [clone .lto_priv.0]
                0x000000000804d098                _bn::assert::show(char const*, char const*, char const*, int, bn::istring_base const&)
                0x000000000804d0f0                bn::bg_blocks_manager::(anonymous namespace)::_create_item(int, int, bool, bn::bg_blocks_manager::(anonymous namespace)::create_data&&) [clone .lto_priv.0]
                0x000000000804d720                int bn::bg_blocks_manager::(anonymous namespace)::_create_impl<(bn::bg_blocks_manager::(anonymous namespace)::create_type)2>(bn::bg_blocks_manager::(anonymous namespace)::create_data&&) [clone .lto_priv.0]
                0x000000000804da10                operator new(unsigned int)
                0x000000000804da34                operator new[](unsigned int)
                0x000000000804db38                bn::memory_manager::ewram_free(void*)
                0x000000000804dc84                operator delete(void*)
                0x000000000804dc90                operator delete(void*, unsigned int)
                0x000000000804dc9c                operator delete[](void*)
                0x000000000804dca8                operator delete[](void*, unsigned int)
                0x000000000804de04                bn::sprite_ptr::set_scale(bn::fixed_t<12>, bn::fixed_t<12>)
                0x000000000804df94                bn::sprites_manager::set_tiles(void*, bn::sprite_tiles_ptr&&)
                0x000000000804e1c4                bn::bg_blocks_manager::set_regular_map_palette(int, bn::bg_palette_ptr&&)
                0x000000000804e514                bn::sprites_manager::set_palette(void*, bn::bpp_mode, bn::sprite_palette_ptr&&)
                0x000000000805005c                bn::core::update()
                0x00000000080500d0                bn::bg_palette_item::uncompress(bn::span<bn::color>) const
                0x00000000080501e8                bn::bg_palette_ptr::find(bn::bg_palette_item const&)
                0x0000000008050344                bn::bg_palette_ptr::create(bn::bg_palette_item const&)
                0x00000000080504ac                bn::sprite_palette_ptr::find(bn::sprite_palette_item const&)
                0x00000000080505cc                bn::sprite_palette_ptr::create(bn::sprite_palette_item const&)
                0x0000000008050610                bn::sprites_manager::create(bn::sprite_builder&&)
                0x0000000008050d90                bn::sprite_palette_ptr::create_new(bn::sprite_palette_item const&)
                0x0000000008050e0c                bn::sprite_ptr::set_item(bn::sprite_item const&)
                0x00000000080513c8                bn::bg_blocks_manager::(anonymous namespace)::_find_tiles_impl(unsigned short const*, bn::compression_type, int, bool) [clone .lto_priv.0]
                0x000000000805157c                bn::ostringstream::append(char const*)
                0x000000000805161c                bn::ostringstream::append(int)
                0x000000000805176c                bn::ostringstream::append(unsigned int)
                0x00000000080517f0                bn::ostringstream::append(void const*)
                0x000000000805190c                bn::bg_blocks_manager::log_status()
                0x0000000008051cf8                bn::ostringstream::_append_fraction(unsigned int, int)
                0x0000000008051de0                bn::palettes_bank::log_status() const
                0x0000000008051f80                bn::sprite_ptr::set_vertical_scale(bn::fixed_t<12>)
                0x00000000080521b4                bn::music::play(bn::music_item, bn::fixed_t<12>)
                0x000000000805224c                bn::sound::play(bn::sound_item, bn::fixed_t<12>)
                0x00000000080522fc                bn::sprite_ptr::set_scale(bn::fixed_t<12>)
 .text.exit     0x00000000080525ac       0x24 /tmp/cctkrv2L.ltrans5.ltrans.o
                0x00000000080525ac                bn::igeneric_pool<16>::~igeneric_pool() [clone .part.0] [clone .lto_priv.0]
                0x00000000080525ac                bn::igeneric_pool<64>::~igeneric_pool() [clone .part.0] [clone .lto_priv.0]
                0x00000000080525ac                bn::igeneric_pool<32>::~igeneric_pool() [clone .part.0] [clone .lto_priv.0]
                0x00000000080525ac                bn::igeneric_pool<8>::~igeneric_pool() [clone .part.0] [clone .lto_priv.0]
                0x00000000080525ac                bn::igeneric_pool<140>::~igeneric_pool() [clone .part.0] [clone .lto_priv.0]
 .text          0x00000000080525d0     0x6270 /tmp/cctkrv2L.ltrans6.ltrans.o
                0x0000000008053480                bn::sprite_text_generator::width(bn::string_view const&) const
                0x00000000080537fc                bn::sprite_text_generator::generate(bn::fixed_t<12>, bn::fixed_t<12>, bn::string_view const&, bn::ivector<bn::sprite_ptr>&) const
                0x0000000008053848                bn::camera_ptr::position() const
                0x000000000805385c                bn::camera_ptr::create(bn::fixed_t<12>, bn::fixed_t<12>)
                0x00000000080538b8                bn::sprite_tiles_manager::(anonymous namespace)::_insert_free_item(int, unsigned short*) [clone .lto_priv.0]
                0x0000000008054620                bn::sprite_tiles_manager::update() [clone .part.0]
                0x0000000008054874                bn::palettes_bank::decrease_usages(int) [clone .part.0]
                0x0000000008054a88                bn::hblank_effects_manager::(anonymous namespace)::_is_uint32(bn::hblank_effects_manager::handler_type) [clone .part.0] [clone .lto_priv.0]
                0x0000000008054ab4                bn::hblank_effects_manager::decrease_usages(int) [clone .part.0]
                0x0000000008054dc4                bn::tile* bn::(anonymous namespace)::_build_sprite<(bn::sprite_size)1, false>(bn::sprite_text_generator const&, bn::sprite_palette_ptr const&, bn::fixed_point const&, bn::ivector<bn::sprite_ptr>&) [clone .lto_priv.0]
                0x000000000805501c                bn::tile* bn::(anonymous namespace)::_build_sprite<(bn::sprite_size)2, false>(bn::sprite_text_generator const&, bn::sprite_palette_ptr const&, bn::fixed_point const&, bn::ivector<bn::sprite_ptr>&) [clone .lto_priv.0]
                0x0000000008055274                bn::hw::sprite_tiles::commit(bn::tile const*, bn::compression_type, int, int) [clone .part.0] [clone .lto_priv.0]
                0x00000000080552a0                bn::sprite_tiles_manager::(anonymous namespace)::_create_item(int, bn::tile const*, bn::compression_type, int, bool) [clone .lto_priv.0]
                0x0000000008055554                bn::sprite_tiles_manager::(anonymous namespace)::_create_impl(bn::tile const*, bn::compression_type, int) [clone .lto_priv.0]
                0x0000000008055db4                bn::sprite_tiles_manager::(anonymous namespace)::_find_impl(bn::tile const*, bn::compression_type, int) [clone .lto_priv.0]
                0x0000000008055fe4                bn::sprite_tiles_manager::log_status()
                0x00000000080562c8                bn::hblank_effects_manager::(anonymous namespace)::item_type::check_update() [clone .lto_priv.0]
                0x0000000008058794                bn::keypad_manager::update()
 .text          0x0000000008058840     0x4f68 /tmp/cctkrv2L.ltrans7.ltrans.o
                0x0000000008058b34                bn::hw::audio::(anonymous namespace)::_update_frame_with_hp_vblank_function() [clone .lto_priv.0]
                0x0000000008058bc4                bn::bgs_manager::put_above(void*)
                0x0000000008058c28                bn::bgs_manager::fill_hblank_effect_regular_positions(int, bn::fixed_t<12> const*, unsigned short*)
                0x0000000008058c60                LinkConnection::stop() [clone .constprop.0]
                0x0000000008058c8c                bn::hw::show::error(bn::string_view const&, bn::string_view const&, bn::string_view const&, int, bn::string_view const&)
                0x0000000008058e64                bn::hw::text::parse(unsigned int, bn::array<char, 32>&)
                0x0000000008058f04                bn::hw::sprite_tiles::plot_tiles(int, bn::tile const*, int, int, int, bn::tile*)
                0x0000000008058f7c                irq_disable
                0x0000000008058fc0                bn::sprite_ptr::set_mosaic_enabled(bool) [clone .constprop.0] [clone .isra.0]
                0x0000000008059014                bn::span<bn::pair<bn::music_item, bn::string_view> const>::operator[](int) const [clone .constprop.0]
                0x000000000805905c                bn::hw::link::_timer_intr()
                0x0000000008059168                bn::hw::audio::(anonymous namespace)::_add_sound_to_queue(int, unsigned short) [clone .lto_priv.0]
                0x0000000008059238                bn::bgs_manager::(anonymous namespace)::_insert_item(bn::bgs_manager::(anonymous namespace)::item_type&) [clone .lto_priv.0]
                0x0000000008059338                bn::hw::link::_serial_intr()
                0x0000000008059568                bn::hw::audio::(anonymous namespace)::_check_sounds_queue() [clone .part.0] [clone .lto_priv.0]
                0x000000000805960c                bn::sorted_sprites::sorter::insert(bn::sprites_manager_item&) [clone .constprop.0]
                0x0000000008059808                room::start_notif(unsigned short) [clone .constprop.0]
                0x0000000008059984                bn::iunordered_map<void const*, int, bn::hash<void const*>, bn::equal_to<void const*> >::erase(bn::iunordered_map<void const*, int, bn::hash<void const*>, bn::equal_to<void const*> >::const_iterator const&) [clone .constprop.0] [clone .isra.0]
                0x0000000008059b70                bn::iunordered_map<bn::tile const*, int, bn::hash<bn::tile const*>, bn::equal_to<bn::tile const*> >::erase(bn::iunordered_map<bn::tile const*, int, bn::hash<bn::tile const*>, bn::equal_to<bn::tile const*> >::const_iterator const&) [clone .constprop.0] [clone .isra.0]
                0x0000000008059d58                bn::sprite_text_generator::sprite_text_generator(bn::sprite_font const&) [clone .constprop.0] [clone .isra.0]
                0x0000000008059fb8                bn::bg_blocks_manager::(anonymous namespace)::items_list::insert_after(int, bn::bg_blocks_manager::(anonymous namespace)::item_type const&) [clone .constprop.0]
                0x000000000805a2e8                void _bn::assert::show_args<char [26], int>(char const*, char const*, char const*, int, char const (&) [26], int const&) [clone .constprop.0]
                0x000000000805a358                void _bn::assert::show_args<char [35], unsigned int>(char const*, char const*, char const*, int, char const (&) [35], unsigned int const&) [clone .constprop.0]
                0x000000000805a428                void _bn::assert::show_args<char [28], bn::string_view>(char const*, char const*, char const*, int, char const (&) [28], bn::string_view const&) [clone .constprop.0]
                0x000000000805a48c                void _bn::assert::show_args<char [68], bn::fixed_t<12>, char [4], bn::fixed_t<12> >(char const*, char const*, char const*, int, char const (&) [68], bn::fixed_t<12> const&, char const (&) [4], bn::fixed_t<12> const&) [clone .constprop.0]
                0x000000000805a4f8                void _bn::assert::show_args<char [44], bn::tile const*, char [4], bn::tile const*>(char const*, char const*, char const*, int, char const (&) [44], bn::tile const* const&, char const (&) [4], bn::tile const* const&) [clone .constprop.0]
                0x000000000805a56c                void _bn::assert::show_args<char [46], int, char [4], unsigned int>(char const*, char const*, char const*, int, char const (&) [46], int const&, char const (&) [4], unsigned int const&) [clone .constprop.0]
                0x000000000805a5e0                void _bn::assert::show_args<char [44], unsigned short const*, char [4], unsigned short const*>(char const*, char const*, char const*, int, char const (&) [44], unsigned short const* const&, char const (&) [4], unsigned short const* const&) [clone .constprop.0]
                0x000000000805a658                void _bn::assert::show_args<char [37], bool, char [4], bool>(char const*, char const*, char const*, int, char const (&) [37], bool const&, char const (&) [4], bool const&) [clone .constprop.0]
                0x000000000805a754                bn::palettes_bank::create_bpp_4(bn::span<bn::color const> const&, unsigned short, bool) [clone .constprop.0] [clone .isra.0]
                0x000000000805aa98                void _bn::assert::show_args<char [28], char [15], bn::tile const*, char [16], int, char [43], bn::string_view>(char const*, char const*, char const*, int, char const (&) [28], char const (&) [15], bn::tile const* const&, char const (&) [16], int const&, char const (&) [43], bn::string_view const&) [clone .constprop.0]
                0x000000000805ac64                bn::affine_bg_ptr::create(bn::fixed_t<12>, bn::fixed_t<12>, bn::affine_bg_item const&)
                0x000000000805bbfc                bn::sprite_tiles_manager::allocate(int, bn::bpp_mode) [clone .constprop.0]
                0x000000000805bd6c                bn::regular_bg_ptr::create(bn::fixed_t<12>, bn::fixed_t<12>, bn::regular_bg_item const&)
                0x000000000805cd00                bn::erase(bn::ivector<bn::bgs_manager::(anonymous namespace)::item_type*>&, bn::bgs_manager::(anonymous namespace)::item_type* const&) [clone .constprop.0] [clone .isra.0]
                0x000000000805ce44                bn::bgs_manager::decrease_usages(void*)
                0x000000000805d004                void _bn::assert::show_args<char [21], unsigned int, char [4], int>(char const*, char const*, char const*, int, char const (&) [21], unsigned int const&, char const (&) [4], int const&) [clone .constprop.0]
                0x000000000805d068                bn::hblank_effects_manager::(anonymous namespace)::_create(void const*, int, bn::hblank_effects_manager::handler_type, bool) [clone .constprop.0]
                0x000000000805d3bc                void _bn::assert::show_args<char [39], bn::tile const*, char [4], int>(char const*, char const*, char const*, int, char const (&) [39], bn::tile const* const&, char const (&) [4], int const&) [clone .constprop.0]
                0x000000000805d42c                void _bn::assert::show_args<char [39], bn::color const*, char [4], int>(char const*, char const*, char const*, int, char const (&) [39], bn::color const* const&, char const (&) [4], int const&) [clone .constprop.0]
                0x000000000805d49c                bn::palettes_bank::create_bpp_8(bn::span<bn::color const> const&, bn::compression_type, bool) [clone .constprop.0]
                0x000000000805d650                bn::bg_palette_ptr::create_new(bn::bg_palette_item const&) [clone .constprop.0]
                0x000000000805d684                bn::(anonymous namespace)::_create_impl(bn::sprite_palette_item const&, bool) [clone .constprop.0]
                0x000000000805d708                bn::(anonymous namespace)::_create_impl(bn::bg_palette_item const&, bool) [clone .constprop.0]
 .text          0x000000000805d7a8     0xa3c4 /tmp/cctkrv2L.ltrans8.ltrans.o
                0x000000000805d7a8                bn::regular_bg_ptr::_destroy() [clone .isra.0]
                0x000000000805d7b4                bn::sprite_ptr::_destroy() [clone .isra.0]
                0x000000000805d7cc                tte_write.isra.0
                0x000000000805d950                irq_add_disabled.isra.0
                0x000000000805d98c                bn::hw::log(bn::istring_base const&) [clone .isra.0]
                0x000000000805d9f4                bn::regular_bg_ptr::set_visible(bool) [clone .isra.0]
                0x000000000805da24                bn::palettes_bank::_same_colors(bn::span<bn::color const> const&, int) const [clone .isra.0]
                0x000000000805da70                bn::palettes_bank::colors_hash(bn::span<bn::color const> const&) [clone .isra.0]
                0x000000000805da98                bn::sprite_ptr::set_visible(bool) [clone .isra.0]
                0x000000000805daf8                bn::sprite_ptr::set_horizontal_flip(bool) [clone .isra.0]
                0x000000000805dbbc                bn::sprite_ptr::set_position(bn::fixed_t<12>, bn::fixed_t<12>) [clone .isra.0]
                0x000000000805dc24                bn::sprite_ptr::set_y(bn::fixed_t<12>) [clone .isra.0]
                0x000000000805dc68                bn::sprite_ptr::set_x(bn::fixed_t<12>) [clone .isra.0]
                0x000000000805dcac                bn::string_view::string_view(char const*) [clone .isra.0]
                0x000000000805dcc8                character::~character() [clone .isra.0]
                0x000000000805dd00                victory::~victory() [clone .isra.0]
                0x000000000805de4c                victory::victory(int, int, int, int, int) [clone .isra.0]
                0x000000000805e0d0                bn::regular_bg_ptr::set_palette(bn::bg_palette_item const&) [clone .constprop.0] [clone .isra.0]
                0x000000000805e218                bn::sprite_animate_action<2>::sprite_animate_action(bn::sprite_ptr const&, int, bn::sprite_tiles_item const&, bool, bn::span<unsigned short const> const&) [clone .constprop.0] [clone .isra.0]
                0x000000000805e2d4                bn::sprite_animate_action<12>::sprite_animate_action(bn::sprite_ptr const&, int, bn::sprite_tiles_item const&, bool, bn::span<unsigned short const> const&) [clone .constprop.0] [clone .isra.0]
                0x000000000805e384                bn::sprite_ptr::set_camera(bn::camera_ptr const&) [clone .isra.0]
                0x000000000805e47c                bn::rect_window::set_camera(bn::camera_ptr const&) [clone .isra.0]
                0x000000000805e53c                character::character(bn::sprite_item, bn::fixed_t<12>, bn::fixed_t<12>, int, int) [clone .isra.0]
                0x000000000805e708                room::~room() [clone .isra.0]
                0x000000000805e8c4                bn::sprite_tiles_manager::create(bn::span<bn::tile const> const&, bn::compression_type) [clone .isra.0]
                0x000000000805e9d4                bn::sprite_tiles_manager::create_new(bn::span<bn::tile const> const&, bn::compression_type) [clone .isra.0]
                0x000000000805eb3c                bn::sprite_tiles_ptr::_destroy() [clone .isra.0]
                0x000000000805ec58                bn::sprite_ptr::set_blending_enabled(bool) [clone .isra.0]
                0x000000000805ecd8                bn::utf8_character::utf8_character(char const&) [clone .isra.0]
                0x000000000805ee14                bn::sound_item::play() const [clone .isra.0]
                0x000000000805ee68                exec_dialogue(int, int) [clone .constprop.0] [clone .isra.0]
                0x0000000008064f5c                bn::sprite_ptr::set_z_order(int) [clone .isra.0]
                0x00000000080650a4                bn::sprite_ptr::put_above() [clone .isra.0]
                0x0000000008065118                bn::regular_bg_ptr::set_position(bn::fixed_t<12>, bn::fixed_t<12>) [clone .isra.0]
                0x000000000806521c                victory_page(int, int) [clone .isra.0]
                0x0000000008065bc8                bn::regular_bg_ptr::set_camera(bn::camera_ptr const&) [clone .isra.0]
                0x0000000008065f04                room::room(short, short, short, short) [clone .isra.0]
                0x0000000008066098                bn::istring::append(char const*, char const*) [clone .isra.0]
                0x0000000008066120                bn::istring::append(char const*, int) [clone .isra.0]
                0x0000000008066194                bn::istring::assign(char const*) [clone .isra.0]
                0x0000000008066208                bn::sprite_builder::sprite_builder(bn::sprite_shape_size const&, bn::sprite_tiles_ptr, bn::sprite_palette_ptr) [clone .isra.0]
                0x0000000008066410                bool bn::(anonymous namespace)::_generate<false>(bn::sprite_text_generator const&, bn::fixed_point const&, bn::string_view const&, bn::iunordered_map<int, int, bn::hash<int>, bn::equal_to<int> > const&, int, int, bool, bn::ivector<bn::sprite_ptr>&) [clone .isra.0]
 .text.startup  0x0000000008067b6c      0x65c /tmp/cctkrv2L.ltrans8.ltrans.o
 .text.exit     0x00000000080681c8      0x290 /tmp/cctkrv2L.ltrans8.ltrans.o
 .text._ZN3_bn6assert9show_argsIJA40_cEEEvPKcS4_S4_iDpRKT_
                0x0000000008068458       0x50 bn_hw_common.bn_noflto.o
                0x0000000008068458                void _bn::assert::show_args<char [40]>(char const*, char const*, char const*, int, char const (&) [40])
 .text.__aeabi_idiv0
                0x00000000080684a8       0x24 bn_hw_common.bn_noflto.o
                0x00000000080684a8                __aeabi_idiv0
 .text          0x00000000080684cc       0x18 bn_hw_core.o
                0x00000000080684cc                bn_hw_soft_reset
 .text          0x00000000080684e4       0x8c tonc_bios.o
                0x00000000080684e4                SoftReset
                0x00000000080684e8                RegisterRamReset
                0x00000000080684ec                Halt
                0x00000000080684f0                Stop
                0x00000000080684f4                IntrWait
                0x00000000080684f8                VBlankIntrWait
                0x00000000080684fc                Div
                0x0000000008068500                DivArm
                0x0000000008068504                Sqrt
                0x0000000008068508                ArcTan
                0x000000000806850c                ArcTan2
                0x0000000008068510                CpuSet
                0x0000000008068514                CpuFastSet
                0x0000000008068518                BiosCheckSum
                0x000000000806851c                BgAffineSet
                0x0000000008068520                ObjAffineSet
                0x0000000008068524                BitUnPack
                0x0000000008068528                LZ77UnCompWram
                0x000000000806852c                LZ77UnCompVram
                0x0000000008068530                HuffUnComp
                0x0000000008068534                RLUnCompWram
                0x0000000008068538                RLUnCompVram
                0x000000000806853c                Diff8bitUnFilterWram
                0x0000000008068540                Diff8bitUnFilterVram
                0x0000000008068544                Diff16bitUnFilter
                0x0000000008068548                SoundBias
                0x000000000806854c                SoundDriverInit
                0x0000000008068550                SoundDriverMode
                0x0000000008068554                SoundDriverMain
                0x0000000008068558                SoundDriverVSync
                0x000000000806855c                SoundChannelClear
                0x0000000008068560                MidiKey2Freq
                0x0000000008068564                MultiBoot
                0x0000000008068568                SoundDriverVSyncOff
                0x000000000806856c                SoundDriverVSyncOn
 .text          0x0000000008068570       0x44 tonc_memcpy.o
                0x0000000008068570                memcpy16
 .text          0x00000000080685b4       0x54 tonc_bios_ex.o
                0x00000000080685b4                VBlankIntrDelay
                0x00000000080685c4                DivSafe
                0x00000000080685d8                Mod
                0x00000000080685e0                DivAbs
                0x00000000080685e8                DivArmMod
                0x00000000080685f0                DivArmAbs
                0x00000000080685f8                CpuFastFill
 .text          0x0000000008068608       0x3c tonc_memset.o
                0x0000000008068608                memset16
 .text          0x0000000008068644      0x264 posprintf.o
                0x0000000008068644                posprintf
 .text          0x00000000080688a8     0x1564 /opt/devkitpro/libgba/lib/libmm.a(mm_mas.o)
                0x000000000806891c                mmStart
                0x000000000806893c                mmJingle
                0x0000000008068942                mmPlayModule
                0x0000000008068a0c                mmPause
                0x0000000008068a28                mmResume
                0x0000000008068a38                mmActive
                0x0000000008068a3e                mmActiveSub
                0x0000000008068a44                mmSetModuleVolume
                0x0000000008068a54                mmSetJingleVolume
                0x0000000008068a90                mmGetPosition
                0x0000000008068a96                mmPosition
                0x0000000008068ab0                mmSetModuleTempo
                0x0000000008068ae2                mmSetModulePitch
                0x0000000008068b24                mmStop
                0x0000000008068bea                mppUpdateSub
                0x0000000008068d46                mpp_Process_VolumeCommand
                0x0000000008068f7e                mpp_Process_Effect
                0x00000000080696cc                ST3_FREQTABLE
                0x0000000008069aec                IT_PitchTable
 .text          0x0000000008069e0c      0x140 /opt/devkitpro/libgba/lib/libmm.a(mm_main.o)
                0x0000000008069e0c                mpp_call_r7
                0x0000000008069e0e                mpp_call_r1
                0x0000000008069e10                mpp_call_r2
                0x0000000008069e12                mpp_call_r3
                0x0000000008069e14                mmSetEventHandler
                0x0000000008069e1c                mmInit
                0x0000000008069e70                mmSetVBlankHandler
                0x0000000008069e76                mmFrame
 .text          0x0000000008069f4c      0x314 /opt/devkitpro/libgba/lib/libmm.a(mm_effect.o)
                0x0000000008069f4c                mmResetEffects
                0x0000000008069f78                mmEffect
                0x0000000008069f8e                mmEffectEx
                0x000000000806a08e                mmEffectActive
                0x000000000806a0c2                mmEffectVolume
                0x000000000806a0de                mmEffectPanning
                0x000000000806a0f2                mmEffectRate
                0x000000000806a106                mmEffectCancel
                0x000000000806a140                mmEffectRelease
                0x000000000806a166                mmEffectScaleRate
                0x000000000806a17a                mmSetEffectsVolume
                0x000000000806a188                mmEffectCancelAll
                0x000000000806a1c8                mmUpdateEffects
 .text          0x000000000806a260      0x1e0 /opt/devkitpro/libgba/lib/libmm.a(mm_mixer_gba.o)
                0x000000000806a260                mmMixerSetSource
                0x000000000806a274                mmMixerSetRead
                0x000000000806a282                mmMixerSetFreq
                0x000000000806a292                mmMixerMulFreq
                0x000000000806a2a6                mmMixerStopChannel
                0x000000000806a2b8                mmMixerChannelActive
                0x000000000806a2ca                mmMixerSetVolume
                0x000000000806a2d8                mmMixerSetPan
                0x000000000806a2e6                mmMixerInit
 .text.sinf     0x000000000806a440       0x7c /opt/devkitpro/devkitARM/bin/../lib/gcc/arm-none-eabi/11.1.0/../../../../arm-none-eabi/lib/thumb/libm.a(lib_a-sf_sin.o)
                0x000000000806a440                sinf
 .text.__ieee754_rem_pio2f
                0x000000000806a4bc      0x2f4 /opt/devkitpro/devkitARM/bin/../lib/gcc/arm-none-eabi/11.1.0/../../../../arm-none-eabi/lib/thumb/libm.a(lib_a-ef_rem_pio2.o)
                0x000000000806a4bc                __ieee754_rem_pio2f
 .text.__kernel_cosf
                0x000000000806a7b0      0x194 /opt/devkitpro/devkitARM/bin/../lib/gcc/arm-none-eabi/11.1.0/../../../../arm-none-eabi/lib/thumb/libm.a(lib_a-kf_cos.o)
                0x000000000806a7b0                __kernel_cosf
 .text.__kernel_rem_pio2f
                0x000000000806a944      0x744 /opt/devkitpro/devkitARM/bin/../lib/gcc/arm-none-eabi/11.1.0/../../../../arm-none-eabi/lib/thumb/libm.a(lib_a-kf_rem_pio2.o)
                0x000000000806a944                __kernel_rem_pio2f
 .text.__kernel_sinf
                0x000000000806b088       0xf4 /opt/devkitpro/devkitARM/bin/../lib/gcc/arm-none-eabi/11.1.0/../../../../arm-none-eabi/lib/thumb/libm.a(lib_a-kf_sin.o)
                0x000000000806b088                __kernel_sinf
 .text.fabsf    0x000000000806b17c        0x8 /opt/devkitpro/devkitARM/bin/../lib/gcc/arm-none-eabi/11.1.0/../../../../arm-none-eabi/lib/thumb/libm.a(lib_a-sf_fabs.o)
                0x000000000806b17c                fabsf
 .text.floorf   0x000000000806b184       0x94 /opt/devkitpro/devkitARM/bin/../lib/gcc/arm-none-eabi/11.1.0/../../../../arm-none-eabi/lib/thumb/libm.a(lib_a-sf_floor.o)
                0x000000000806b184                floorf
 .text.scalbnf  0x000000000806b218       0xb4 /opt/devkitpro/devkitARM/bin/../lib/gcc/arm-none-eabi/11.1.0/../../../../arm-none-eabi/lib/thumb/libm.a(lib_a-sf_scalbn.o)
                0x000000000806b218                scalbnf
 .text          0x000000000806b2cc      0x198 /opt/devkitpro/devkitARM/bin/../lib/gcc/arm-none-eabi/11.1.0/thumb/libgcc.a(_arm_mulsf3.o)
                0x000000000806b2cc                __mulsf3
                0x000000000806b2cc                __aeabi_fmul
 .text          0x000000000806b464       0x3c /opt/devkitpro/devkitARM/bin/../lib/gcc/arm-none-eabi/11.1.0/thumb/libgcc.a(_call_via_rX.o)
                0x000000000806b464                _call_via_r0
                0x000000000806b468                _call_via_r1
                0x000000000806b46c                _call_via_r2
                0x000000000806b470                _call_via_r3
                0x000000000806b474                _call_via_r4
                0x000000000806b478                _call_via_r5
                0x000000000806b47c                _call_via_r6
                0x000000000806b480                _call_via_r7
                0x000000000806b484                _call_via_r8
                0x000000000806b488                _call_via_r9
                0x000000000806b48c                _call_via_sl
                0x000000000806b490                _call_via_fp
                0x000000000806b494                _call_via_ip
                0x000000000806b498                _call_via_sp
                0x000000000806b49c                _call_via_lr
 .text          0x000000000806b4a0      0x424 /opt/devkitpro/devkitARM/bin/../lib/gcc/arm-none-eabi/11.1.0/thumb/libgcc.a(_arm_addsubdf3.o)
                0x000000000806b4a0                __aeabi_drsub
                0x000000000806b4a8                __aeabi_dsub
                0x000000000806b4a8                __subdf3
                0x000000000806b4ac                __adddf3
                0x000000000806b4ac                __aeabi_dadd
                0x000000000806b7bc                __aeabi_ui2d
                0x000000000806b7bc                __floatunsidf
                0x000000000806b7e0                __aeabi_i2d
                0x000000000806b7e0                __floatsidf
                0x000000000806b808                __extendsfdf2
                0x000000000806b808                __aeabi_f2d
                0x000000000806b850                __aeabi_ul2d
                0x000000000806b850                __floatundidf
                0x000000000806b864                __floatdidf
                0x000000000806b864                __aeabi_l2d
 .text          0x000000000806b8c4      0x49c /opt/devkitpro/devkitARM/bin/../lib/gcc/arm-none-eabi/11.1.0/thumb/libgcc.a(_arm_muldivdf3.o)
                0x000000000806b8c4                __aeabi_dmul
                0x000000000806b8c4                __muldf3
                0x000000000806bb54                __aeabi_ddiv
                0x000000000806bb54                __divdf3
 .text          0x000000000806bd60      0x2ac /opt/devkitpro/devkitARM/bin/../lib/gcc/arm-none-eabi/11.1.0/thumb/libgcc.a(_arm_addsubsf3.o)
                0x000000000806bd60                __aeabi_frsub
                0x000000000806bd68                __aeabi_fsub
                0x000000000806bd68                __subsf3
                0x000000000806bd6c                __aeabi_fadd
                0x000000000806bd6c                __addsf3
                0x000000000806bf28                __aeabi_ui2f
                0x000000000806bf28                __floatunsisf
                0x000000000806bf30                __floatsisf
                0x000000000806bf30                __aeabi_i2f
                0x000000000806bf50                __floatundisf
                0x000000000806bf50                __aeabi_ul2f
                0x000000000806bf60                __floatdisf
                0x000000000806bf60                __aeabi_l2f
 .text          0x000000000806c00c      0x114 /opt/devkitpro/devkitARM/bin/../lib/gcc/arm-none-eabi/11.1.0/thumb/libgcc.a(_arm_cmpsf2.o)
                0x000000000806c00c                __gtsf2
                0x000000000806c00c                __gesf2
                0x000000000806c014                __ltsf2
                0x000000000806c014                __lesf2
                0x000000000806c01c                __eqsf2
                0x000000000806c01c                __nesf2
                0x000000000806c01c                __cmpsf2
                0x000000000806c080                __aeabi_cfrcmple
                0x000000000806c090                __aeabi_cfcmple
                0x000000000806c090                __aeabi_cfcmpeq
                0x000000000806c0a8                __aeabi_fcmpeq
                0x000000000806c0c0                __aeabi_fcmplt
                0x000000000806c0d8                __aeabi_fcmple
                0x000000000806c0f0                __aeabi_fcmpge
                0x000000000806c108                __aeabi_fcmpgt
 .text          0x000000000806c120       0x5c /opt/devkitpro/devkitARM/bin/../lib/gcc/arm-none-eabi/11.1.0/thumb/libgcc.a(_arm_fixsfsi.o)
                0x000000000806c120                __fixsfsi
                0x000000000806c120                __aeabi_f2iz
 .text          0x000000000806c17c       0x5c /opt/devkitpro/devkitARM/bin/../lib/gcc/arm-none-eabi/11.1.0/thumb/libgcc.a(_arm_fixdfsi.o)
                0x000000000806c17c                __aeabi_d2iz
                0x000000000806c17c                __fixdfsi
 .text.__libc_init_array
                0x000000000806c1d8       0x50 /opt/devkitpro/devkitARM/bin/../lib/gcc/arm-none-eabi/11.1.0/../../../../arm-none-eabi/lib/thumb/libg.a(lib_a-init.o)
                0x000000000806c1d8                __libc_init_array
 .text.memcpy   0x000000000806c228       0xa8 /opt/devkitpro/devkitARM/bin/../lib/gcc/arm-none-eabi/11.1.0/../../../../arm-none-eabi/lib/thumb/libg.a(lib_a-memcpy-stub.o)
                0x000000000806c228                memcpy
 .text.memmove  0x000000000806c2d0       0xbc /opt/devkitpro/devkitARM/bin/../lib/gcc/arm-none-eabi/11.1.0/../../../../arm-none-eabi/lib/thumb/libg.a(lib_a-memmove.o)
                0x000000000806c2d0                memmove
 .text.memset   0x000000000806c38c       0xb0 /opt/devkitpro/devkitARM/bin/../lib/gcc/arm-none-eabi/11.1.0/../../../../arm-none-eabi/lib/thumb/libg.a(lib_a-memset.o)
                0x000000000806c38c                memset
 .text          0x000000000806c43c      0x224 /opt/devkitpro/devkitARM/bin/../lib/gcc/arm-none-eabi/11.1.0/../../../../arm-none-eabi/lib/thumb/libg.a(lib_a-strcmp.o)
                0x000000000806c43c                strcmp
 .text.strncmp  0x000000000806c660       0x78 /opt/devkitpro/devkitARM/bin/../lib/gcc/arm-none-eabi/11.1.0/../../../../arm-none-eabi/lib/thumb/libg.a(lib_a-strncmp.o)
                0x000000000806c660                strncmp
 .text.strncpy  0x000000000806c6d8       0x74 /opt/devkitpro/devkitARM/bin/../lib/gcc/arm-none-eabi/11.1.0/../../../../arm-none-eabi/lib/thumb/libg.a(lib_a-strncpy.o)
                0x000000000806c6d8                strncpy
 *fill*         0x000000000806c74c        0x4 ff
 .text.strncpy.__stub
                0x000000000806c750       0xf0 linker stubs
 *(.gnu.linkonce.t.*)
 *(.text.*personality*)
 *(.gnu.warning)
 *(.glue_7t)
 .glue_7t       0x000000000806c868        0x0 linker stubs
 *(.glue_7)
 .glue_7        0x000000000806c868        0x0 linker stubs
 *(.vfp11_veneer)
 .vfp11_veneer  0x000000000806c868        0x0 linker stubs
                0x000000000806c868                . = ALIGN (0x4)
                0x000000000806c868                __text_end = .

.v4_bx          0x000000000806c868        0x0
 .v4_bx         0x000000000806c868        0x0 linker stubs

.iplt           0x000000000806c868        0x0
 .iplt          0x000000000806c868        0x0 /opt/devkitpro/devkitARM/bin/../lib/gcc/arm-none-eabi/11.1.0/../../../../arm-none-eabi/lib/thumb/gba_crt0.o

.fini           0x000000000806c868        0xc
 *(.fini)
 .fini          0x000000000806c868        0x4 /opt/devkitpro/devkitARM/bin/../lib/gcc/arm-none-eabi/11.1.0/thumb/crti.o
                0x000000000806c868                _fini
 .fini          0x000000000806c86c        0x8 /opt/devkitpro/devkitARM/bin/../lib/gcc/arm-none-eabi/11.1.0/thumb/crtn.o
                0x000000000806c874                . = ALIGN (0x4)

.rodata         0x000000000806c874   0xf0d1c0
 *(.rodata)
 .rodata        0x000000000806c874      0x820 diana_uke_bn_graphics.o
                0x000000000806c874                diana_uke_bn_graphicsTiles
                0x000000000806d074                diana_uke_bn_graphicsPal
 .rodata        0x000000000806d094      0x100 bb_sprites_bn_graphics.o
                0x000000000806d094                bb_sprites_bn_graphicsTiles
                0x000000000806d174                bb_sprites_bn_graphicsPal
 .rodata        0x000000000806d194     0x5340 s0803_01_bn_graphics.o
                0x000000000806d194                s0803_01_bn_graphicsTiles
                0x0000000008071cb4                s0803_01_bn_graphicsMap
                0x00000000080724b4                s0803_01_bn_graphicsPal
 .rodata        0x00000000080724d4     0x5140 s0703_01_bn_graphics.o
                0x00000000080724d4                s0703_01_bn_graphicsTiles
                0x0000000008076df4                s0703_01_bn_graphicsMap
                0x00000000080775f4                s0703_01_bn_graphicsPal
 .rodata        0x0000000008077614     0x4260 s0603_bn_graphics.o
                0x0000000008077614                s0603_bn_graphicsTiles
                0x000000000807b054                s0603_bn_graphicsMap
                0x000000000807b854                s0603_bn_graphicsPal
 .rodata        0x000000000807b874     0x3cc0 s0302_bn_graphics.o
                0x000000000807b874                s0302_bn_graphicsTiles
                0x000000000807ed14                s0302_bn_graphicsMap
                0x000000000807f514                s0302_bn_graphicsPal
 .rodata        0x000000000807f534     0x4d20 s0203_bn_graphics.o
                0x000000000807f534                s0203_bn_graphicsTiles
                0x0000000008083a34                s0203_bn_graphicsMap
                0x0000000008084234                s0203_bn_graphicsPal
 .rodata        0x0000000008084254     0x4820 s0202_01_bn_graphics.o
                0x0000000008084254                s0202_01_bn_graphicsTiles
                0x0000000008088254                s0202_01_bn_graphicsMap
                0x0000000008088a54                s0202_01_bn_graphicsPal
 .rodata        0x0000000008088a74     0x55e0 s0102_02_bn_graphics.o
                0x0000000008088a74                s0102_02_bn_graphicsTiles
                0x000000000808d834                s0102_02_bn_graphicsMap
                0x000000000808e034                s0102_02_bn_graphicsPal
 .rodata        0x000000000808e054      0x620 tree_stump_bn_graphics.o
                0x000000000808e054                tree_stump_bn_graphicsTiles
                0x000000000808e654                tree_stump_bn_graphicsPal
 .rodata        0x000000000808e674     0x5660 s0406_02_bn_graphics.o
                0x000000000808e674                s0406_02_bn_graphicsTiles
                0x00000000080934b4                s0406_02_bn_graphicsMap
                0x0000000008093cb4                s0406_02_bn_graphicsPal
 .rodata        0x0000000008093cd4     0x5060 s0101_2_bn_graphics.o
                0x0000000008093cd4                s0101_2_bn_graphicsTiles
                0x0000000008098514                s0101_2_bn_graphicsMap
                0x0000000008098d14                s0101_2_bn_graphicsPal
 .rodata        0x0000000008098d34     0x2ee0 s0207_02_bn_graphics.o
                0x0000000008098d34                s0207_02_bn_graphicsTiles
                0x000000000809b3f4                s0207_02_bn_graphicsMap
                0x000000000809bbf4                s0207_02_bn_graphicsPal
 .rodata        0x000000000809bc14     0x3e00 s1005_02_bn_graphics.o
                0x000000000809bc14                s1005_02_bn_graphicsTiles
                0x000000000809f1f4                s1005_02_bn_graphicsMap
                0x000000000809f9f4                s1005_02_bn_graphicsPal
 .rodata        0x000000000809fa14     0x4bc0 s0206_bn_graphics.o
                0x000000000809fa14                s0206_bn_graphicsTiles
                0x00000000080a3db4                s0206_bn_graphicsMap
                0x00000000080a45b4                s0206_bn_graphicsPal
 .rodata        0x00000000080a45d4     0x29c0 s0917_02_bn_graphics.o
                0x00000000080a45d4                s0917_02_bn_graphicsTiles
                0x00000000080a6774                s0917_02_bn_graphicsMap
                0x00000000080a6f74                s0917_02_bn_graphicsPal
 .rodata        0x00000000080a6f94     0x5420 castle01_02_bn_graphics.o
                0x00000000080a6f94                castle01_02_bn_graphicsTiles
                0x00000000080abb94                castle01_02_bn_graphicsMap
                0x00000000080ac394                castle01_02_bn_graphicsPal
 .rodata        0x00000000080ac3b4     0x55c0 s0913_01_bn_graphics.o
                0x00000000080ac3b4                s0913_01_bn_graphicsTiles
                0x00000000080b1154                s0913_01_bn_graphicsMap
                0x00000000080b1954                s0913_01_bn_graphicsPal
 .rodata        0x00000000080b1974     0x54e0 s0913_02_bn_graphics.o
                0x00000000080b1974                s0913_02_bn_graphicsTiles
                0x00000000080b6634                s0913_02_bn_graphicsMap
                0x00000000080b6e34                s0913_02_bn_graphicsPal
 .rodata        0x00000000080b6e54      0x220 arrow_bn_graphics.o
                0x00000000080b6e54                arrow_bn_graphicsTiles
                0x00000000080b7054                arrow_bn_graphicsPal
 .rodata        0x00000000080b7074     0x17a0 real_enoki_03_bn_graphics.o
                0x00000000080b7074                real_enoki_03_bn_graphicsTiles
                0x00000000080b7ff4                real_enoki_03_bn_graphicsMap
                0x00000000080b87f4                real_enoki_03_bn_graphicsPal
 .rodata        0x00000000080b8814     0x30a0 intro_final_2_bn_graphics.o
                0x00000000080b8814                intro_final_2_bn_graphicsTiles
                0x00000000080bb094                intro_final_2_bn_graphicsMap
                0x00000000080bb894                intro_final_2_bn_graphicsPal
 .rodata        0x00000000080bb8b4     0x4ee0 s1003_bn_graphics.o
                0x00000000080bb8b4                s1003_bn_graphicsTiles
                0x00000000080bff74                s1003_bn_graphicsMap
                0x00000000080c0774                s1003_bn_graphicsPal
 .rodata        0x00000000080c0794     0x4e20 s0405_02_bn_graphics.o
                0x00000000080c0794                s0405_02_bn_graphicsTiles
                0x00000000080c4d94                s0405_02_bn_graphicsMap
                0x00000000080c5594                s0405_02_bn_graphicsPal
 .rodata        0x00000000080c55b4     0x4740 velvet_bn_graphics.o
                0x00000000080c55b4                velvet_bn_graphicsTiles
                0x00000000080c94d4                velvet_bn_graphicsMap
                0x00000000080c9cd4                velvet_bn_graphicsPal
 .rodata        0x00000000080c9cf4     0x5640 s0709_02_bn_graphics.o
                0x00000000080c9cf4                s0709_02_bn_graphicsTiles
                0x00000000080ceb14                s0709_02_bn_graphicsMap
                0x00000000080cf314                s0709_02_bn_graphicsPal
 .rodata        0x00000000080cf334     0x5440 castle02_02_bn_graphics.o
                0x00000000080cf334                castle02_02_bn_graphicsTiles
                0x00000000080d3f54                castle02_02_bn_graphicsMap
                0x00000000080d4754                castle02_02_bn_graphicsPal
 .rodata        0x00000000080d4774     0x29c0 s0917_bn_graphics.o
                0x00000000080d4774                s0917_bn_graphicsTiles
                0x00000000080d6914                s0917_bn_graphicsMap
                0x00000000080d7114                s0917_bn_graphicsPal
 .rodata        0x00000000080d7134     0x5620 s0710_02_bn_graphics.o
                0x00000000080d7134                s0710_02_bn_graphicsTiles
                0x00000000080dbf34                s0710_02_bn_graphicsMap
                0x00000000080dc734                s0710_02_bn_graphicsPal
 .rodata        0x00000000080dc754     0x56e0 s0708_bn_graphics.o
                0x00000000080dc754                s0708_bn_graphicsTiles
                0x00000000080e1614                s0708_bn_graphicsMap
                0x00000000080e1e14                s0708_bn_graphicsPal
 .rodata        0x00000000080e1e34      0x820 aaron06_bn_graphics.o
                0x00000000080e1e34                aaron06_bn_graphicsTiles
                0x00000000080e2634                aaron06_bn_graphicsPal
 .rodata        0x00000000080e2654     0x53c0 s0909_01_bn_graphics.o
                0x00000000080e2654                s0909_01_bn_graphicsTiles
                0x00000000080e71f4                s0909_01_bn_graphicsMap
                0x00000000080e79f4                s0909_01_bn_graphicsPal
 .rodata        0x00000000080e7a14     0x37e0 s0301_01_bn_graphics.o
                0x00000000080e7a14                s0301_01_bn_graphicsTiles
                0x00000000080ea9d4                s0301_01_bn_graphicsMap
                0x00000000080eb1d4                s0301_01_bn_graphicsPal
 .rodata        0x00000000080eb1f4     0x5340 s1103_02_bn_graphics.o
                0x00000000080eb1f4                s1103_02_bn_graphicsTiles
                0x00000000080efd14                s1103_02_bn_graphicsMap
                0x00000000080f0514                s1103_02_bn_graphicsPal
 .rodata        0x00000000080f0534     0x56c0 s0905_bn_graphics.o
                0x00000000080f0534                s0905_bn_graphicsTiles
                0x00000000080f53d4                s0905_bn_graphicsMap
                0x00000000080f5bd4                s0905_bn_graphicsPal
 .rodata        0x00000000080f5bf4     0x5360 s0805_bn_graphics.o
                0x00000000080f5bf4                s0805_bn_graphicsTiles
                0x00000000080fa734                s0805_bn_graphicsMap
                0x00000000080faf34                s0805_bn_graphicsPal
 .rodata        0x00000000080faf54     0x56a0 s0705_bn_graphics.o
                0x00000000080faf54                s0705_bn_graphicsTiles
                0x00000000080ffdd4                s0705_bn_graphicsMap
                0x00000000081005d4                s0705_bn_graphicsPal
 .rodata        0x00000000081005f4     0x4ec0 s1008_02_bn_graphics.o
                0x00000000081005f4                s1008_02_bn_graphicsTiles
                0x0000000008104c94                s1008_02_bn_graphicsMap
                0x0000000008105494                s1008_02_bn_graphicsPal
 .rodata        0x00000000081054b4     0x22a0 s0208_02_bn_graphics.o
                0x00000000081054b4                s0208_02_bn_graphicsTiles
                0x0000000008106f34                s0208_02_bn_graphicsMap
                0x0000000008107734                s0208_02_bn_graphicsPal
 .rodata        0x0000000008107754     0x5700 s0404_bn_graphics.o
                0x0000000008107754                s0404_bn_graphicsTiles
                0x000000000810c634                s0404_bn_graphicsMap
                0x000000000810ce34                s0404_bn_graphicsPal
 .rodata        0x000000000810ce54     0x3520 s0916_01_bn_graphics.o
                0x000000000810ce54                s0916_01_bn_graphicsTiles
                0x000000000810fb54                s0916_01_bn_graphicsMap
                0x0000000008110354                s0916_01_bn_graphicsPal
 .rodata        0x0000000008110374    0x46020 battle_aaron_bn_graphics.o
                0x0000000008110374                battle_aaron_bn_graphicsTiles
                0x0000000008156374                battle_aaron_bn_graphicsPal
 .rodata        0x0000000008156394     0x6360 bg_library_bn_graphics.o
                0x0000000008156394                bg_library_bn_graphicsTiles
                0x000000000815bed4                bg_library_bn_graphicsMap
                0x000000000815c6d4                bg_library_bn_graphicsPal
 .rodata        0x000000000815c6f4     0x5420 s0906_bn_graphics.o
                0x000000000815c6f4                s0906_bn_graphicsTiles
                0x00000000081612f4                s0906_bn_graphicsMap
                0x0000000008161af4                s0906_bn_graphicsPal
 .rodata        0x0000000008161b14     0x22a0 s0208_01_bn_graphics.o
                0x0000000008161b14                s0208_01_bn_graphicsTiles
                0x0000000008163594                s0208_01_bn_graphicsMap
                0x0000000008163d94                s0208_01_bn_graphicsPal
 .rodata        0x0000000008163db4     0x3740 s0902_02_bn_graphics.o
                0x0000000008163db4                s0902_02_bn_graphicsTiles
                0x0000000008166cd4                s0902_02_bn_graphicsMap
                0x00000000081674d4                s0902_02_bn_graphicsPal
 .rodata        0x00000000081674f4     0x5440 s0802_02_bn_graphics.o
                0x00000000081674f4                s0802_02_bn_graphicsTiles
                0x000000000816c114                s0802_02_bn_graphicsMap
                0x000000000816c914                s0802_02_bn_graphicsPal
 .rodata        0x000000000816c934     0x56c0 s0702_02_bn_graphics.o
                0x000000000816c934                s0702_02_bn_graphicsTiles
                0x00000000081717d4                s0702_02_bn_graphicsMap
                0x0000000008171fd4                s0702_02_bn_graphicsPal
 .rodata        0x0000000008171ff4     0x3ec0 s0602_02_bn_graphics.o
                0x0000000008171ff4                s0602_02_bn_graphicsTiles
                0x0000000008175694                s0602_02_bn_graphicsMap
                0x0000000008175e94                s0602_02_bn_graphicsPal
 .rodata        0x0000000008175eb4     0x5460 s0718_01_bn_graphics.o
                0x0000000008175eb4                s0718_01_bn_graphicsTiles
                0x000000000817aaf4                s0718_01_bn_graphicsMap
                0x000000000817b2f4                s0718_01_bn_graphicsPal
 .rodata        0x000000000817b314     0x3880 s0301_bn_graphics.o
                0x000000000817b314                s0301_bn_graphicsTiles
                0x000000000817e374                s0301_bn_graphicsMap
                0x000000000817eb74                s0301_bn_graphicsPal
 .rodata        0x000000000817eb94     0x5600 s0103_bn_graphics.o
                0x000000000817eb94                s0103_bn_graphicsTiles
                0x0000000008183974                s0103_bn_graphicsMap
                0x0000000008184174                s0103_bn_graphicsPal
 .rodata        0x0000000008184194     0x5680 s0102_01_bn_graphics.o
                0x0000000008184194                s0102_01_bn_graphicsTiles
                0x0000000008188ff4                s0102_01_bn_graphicsMap
                0x00000000081897f4                s0102_01_bn_graphicsPal
 .rodata        0x0000000008189814     0x3720 s0601_01_bn_graphics.o
                0x0000000008189814                s0601_01_bn_graphicsTiles
                0x000000000818c714                s0601_01_bn_graphicsMap
                0x000000000818cf14                s0601_01_bn_graphicsPal
 .rodata        0x000000000818cf34     0x1560 pc_desktop_bn_graphics.o
                0x000000000818cf34                pc_desktop_bn_graphicsTiles
                0x000000000818dc74                pc_desktop_bn_graphicsMap
                0x000000000818e474                pc_desktop_bn_graphicsPal
 .rodata        0x000000000818e494     0x5700 s0717_02_bn_graphics.o
                0x000000000818e494                s0717_02_bn_graphicsTiles
                0x0000000008193374                s0717_02_bn_graphicsMap
                0x0000000008193b74                s0717_02_bn_graphicsPal
 .rodata        0x0000000008193b94     0x4640 s1009_bn_graphics.o
                0x0000000008193b94                s1009_bn_graphicsTiles
                0x00000000081979b4                s1009_bn_graphicsMap
                0x00000000081981b4                s1009_bn_graphicsPal
 .rodata        0x00000000081981d4     0x4e80 s1008_bn_graphics.o
                0x00000000081981d4                s1008_bn_graphicsTiles
                0x000000000819c834                s1008_bn_graphicsMap
                0x000000000819d034                s1008_bn_graphicsPal
 .rodata        0x000000000819d054     0x4bc0 titlebackground_bn_graphics.o
                0x000000000819d054                titlebackground_bn_graphicsTiles
                0x00000000081a13f4                titlebackground_bn_graphicsMap
                0x00000000081a1bf4                titlebackground_bn_graphicsPal
 .rodata        0x00000000081a1c14      0x820 enoki05_bn_graphics.o
                0x00000000081a1c14                enoki05_bn_graphicsTiles
                0x00000000081a2414                enoki05_bn_graphicsPal
 .rodata        0x00000000081a2434     0x56c0 s0905_01_bn_graphics.o
                0x00000000081a2434                s0905_01_bn_graphicsTiles
                0x00000000081a72d4                s0905_01_bn_graphicsMap
                0x00000000081a7ad4                s0905_01_bn_graphicsPal
 .rodata        0x00000000081a7af4      0x820 diana01_bn_graphics.o
                0x00000000081a7af4                diana01_bn_graphicsTiles
                0x00000000081a82f4                diana01_bn_graphicsPal
 .rodata        0x00000000081a8314     0xe020 maple_victory_anim_bn_graphics.o
                0x00000000081a8314                maple_victory_anim_bn_graphicsTiles
                0x00000000081b6314                maple_victory_anim_bn_graphicsPal
 .rodata        0x00000000081b6334     0x5340 s0910_01_bn_graphics.o
                0x00000000081b6334                s0910_01_bn_graphicsTiles
                0x00000000081bae54                s0910_01_bn_graphicsMap
                0x00000000081bb654                s0910_01_bn_graphicsPal
 .rodata        0x00000000081bb674     0x3780 s0601_bn_graphics.o
                0x00000000081bb674                s0601_bn_graphicsTiles
                0x00000000081be5d4                s0601_bn_graphicsMap
                0x00000000081bedd4                s0601_bn_graphicsPal
 .rodata        0x00000000081bedf4     0x3960 s0502_01_bn_graphics.o
                0x00000000081bedf4                s0502_01_bn_graphicsTiles
                0x00000000081c1f34                s0502_01_bn_graphicsMap
                0x00000000081c2734                s0502_01_bn_graphicsPal
 .rodata        0x00000000081c2754     0x5340 s0205_01_bn_graphics.o
                0x00000000081c2754                s0205_01_bn_graphicsTiles
                0x00000000081c7274                s0205_01_bn_graphicsMap
                0x00000000081c7a74                s0205_01_bn_graphicsPal
 .rodata        0x00000000081c7a94     0x55c0 s0715_02_bn_graphics.o
                0x00000000081c7a94                s0715_02_bn_graphicsTiles
                0x00000000081cc834                s0715_02_bn_graphicsMap
                0x00000000081cd034                s0715_02_bn_graphicsPal
 .rodata        0x00000000081cd054     0x45c0 s1010_bn_graphics.o
                0x00000000081cd054                s1010_bn_graphicsTiles
                0x00000000081d0df4                s1010_bn_graphicsMap
                0x00000000081d15f4                s1010_bn_graphicsPal
 .rodata        0x00000000081d1614     0x5340 s0806_01_bn_graphics.o
                0x00000000081d1614                s0806_01_bn_graphicsTiles
                0x00000000081d6134                s0806_01_bn_graphicsMap
                0x00000000081d6934                s0806_01_bn_graphicsPal
 .rodata        0x00000000081d6954     0x5220 ocean_01_bn_graphics.o
                0x00000000081d6954                ocean_01_bn_graphicsTiles
                0x00000000081db354                ocean_01_bn_graphicsMap
                0x00000000081dbb54                ocean_01_bn_graphicsPal
 .rodata        0x00000000081dbb74      0x220 cave_bat_bn_graphics.o
                0x00000000081dbb74                cave_bat_bn_graphicsTiles
                0x00000000081dbd74                cave_bat_bn_graphicsPal
 .rodata        0x00000000081dbd94      0x820 maple01_bn_graphics.o
                0x00000000081dbd94                maple01_bn_graphicsTiles
                0x00000000081dc594                maple01_bn_graphicsPal
 .rodata        0x00000000081dc5b4     0x2480 cinemint_studios_bn_graphics.o
                0x00000000081dc5b4                cinemint_studios_bn_graphicsTiles
                0x00000000081de214                cinemint_studios_bn_graphicsMap
                0x00000000081dea14                cinemint_studios_bn_graphicsPal
 .rodata        0x00000000081dea34     0x3cc0 s0901_bn_graphics.o
                0x00000000081dea34                s0901_bn_graphicsTiles
                0x00000000081e1ed4                s0901_bn_graphicsMap
                0x00000000081e26d4                s0901_bn_graphicsPal
 .rodata        0x00000000081e26f4     0x53a0 s0910_02_bn_graphics.o
                0x00000000081e26f4                s0910_02_bn_graphicsTiles
                0x00000000081e7274                s0910_02_bn_graphicsMap
                0x00000000081e7a74                s0910_02_bn_graphicsPal
 .rodata        0x00000000081e7a94     0x3020 toutes_spr_bn_graphics.o
                0x00000000081e7a94                toutes_spr_bn_graphicsTiles
                0x00000000081eaa94                toutes_spr_bn_graphicsPal
 .rodata        0x00000000081eaab4     0x4020 s0401_bn_graphics.o
                0x00000000081eaab4                s0401_bn_graphicsTiles
                0x00000000081ee2b4                s0401_bn_graphicsMap
                0x00000000081eeab4                s0401_bn_graphicsPal
 .rodata        0x00000000081eead4     0x3e00 s1005_01_bn_graphics.o
                0x00000000081eead4                s1005_01_bn_graphicsTiles
                0x00000000081f20b4                s1005_01_bn_graphicsMap
                0x00000000081f28b4                s1005_01_bn_graphicsPal
 .rodata        0x00000000081f28d4     0x3d60 s0302_02_bn_graphics.o
                0x00000000081f28d4                s0302_02_bn_graphicsTiles
                0x00000000081f5e14                s0302_02_bn_graphicsMap
                0x00000000081f6614                s0302_02_bn_graphicsPal
 .rodata        0x00000000081f6634     0x4a20 s0104_bn_graphics.o
                0x00000000081f6634                s0104_bn_graphicsTiles
                0x00000000081fa834                s0104_bn_graphicsMap
                0x00000000081fb034                s0104_bn_graphicsPal
 .rodata        0x00000000081fb054     0x5340 bg_explosion_bn_graphics.o
                0x00000000081fb054                bg_explosion_bn_graphicsTiles
                0x00000000081ffb74                bg_explosion_bn_graphicsMap
                0x0000000008200374                bg_explosion_bn_graphicsPal
 .rodata        0x0000000008200394     0x47a0 cinemint_04_bn_graphics.o
                0x0000000008200394                cinemint_04_bn_graphicsTiles
                0x0000000008204314                cinemint_04_bn_graphicsMap
                0x0000000008204b14                cinemint_04_bn_graphicsPal
 .rodata        0x0000000008204b34     0x5660 s0710_bn_graphics.o
                0x0000000008204b34                s0710_bn_graphicsTiles
                0x0000000008209974                s0710_bn_graphicsMap
                0x000000000820a174                s0710_bn_graphicsPal
 .rodata        0x000000000820a194      0x220 power_meter_bn_graphics.o
                0x000000000820a194                power_meter_bn_graphicsTiles
                0x000000000820a394                power_meter_bn_graphicsPal
 .rodata        0x000000000820a3b4     0x3fc0 s0109_bn_graphics.o
                0x000000000820a3b4                s0109_bn_graphicsTiles
                0x000000000820db54                s0109_bn_graphicsMap
                0x000000000820e354                s0109_bn_graphicsPal
 .rodata        0x000000000820e374     0x5340 bg_moody_bn_graphics.o
                0x000000000820e374                bg_moody_bn_graphicsTiles
                0x0000000008212e94                bg_moody_bn_graphicsMap
                0x0000000008213694                bg_moody_bn_graphicsPal
 .rodata        0x00000000082136b4     0x69a0 bg_guy_house_bn_graphics.o
                0x00000000082136b4                bg_guy_house_bn_graphicsTiles
                0x0000000008219834                bg_guy_house_bn_graphicsMap
                0x000000000821a034                bg_guy_house_bn_graphicsPal
 .rodata        0x000000000821a054     0x4f20 s1003_02_bn_graphics.o
                0x000000000821a054                s1003_02_bn_graphicsTiles
                0x000000000821e754                s1003_02_bn_graphicsMap
                0x000000000821ef54                s1003_02_bn_graphicsPal
 .rodata        0x000000000821ef74     0x45c0 s1010_02_bn_graphics.o
                0x000000000821ef74                s1010_02_bn_graphicsTiles
                0x0000000008222d14                s1010_02_bn_graphicsMap
                0x0000000008223514                s1010_02_bn_graphicsPal
 .rodata        0x0000000008223534     0x41e0 s0603_01_bn_graphics.o
                0x0000000008223534                s0603_01_bn_graphicsTiles
                0x0000000008226ef4                s0603_01_bn_graphicsMap
                0x00000000082276f4                s0603_01_bn_graphicsPal
 .rodata        0x0000000008227714      0x820 maple02_bn_graphics.o
                0x0000000008227714                maple02_bn_graphicsTiles
                0x0000000008227f14                maple02_bn_graphicsPal
 .rodata        0x0000000008227f34     0x2020 aaron_walking_spring_bn_graphics.o
                0x0000000008227f34                aaron_walking_spring_bn_graphicsTiles
                0x0000000008229f34                aaron_walking_spring_bn_graphicsPal
 .rodata        0x0000000008229f54     0x38a0 tc_intro_bn_graphics.o
                0x0000000008229f54                tc_intro_bn_graphicsTiles
                0x000000000822cfd4                tc_intro_bn_graphicsMap
                0x000000000822d7d4                tc_intro_bn_graphicsPal
 .rodata        0x000000000822d7f4      0x820 the_tree_bn_graphics.o
                0x000000000822d7f4                the_tree_bn_graphicsTiles
                0x000000000822dff4                the_tree_bn_graphicsPal
 .rodata        0x000000000822e014      0x820 enoki09_bn_graphics.o
                0x000000000822e014                enoki09_bn_graphicsTiles
                0x000000000822e814                enoki09_bn_graphicsPal
 .rodata        0x000000000822e834      0x820 delphine02_bn_graphics.o
                0x000000000822e834                delphine02_bn_graphicsTiles
                0x000000000822f034                delphine02_bn_graphicsPal
 .rodata        0x000000000822f054     0x4b80 s0206_01_bn_graphics.o
                0x000000000822f054                s0206_01_bn_graphicsTiles
                0x00000000082333b4                s0206_01_bn_graphicsMap
                0x0000000008233bb4                s0206_01_bn_graphicsPal
 .rodata        0x0000000008233bd4     0x2020 enoki_walking_pj_bn_graphics.o
                0x0000000008233bd4                enoki_walking_pj_bn_graphicsTiles
                0x0000000008235bd4                enoki_walking_pj_bn_graphicsPal
 .rodata        0x0000000008235bf4      0x820 dialogue_bg_2_bn_graphics.o
                0x0000000008235bf4                dialogue_bg_2_bn_graphicsTiles
                0x00000000082363f4                dialogue_bg_2_bn_graphicsPal
 .rodata        0x0000000008236414     0x5660 s0705_02_bn_graphics.o
                0x0000000008236414                s0705_02_bn_graphicsTiles
                0x000000000823b254                s0705_02_bn_graphicsMap
                0x000000000823ba54                s0705_02_bn_graphicsPal
 .rodata        0x000000000823ba74     0x3780 s0501_01_bn_graphics.o
                0x000000000823ba74                s0501_01_bn_graphicsTiles
                0x000000000823e9d4                s0501_01_bn_graphicsMap
                0x000000000823f1d4                s0501_01_bn_graphicsPal
 .rodata        0x000000000823f1f4     0x5700 s0404_02_bn_graphics.o
                0x000000000823f1f4                s0404_02_bn_graphicsTiles
                0x00000000082440d4                s0404_02_bn_graphicsMap
                0x00000000082448d4                s0404_02_bn_graphicsPal
 .rodata        0x00000000082448f4     0x4500 s1011_01_bn_graphics.o
                0x00000000082448f4                s1011_01_bn_graphicsTiles
                0x00000000082485d4                s1011_01_bn_graphicsMap
                0x0000000008248dd4                s1011_01_bn_graphicsPal
 .rodata        0x0000000008248df4     0x29e0 s0915_01_bn_graphics.o
                0x0000000008248df4                s0915_01_bn_graphicsTiles
                0x000000000824afb4                s0915_01_bn_graphicsMap
                0x000000000824b7b4                s0915_01_bn_graphicsPal
 .rodata        0x000000000824b7d4      0xc20 aaron_sleep_bn_graphics.o
                0x000000000824b7d4                aaron_sleep_bn_graphicsTiles
                0x000000000824c3d4                aaron_sleep_bn_graphicsPal
 .rodata        0x000000000824c3f4    0x1c020 aaron_axe_anim_bn_graphics.o
                0x000000000824c3f4                aaron_axe_anim_bn_graphicsTiles
                0x00000000082683f4                aaron_axe_anim_bn_graphicsPal
 .rodata        0x0000000008268414     0x3020 score_bn_graphics.o
                0x0000000008268414                score_bn_graphicsTiles
                0x000000000826b414                score_bn_graphicsPal
 .rodata        0x000000000826b434     0x4e20 s1006_bn_graphics.o
                0x000000000826b434                s1006_bn_graphicsTiles
                0x000000000826fa34                s1006_bn_graphicsMap
                0x0000000008270234                s1006_bn_graphicsPal
 .rodata        0x0000000008270254     0x52e0 s0806_02_bn_graphics.o
                0x0000000008270254                s0806_02_bn_graphicsTiles
                0x0000000008274d14                s0806_02_bn_graphicsMap
                0x0000000008275514                s0806_02_bn_graphicsPal
 .rodata        0x0000000008275534     0x4d40 s0203_02_bn_graphics.o
                0x0000000008275534                s0203_02_bn_graphicsTiles
                0x0000000008279a54                s0203_02_bn_graphicsMap
                0x000000000827a254                s0203_02_bn_graphicsPal
 .rodata        0x000000000827a274     0x2020 aaron_walking_oo_bn_graphics.o
                0x000000000827a274                aaron_walking_oo_bn_graphicsTiles
                0x000000000827c274                aaron_walking_oo_bn_graphicsPal
 .rodata        0x000000000827c294     0x2020 maple_walking_bn_graphics.o
                0x000000000827c294                maple_walking_bn_graphicsTiles
                0x000000000827e294                maple_walking_bn_graphicsPal
 .rodata        0x000000000827e2b4     0x3020 avocado_bn_graphics.o
                0x000000000827e2b4                avocado_bn_graphicsTiles
                0x00000000082812b4                avocado_bn_graphicsPal
 .rodata        0x00000000082812d4     0x3ca0 s0904_bn_graphics.o
                0x00000000082812d4                s0904_bn_graphicsTiles
                0x0000000008284754                s0904_bn_graphicsMap
                0x0000000008284f54                s0904_bn_graphicsPal
 .rodata        0x0000000008284f74     0x5320 s0804_bn_graphics.o
                0x0000000008284f74                s0804_bn_graphicsTiles
                0x0000000008289a74                s0804_bn_graphicsMap
                0x000000000828a274                s0804_bn_graphicsPal
 .rodata        0x000000000828a294     0x5080 s0704_bn_graphics.o
                0x000000000828a294                s0704_bn_graphicsTiles
                0x000000000828eaf4                s0704_bn_graphicsMap
                0x000000000828f2f4                s0704_bn_graphicsPal
 .rodata        0x000000000828f314     0x5660 s0406_bn_graphics.o
                0x000000000828f314                s0406_bn_graphicsTiles
                0x0000000008294154                s0406_bn_graphicsMap
                0x0000000008294954                s0406_bn_graphicsPal
 .rodata        0x0000000008294974     0x3ca0 s0302_01_bn_graphics.o
                0x0000000008294974                s0302_01_bn_graphicsTiles
                0x0000000008297df4                s0302_01_bn_graphicsMap
                0x00000000082985f4                s0302_01_bn_graphicsPal
 .rodata        0x0000000008298614     0x4d20 s0203_01_bn_graphics.o
                0x0000000008298614                s0203_01_bn_graphicsTiles
                0x000000000829cb14                s0203_01_bn_graphicsMap
                0x000000000829d314                s0203_01_bn_graphicsPal
 .rodata        0x000000000829d334     0x5540 s0103_02_bn_graphics.o
                0x000000000829d334                s0103_02_bn_graphicsTiles
                0x00000000082a2054                s0103_02_bn_graphicsMap
                0x00000000082a2854                s0103_02_bn_graphicsPal
 .rodata        0x00000000082a2874     0x5340 s0204_bn_graphics.o
                0x00000000082a2874                s0204_bn_graphicsTiles
                0x00000000082a7394                s0204_bn_graphicsMap
                0x00000000082a7b94                s0204_bn_graphicsPal
 .rodata        0x00000000082a7bb4     0x2020 enoki_walking_spring_bn_graphics.o
                0x00000000082a7bb4                enoki_walking_spring_bn_graphicsTiles
                0x00000000082a9bb4                enoki_walking_spring_bn_graphicsPal
 .rodata        0x00000000082a9bd4     0x5340 s0204_01_bn_graphics.o
                0x00000000082a9bd4                s0204_01_bn_graphicsTiles
                0x00000000082ae6f4                s0204_01_bn_graphicsMap
                0x00000000082aeef4                s0204_01_bn_graphicsPal
 .rodata        0x00000000082aef14     0x5340 s1101_01_bn_graphics.o
                0x00000000082aef14                s1101_01_bn_graphicsTiles
                0x00000000082b3a34                s1101_01_bn_graphicsMap
                0x00000000082b4234                s1101_01_bn_graphicsPal
 .rodata        0x00000000082b4254     0x2dc0 s0912_bn_graphics.o
                0x00000000082b4254                s0912_bn_graphicsTiles
                0x00000000082b67f4                s0912_bn_graphicsMap
                0x00000000082b6ff4                s0912_bn_graphicsPal
 .rodata        0x00000000082b7014     0x1c20 scout_lab_bn_graphics.o
                0x00000000082b7014                scout_lab_bn_graphicsTiles
                0x00000000082b8c14                scout_lab_bn_graphicsPal
 .rodata        0x00000000082b8c34     0x5440 castle03_02_bn_graphics.o
                0x00000000082b8c34                castle03_02_bn_graphicsTiles
                0x00000000082bd854                castle03_02_bn_graphicsMap
                0x00000000082be054                castle03_02_bn_graphicsPal
 .rodata        0x00000000082be074     0x15e0 real_aaron_01_bn_graphics.o
                0x00000000082be074                real_aaron_01_bn_graphicsTiles
                0x00000000082bee34                real_aaron_01_bn_graphicsMap
                0x00000000082bf634                real_aaron_01_bn_graphicsPal
 .rodata        0x00000000082bf654      0x620 corinne_bn_graphics.o
                0x00000000082bf654                corinne_bn_graphicsTiles
                0x00000000082bfc54                corinne_bn_graphicsPal
 .rodata        0x00000000082bfc74     0x4560 s1002_bn_graphics.o
                0x00000000082bfc74                s1002_bn_graphicsTiles
                0x00000000082c39b4                s1002_bn_graphicsMap
                0x00000000082c41b4                s1002_bn_graphicsPal
 .rodata        0x00000000082c41d4     0x4f20 s1003_01_bn_graphics.o
                0x00000000082c41d4                s1003_01_bn_graphicsTiles
                0x00000000082c88d4                s1003_01_bn_graphicsMap
                0x00000000082c90d4                s1003_01_bn_graphicsPal
 .rodata        0x00000000082c90f4     0x56e0 s0108_02_bn_graphics.o
                0x00000000082c90f4                s0108_02_bn_graphicsTiles
                0x00000000082cdfb4                s0108_02_bn_graphicsMap
                0x00000000082ce7b4                s0108_02_bn_graphicsPal
 .rodata        0x00000000082ce7d4      0x820 aaron02_bn_graphics.o
                0x00000000082ce7d4                aaron02_bn_graphicsTiles
                0x00000000082cefd4                aaron02_bn_graphicsPal
 .rodata        0x00000000082ceff4     0x5040 bg_monch_bn_graphics.o
                0x00000000082ceff4                bg_monch_bn_graphicsTiles