Archive member included to satisfy reference by file (symbol)

/opt/devkitpro/libgba/lib/libmm.a(mm_mas.o)
                              bn_hw_audio.o (mmStart)
/opt/devkitpro/libgba/lib/libmm.a(mm_main.o)
                              /opt/devkitpro/libgba/lib/libmm.a(mm_mas.o) (mmCallback)
/opt/devkitpro/libgba/lib/libmm.a(mm_effect.o)
                              /opt/devkitpro/libgba/lib/libmm.a(mm_main.o) (mmResetEffects)
/opt/devkitpro/libgba/lib/libmm.a(mm_mas_arm.o)
                              /opt/devkitpro/libgba/lib/libmm.a(mm_mas.o) (mmAllocChannel)
/opt/devkitpro/libgba/lib/libmm.a(mm_mixer_gba.o)
                              bn_hw_audio.o (mmVBlank)
/opt/devkitpro/devkitARM/bin/../lib/gcc/arm-none-eabi/11.1.0/../../../../arm-none-eabi/lib/thumb/libstdc++.a(guard.o)
                              main.o (__cxa_guard_acquire)
/opt/devkitpro/devkitARM/bin/../lib/gcc/arm-none-eabi/11.1.0/../../../../arm-none-eabi/lib/thumb/libstdc++.a(guard_error.o)
                              /opt/devkitpro/devkitARM/bin/../lib/gcc/arm-none-eabi/11.1.0/../../../../arm-none-eabi/lib/thumb/libstdc++.a(guard.o) (__gnu_cxx::recursive_init_error::~recursive_init_error())
/opt/devkitpro/devkitARM/bin/../lib/gcc/arm-none-eabi/11.1.0/../../../../arm-none-eabi/lib/thumb/libstdc++.a(si_class_type_info.o)
                              /opt/devkitpro/devkitARM/bin/../lib/gcc/arm-none-eabi/11.1.0/../../../../arm-none-eabi/lib/thumb/libstdc++.a(guard_error.o) (vtable for __cxxabiv1::__si_class_type_info)
/opt/devkitpro/devkitARM/bin/../lib/gcc/arm-none-eabi/11.1.0/../../../../arm-none-eabi/lib/thumb/libstdc++.a(tinfo.o)
                              /opt/devkitpro/devkitARM/bin/../lib/gcc/arm-none-eabi/11.1.0/../../../../arm-none-eabi/lib/thumb/libstdc++.a(si_class_type_info.o) (std::type_info::__is_pointer_p() const)
/opt/devkitpro/devkitARM/bin/../lib/gcc/arm-none-eabi/11.1.0/../../../../arm-none-eabi/lib/thumb/libstdc++.a(class_type_info.o)
                              /opt/devkitpro/devkitARM/bin/../lib/gcc/arm-none-eabi/11.1.0/../../../../arm-none-eabi/lib/thumb/libstdc++.a(si_class_type_info.o) (__cxxabiv1::__class_type_info::__do_upcast(__cxxabiv1::__class_type_info const*, void**) const)
/opt/devkitpro/devkitARM/bin/../lib/gcc/arm-none-eabi/11.1.0/../../../../arm-none-eabi/lib/thumb/libstdc++.a(eh_alloc.o)
                              /opt/devkitpro/devkitARM/bin/../lib/gcc/arm-none-eabi/11.1.0/../../../../arm-none-eabi/lib/thumb/libstdc++.a(guard.o) (__cxa_allocate_exception)
/opt/devkitpro/devkitARM/bin/../lib/gcc/arm-none-eabi/11.1.0/../../../../arm-none-eabi/lib/thumb/libstdc++.a(eh_exception.o)
                              /opt/devkitpro/devkitARM/bin/../lib/gcc/arm-none-eabi/11.1.0/../../../../arm-none-eabi/lib/thumb/libstdc++.a(guard_error.o) (std::exception::~exception())
/opt/devkitpro/devkitARM/bin/../lib/gcc/arm-none-eabi/11.1.0/../../../../arm-none-eabi/lib/thumb/libstdc++.a(eh_terminate.o)
                              /opt/devkitpro/devkitARM/bin/../lib/gcc/arm-none-eabi/11.1.0/../../../../arm-none-eabi/lib/thumb/libstdc++.a(eh_alloc.o) (std::terminate())
/opt/devkitpro/devkitARM/bin/../lib/gcc/arm-none-eabi/11.1.0/../../../../arm-none-eabi/lib/thumb/libstdc++.a(eh_throw.o)
                              /opt/devkitpro/devkitARM/bin/../lib/gcc/arm-none-eabi/11.1.0/../../../../arm-none-eabi/lib/thumb/libstdc++.a(guard.o) (__cxa_throw)
/opt/devkitpro/devkitARM/bin/../lib/gcc/arm-none-eabi/11.1.0/../../../../arm-none-eabi/lib/thumb/libstdc++.a(eh_unex_handler.o)
                              /opt/devkitpro/devkitARM/bin/../lib/gcc/arm-none-eabi/11.1.0/../../../../arm-none-eabi/lib/thumb/libstdc++.a(eh_terminate.o) (__cxxabiv1::__unexpected_handler)
/opt/devkitpro/devkitARM/bin/../lib/gcc/arm-none-eabi/11.1.0/../../../../arm-none-eabi/lib/thumb/libstdc++.a(eh_catch.o)
                              /opt/devkitpro/devkitARM/bin/../lib/gcc/arm-none-eabi/11.1.0/../../../../arm-none-eabi/lib/thumb/libstdc++.a(eh_terminate.o) (__cxa_begin_catch)
/opt/devkitpro/devkitARM/bin/../lib/gcc/arm-none-eabi/11.1.0/../../../../arm-none-eabi/lib/thumb/libstdc++.a(eh_globals.o)
                              /opt/devkitpro/devkitARM/bin/../lib/gcc/arm-none-eabi/11.1.0/../../../../arm-none-eabi/lib/thumb/libstdc++.a(eh_catch.o) (__cxa_get_globals_fast)
/opt/devkitpro/devkitARM/bin/../lib/gcc/arm-none-eabi/11.1.0/../../../../arm-none-eabi/lib/thumb/libstdc++.a(eh_personality.o)
                              /opt/devkitpro/devkitARM/bin/../lib/gcc/arm-none-eabi/11.1.0/../../../../arm-none-eabi/lib/thumb/libstdc++.a(eh_terminate.o) (__gxx_personality_v0)
/opt/devkitpro/devkitARM/bin/../lib/gcc/arm-none-eabi/11.1.0/../../../../arm-none-eabi/lib/thumb/libstdc++.a(eh_term_handler.o)
                              /opt/devkitpro/devkitARM/bin/../lib/gcc/arm-none-eabi/11.1.0/../../../../arm-none-eabi/lib/thumb/libstdc++.a(eh_terminate.o) (__cxxabiv1::__terminate_handler)
[...]
Memory Configuration

Name             Origin             Length             Attributes
rom              0x0000000008000000 0x0000000002000000
iwram            0x0000000003000000 0x0000000000008000
ewram            0x0000000002000000 0x0000000000040000
*default*        0x0000000000000000 0xffffffffffffffff

Linker script and memory map

                0x0000000008000000                __text_start = ORIGIN (rom)
                0x0000000002040000                __eheap_end = (ORIGIN (ewram) + LENGTH (ewram))
                0x0000000003000000                __iwram_start = ORIGIN (iwram)
                0x0000000003008000                __iwram_top = (ORIGIN (iwram) + LENGTH (iwram))
                0x0000000003007fa0                __sp_irq = (__iwram_top - 0x60)
                0x0000000003007f00                __sp_usr = (__sp_irq - 0xa0)
                0x0000000003007ff8                __irq_flags = 0x3007ff8
                0x0000000008000000                . = __text_start

.crt0           0x0000000008000000      0x210
 *(.crt0)
 .crt0          0x0000000008000000      0x210 /opt/devkitpro/devkitARM/bin/../lib/gcc/arm-none-eabi/11.1.0/../../../../arm-none-eabi/lib/thumb/gba_crt0.o
                0x0000000008000000                _start
                0x00000000080000c4                __boot_method
                0x00000000080000c5                __slave_number
                0x00000000080000e0                start_vector
                0x0000000008000210                . = ALIGN (0x4)

.init           0x0000000008000210        0xc
 *(SORT_NONE(.init))
 .init          0x0000000008000210        0x4 /opt/devkitpro/devkitARM/bin/../lib/gcc/arm-none-eabi/11.1.0/thumb/crti.o
                0x0000000008000210                _init
 .init          0x0000000008000214        0x8 /opt/devkitpro/devkitARM/bin/../lib/gcc/arm-none-eabi/11.1.0/thumb/crtn.o

.plt            0x000000000800021c        0x0
 *(.plt)
                0x000000000800021c                . = ALIGN (0x4)

.text           0x0000000008000220    0x1b090
 *(EXCLUDE_FILE(*.iwram*) .text*)
 .text.__do_global_dtors_aux
                0x0000000008000220       0x2c /opt/devkitpro/devkitARM/bin/../lib/gcc/arm-none-eabi/11.1.0/thumb/crtbegin.o
 .text.frame_dummy
                0x000000000800024c       0x24 /opt/devkitpro/devkitARM/bin/../lib/gcc/arm-none-eabi/11.1.0/thumb/crtbegin.o
 .text.__tcf_2  0x0000000008000270       0x18 main.o
 .text.__tcf_1  0x0000000008000288       0x18 main.o
 .text.__tcf_0  0x00000000080002a0       0x18 main.o
 .text._ZN3_bn6assert9show_argsIJA16_ciEEEvPKcS4_S4_iDpRKT_
                0x00000000080002b8       0x58 main.o
                0x00000000080002b8                void _bn::assert::show_args<char [16], int>(char const*, char const*, char const*, int, char const (&) [16], int const&)
 .text.startup.main
                0x0000000008000310      0x51c main.o
                0x0000000008000310                main
 .text._ZN2bn7ivectorINS_10sprite_ptrEE5clearEv
                0x000000000800082c       0x2c main.o
                0x000000000800082c                bn::ivector<bn::sprite_ptr>::clear()
 .text.startup._GLOBAL__sub_I_main
                0x0000000008000858       0xa8 main.o
 .text.exit._GLOBAL__sub_D_main
                0x0000000008000900       0x44 main.o
 .text._ZN3_bn6assert9show_argsIJA15_ciEEEvPKcS4_S4_iDpRKT_
                0x0000000008000944       0x58 common_stats.o
                0x0000000008000944                void _bn::assert::show_args<char [15], int>(char const*, char const*, char const*, int, char const (&) [15], int const&)
 .text._ZN2bn13ostringstream6appendILi12EEEvNS_7fixed_tIXT_EEE
                0x000000000800099c       0xb8 common_stats.o
                0x000000000800099c                void bn::ostringstream::append<12>(bn::fixed_t<12>)
 .text._ZN2bn13audio_manager4initEPFvvES2_
                0x0000000008000a54        0xc bn_audio_manager.o
                0x0000000008000a54                bn::audio_manager::init(void (*)(), void (*)())
 .text._ZN2bn13audio_manager7disableEv
                0x0000000008000a60        0xc bn_audio_manager.o
                0x0000000008000a60                bn::audio_manager::disable()
 .text._ZN2bn13audio_manager22disable_vblank_handlerEv
                0x0000000008000a6c        0xc bn_audio_manager.o
                0x0000000008000a6c                bn::audio_manager::disable_vblank_handler()
 .text._ZN2bn13audio_manager6commitEv
                0x0000000008000a78       0xe0 bn_audio_manager.o
                0x0000000008000a78                bn::audio_manager::commit()
 .text._ZN3_bn6assert9show_argsIJA33_cEEEvPKcS4_S4_iDpRKT_
                0x0000000008000b58       0x50 bn_audio_manager.o
                0x0000000008000b58                void _bn::assert::show_args<char [33]>(char const*, char const*, char const*, int, char const (&) [33])
 .text._ZN3_bn6assert9show_argsIJA25_cEEEvPKcS4_S4_iDpRKT_
                0x0000000008000ba8       0x50 bn_audio_manager.o
                0x0000000008000ba8                void _bn::assert::show_args<char [25]>(char const*, char const*, char const*, int, char const (&) [25])
 .text._ZN3_bn6assert9show_argsIJA21_cEEEvPKcS4_S4_iDpRKT_
                0x0000000008000bf8       0x50 bn_audio_manager.o
                0x0000000008000bf8                void _bn::assert::show_args<char [21]>(char const*, char const*, char const*, int, char const (&) [21])
 .text._ZN3_bn6assert9show_argsIJA15_cEEEvPKcS4_S4_iDpRKT_
                0x0000000008000c48       0x50 bn_audio_manager.o
                0x0000000008000c48                void _bn::assert::show_args<char [15]>(char const*, char const*, char const*, int, char const (&) [15])
 .text._ZN2bn13audio_manager15stop_all_soundsEv
                0x0000000008000c98       0x54 bn_audio_manager.o
                0x0000000008000c98                bn::audio_manager::stop_all_sounds()
 .text._ZN2bn13audio_manager10play_musicENS_10music_itemENS_7fixed_tILi12EEEb
                0x0000000008000cec       0x68 bn_audio_manager.o
                0x0000000008000cec                bn::audio_manager::play_music(bn::music_item, bn::fixed_t<12>, bool)
 .text._ZN2bn13audio_manager10stop_musicEv
                0x0000000008000d54       0x74 bn_audio_manager.o
                0x0000000008000d54                bn::audio_manager::stop_music()
 .text._ZN2bn13audio_manager4stopEv
                0x0000000008000dc8       0x24 bn_audio_manager.o
                0x0000000008000dc8                bn::audio_manager::stop()
 .text._ZN3_bn6assert9show_argsIJA25_cN2bn7fixed_tILi12EEEEEEvPKcS7_S7_iDpRKT_
                0x0000000008000dec      0x11c bn_audio_manager.o
                0x0000000008000dec                void _bn::assert::show_args<char [25], bn::fixed_t<12> >(char const*, char const*, char const*, int, char const (&) [25], bn::fixed_t<12> const&)
 .text._ZNK2bn10music_item4playENS_7fixed_tILi12EEE
                0x0000000008000f08       0x48 bn_audio_manager.o
                0x0000000008000f08                bn::music_item::play(bn::fixed_t<12>) const
 .text.startup._GLOBAL__sub_I__ZN2bn5music7playingEv
                0x0000000008000f50       0x24 bn_audio_manager.o
 .text._ZN2bn17bg_blocks_manager12_GLOBAL__N_125_regular_map_blocks_countEii
                0x0000000008000f74       0x38 bn_bg_blocks_manager.o
 .text._ZN2bn13ostringstream11append_argsIiJA4_ctEEEvRKT_DpRKT0_.isra.0
                0x0000000008000fac       0x24 bn_bg_blocks_manager.o
 .text._ZN2bn13ostringstream11append_argsIiJA4_ciEEEvRKT_DpRKT0_.isra.0
                0x0000000008000fd0       0x24 bn_bg_blocks_manager.o
 .text._ZN2bn17bg_blocks_manager15decrease_usagesEi.part.0
                0x0000000008000ff4       0xc0 bn_bg_blocks_manager.o
 .text._ZNK2bn18regular_bg_map_ptr2idEv
                0x00000000080010b4       0x18 bn_bg_blocks_manager.o
                0x00000000080010b4                bn::regular_bg_map_ptr::id() const
 .text._ZN2bn18regular_bg_map_ptr8_destroyEv
                0x00000000080010cc       0x2c bn_bg_blocks_manager.o
                0x00000000080010cc                bn::regular_bg_map_ptr::_destroy()
 .text._ZNK2bn20regular_bg_tiles_ptr3cbbEv
                0x00000000080010f8       0x18 bn_bg_blocks_manager.o
                0x00000000080010f8                bn::regular_bg_tiles_ptr::cbb() const
 .text._ZNK2bn17affine_bg_map_ptr2idEv
                0x0000000008001110       0x18 bn_bg_blocks_manager.o
                0x0000000008001110                bn::affine_bg_map_ptr::id() const
 .text._ZN2bn17affine_bg_map_ptr8_destroyEv
                0x0000000008001128       0x2c bn_bg_blocks_manager.o
                0x0000000008001128                bn::affine_bg_map_ptr::_destroy()
 .text._ZNK2bn19affine_bg_tiles_ptr3cbbEv
                0x0000000008001154       0x18 bn_bg_blocks_manager.o
                0x0000000008001154                bn::affine_bg_tiles_ptr::cbb() const
 .text._ZN2bn17bg_blocks_manager10log_statusEv
                0x000000000800116c      0x428 bn_bg_blocks_manager.o
                0x000000000800116c                bn::bg_blocks_manager::log_status()
 .text._ZN2bn17bg_blocks_manager11must_commitEi
                0x0000000008001594       0x18 bn_bg_blocks_manager.o
                0x0000000008001594                bn::bg_blocks_manager::must_commit(int)
 .text._ZN3_bn6assert9show_argsIJA27_ciEEEvPKcS4_S4_iDpRKT_
                0x00000000080015ac       0x58 bn_bg_blocks_manager.o
                0x00000000080015ac                void _bn::assert::show_args<char [27], int>(char const*, char const*, char const*, int, char const (&) [27], int const&)
 .text._ZN2bn2hw9bg_blocks6commitEPKtNS_16compression_typeEiPt.part.0
                0x0000000008001604       0x2c bn_bg_blocks_manager.o
 .text._ZN3_bn6assert9show_argsIJA17_ciEEEvPKcS4_S4_iDpRKT_
                0x0000000008001630       0x58 bn_bg_blocks_manager.o
                0x0000000008001630                void _bn::assert::show_args<char [17], int>(char const*, char const*, char const*, int, char const (&) [17], int const&)
 .text._ZNK2bn18regular_bg_map_ptr10dimensionsEv
                0x0000000008001688       0x20 bn_bg_blocks_manager.o
                0x0000000008001688                bn::regular_bg_map_ptr::dimensions() const
 .text._ZNK2bn17affine_bg_map_ptr10dimensionsEv
                0x00000000080016a8       0x20 bn_bg_blocks_manager.o
                0x00000000080016a8                bn::affine_bg_map_ptr::dimensions() const
 .text._ZN3_bn6assert9show_argsIJA26_cEEEvPKcS4_S4_iDpRKT_
                0x00000000080016c8       0x50 bn_bg_blocks_manager.o
                0x00000000080016c8                void _bn::assert::show_args<char [26]>(char const*, char const*, char const*, int, char const (&) [26])
 .text._ZN3_bn6assert9show_argsIJA16_ciA4_ciEEEvPKcS5_S5_iDpRKT_
                0x0000000008001718       0x5c bn_bg_blocks_manager.o
                0x0000000008001718                void _bn::assert::show_args<char [16], int, char [4], int>(char const*, char const*, char const*, int, char const (&) [16], int const&, char const (&) [4], int const&)
 .text._ZN3_bn6assert9show_argsIJA22_ciA4_ciEEEvPKcS5_S5_iDpRKT_
                0x0000000008001774       0x5c bn_bg_blocks_manager.o
                0x0000000008001774                void _bn::assert::show_args<char [22], int, char [4], int>(char const*, char const*, char const*, int, char const (&) [22], int const&, char const (&) [4], int const&)
 .text._ZN3_bn6assert9show_argsIJA22_cEEEvPKcS4_S4_iDpRKT_
                0x00000000080017d0       0x50 bn_bg_blocks_manager.o
                0x00000000080017d0                void _bn::assert::show_args<char [22]>(char const*, char const*, char const*, int, char const (&) [22])
 .text._ZNK2bn17affine_bg_map_ptr5tilesEv
                0x0000000008001820       0x48 bn_bg_blocks_manager.o
                0x0000000008001820                bn::affine_bg_map_ptr::tiles() const
 .text._ZNK2bn18regular_bg_map_ptr5tilesEv
                0x0000000008001868       0x48 bn_bg_blocks_manager.o
                0x0000000008001868                bn::regular_bg_map_ptr::tiles() const
 .text._ZNK2bn18regular_bg_map_ptr7paletteEv
                0x00000000080018b0       0x48 bn_bg_blocks_manager.o
                0x00000000080018b0                bn::regular_bg_map_ptr::palette() const
 .text._ZNK2bn18regular_bg_map_ptr3bppEv
                0x00000000080018f8       0x4c bn_bg_blocks_manager.o
                0x00000000080018f8                bn::regular_bg_map_ptr::bpp() const
 .text._ZN2bn17bg_blocks_manager21update_affine_map_rowEiii
                0x0000000008001944       0xd0 bn_bg_blocks_manager.o
                0x0000000008001944                bn::bg_blocks_manager::update_affine_map_row(int, int, int)
 .text._ZN2bn17bg_blocks_manager23set_affine_map_positionEiii
                0x0000000008001a14      0x148 bn_bg_blocks_manager.o
                0x0000000008001a14                bn::bg_blocks_manager::set_affine_map_position(int, int, int)
 .text._ZN2bn17bg_blocks_manager21update_affine_map_colEiii
                0x0000000008001b5c      0x238 bn_bg_blocks_manager.o
                0x0000000008001b5c                bn::bg_blocks_manager::update_affine_map_col(int, int, int)
 .text._ZN2bn17bg_blocks_manager22update_regular_map_rowEiii
                0x0000000008001d94      0x10c bn_bg_blocks_manager.o
                0x0000000008001d94                bn::bg_blocks_manager::update_regular_map_row(int, int, int)
 .text._ZN2bn17bg_blocks_manager22update_regular_map_colEiii
                0x0000000008001ea0      0x174 bn_bg_blocks_manager.o
                0x0000000008001ea0                bn::bg_blocks_manager::update_regular_map_col(int, int, int)
 .text._ZN2bn17bg_blocks_manager24set_regular_map_positionEiii
                0x0000000008002014      0x17c bn_bg_blocks_manager.o
                0x0000000008002014                bn::bg_blocks_manager::set_regular_map_position(int, int, int)
 .text._ZN2bn17bg_blocks_manager12_GLOBAL__N_112_commit_itemERKNS1_9item_typeE
                0x0000000008002190      0x234 bn_bg_blocks_manager.o
 .text._ZN2bn17bg_blocks_manager6commitEv
                0x00000000080023c4       0x60 bn_bg_blocks_manager.o
                0x00000000080023c4                bn::bg_blocks_manager::commit()
 .text._ZN3_bn6assert9show_argsIJA58_ciA4_ciEEEvPKcS5_S5_iDpRKT_
                0x0000000008002424       0x5c bn_bg_blocks_manager.o
                0x0000000008002424                void _bn::assert::show_args<char [58], int, char [4], int>(char const*, char const*, char const*, int, char const (&) [58], int const&, char const (&) [4], int const&)
 .text._ZN3_bn6assert9show_argsIJA22_ciEEEvPKcS4_S4_iDpRKT_
                0x0000000008002480       0x58 bn_bg_blocks_manager.o
                0x0000000008002480                void _bn::assert::show_args<char [22], int>(char const*, char const*, char const*, int, char const (&) [22], int const&)
 .text._ZN3_bn6assert9show_argsIJA44_cPKtA4_cS4_EEEvPKcS7_S7_iDpRKT_
                0x00000000080024d8       0x6c bn_bg_blocks_manager.o
                0x00000000080024d8                void _bn::assert::show_args<char [44], unsigned short const*, char [4], unsigned short const*>(char const*, char const*, char const*, int, char const (&) [44], unsigned short const* const&, char const (&) [4], unsigned short const* const&)
 .text._ZN3_bn6assert9show_argsIJA46_ciA4_ciEEEvPKcS5_S5_iDpRKT_
                0x0000000008002544       0x5c bn_bg_blocks_manager.o
                0x0000000008002544                void _bn::assert::show_args<char [46], int, char [4], int>(char const*, char const*, char const*, int, char const (&) [46], int const&, char const (&) [4], int const&)
 .text._ZN3_bn6assert9show_argsIJA37_cbA4_cbEEEvPKcS5_S5_iDpRKT_
                0x00000000080025a0       0x84 bn_bg_blocks_manager.o
                0x00000000080025a0                void _bn::assert::show_args<char [37], bool, char [4], bool>(char const*, char const*, char const*, int, char const (&) [37], bool const&, char const (&) [4], bool const&)
 .text._ZN3_bn6assert9show_argsIJA19_cEEEvPKcS4_S4_iDpRKT_
                0x0000000008002624       0x50 bn_bg_blocks_manager.o
                0x0000000008002624                void _bn::assert::show_args<char [19]>(char const*, char const*, char const*, int, char const (&) [19])
 .text._ZN2bn17bg_blocks_manager12_GLOBAL__N_116_find_tiles_implEPKtNS_16compression_typeEib
                0x0000000008002674      0x1f0 bn_bg_blocks_manager.o
 .text._ZN3_bn6assert9show_argsIJA34_ciA4_ctEEEvPKcS5_S5_iDpRKT_
                0x0000000008002864       0x5c bn_bg_blocks_manager.o
                0x0000000008002864                void _bn::assert::show_args<char [34], int, char [4], unsigned short>(char const*, char const*, char const*, int, char const (&) [34], int const&, char const (&) [4], unsigned short const&)
 .text._ZN3_bn6assert9show_argsIJA36_ciA4_ctEEEvPKcS5_S5_iDpRKT_
                0x00000000080028c0       0x5c bn_bg_blocks_manager.o
                0x00000000080028c0                void _bn::assert::show_args<char [36], int, char [4], unsigned short>(char const*, char const*, char const*, int, char const (&) [36], int const&, char const (&) [4], unsigned short const&)
 .text._ZN3_bn6assert9show_argsIJA54_ciA4_ciEEEvPKcS5_S5_iDpRKT_
                0x000000000800291c       0x5c bn_bg_blocks_manager.o
                0x000000000800291c                void _bn::assert::show_args<char [54], int, char [4], int>(char const*, char const*, char const*, int, char const (&) [54], int const&, char const (&) [4], int const&)
 .text._ZN3_bn6assert9show_argsIJA34_ciA4_ciEEEvPKcS5_S5_iDpRKT_
                0x0000000008002978       0x5c bn_bg_blocks_manager.o
                0x0000000008002978                void _bn::assert::show_args<char [34], int, char [4], int>(char const*, char const*, char const*, int, char const (&) [34], int const&, char const (&) [4], int const&)
 .text._ZN3_bn6assert9show_argsIJA38_ciA4_ciEEEvPKcS5_S5_iDpRKT_
                0x00000000080029d4       0x5c bn_bg_blocks_manager.o
                0x00000000080029d4                void _bn::assert::show_args<char [38], int, char [4], int>(char const*, char const*, char const*, int, char const (&) [38], int const&, char const (&) [4], int const&)
 .text._ZN2bn17bg_blocks_manager12_GLOBAL__N_122_find_regular_map_implERKNS_19regular_bg_map_itemERKNS_20regular_bg_tiles_ptrERKNS_14bg_palette_ptrE
                0x0000000008002a30      0x3b0 bn_bg_blocks_manager.o
 .text._ZNK2bn19regular_bg_map_item8find_mapERKNS_20regular_bg_tiles_ptrERKNS_14bg_palette_ptrE
                0x0000000008002de0       0x28 bn_bg_blocks_manager.o
                0x0000000008002de0                bn::regular_bg_map_item::find_map(bn::regular_bg_tiles_ptr const&, bn::bg_palette_ptr const&) const
 .text._ZN3_bn6assert9show_argsIJA32_cA15_cPKtA16_ciA17_ciA43_cN2bn11string_viewEEEEvPKcSC_SC_iDpRKT_
                0x0000000008002e08       0x94 bn_bg_blocks_manager.o
                0x0000000008002e08                void _bn::assert::show_args<char [32], char [15], unsigned short const*, char [16], int, char [17], int, char [43], bn::string_view>(char const*, char const*, char const*, int, char const (&) [32], char const (&) [15], unsigned short const* const&, char const (&) [16], int const&, char const (&) [17], int const&, char const (&) [43], bn::string_view const&)
 .text._ZN3_bn6assert9show_argsIJA46_cEEEvPKcS4_S4_iDpRKT_
                0x0000000008002e9c       0x50 bn_bg_blocks_manager.o
                0x0000000008002e9c                void _bn::assert::show_args<char [46]>(char const*, char const*, char const*, int, char const (&) [46])
 .text._ZN3_bn6assert9show_argsIJA30_cA13_cPKtA14_ciA15_ciA17_ciA43_cN2bn11string_viewEEEEvPKcSD_SD_iDpRKT_
                0x0000000008002eec       0xa8 bn_bg_blocks_manager.o
                0x0000000008002eec                void _bn::assert::show_args<char [30], char [13], unsigned short const*, char [14], int, char [15], int, char [17], int, char [43], bn::string_view>(char const*, char const*, char const*, int, char const (&) [30], char const (&) [13], unsigned short const* const&, char const (&) [14], int const&, char const (&) [15], int const&, char const (&) [17], int const&, char const (&) [43], bn::string_view const&)
 .text._ZN3_bn6assert9show_argsIJA47_cEEEvPKcS4_S4_iDpRKT_
                0x0000000008002f94       0x50 bn_bg_blocks_manager.o
                0x0000000008002f94                void _bn::assert::show_args<char [47]>(char const*, char const*, char const*, int, char const (&) [47])
 .text._ZN3_bn6assert9show_argsIJA20_ciEEEvPKcS4_S4_iDpRKT_
                0x0000000008002fe4       0x58 bn_bg_blocks_manager.o
                0x0000000008002fe4                void _bn::assert::show_args<char [20], int>(char const*, char const*, char const*, int, char const (&) [20], int const&)
 .text._ZN3_bn6assert9show_argsIJA17_cEEEvPKcS4_S4_iDpRKT_
                0x000000000800303c       0x50 bn_bg_blocks_manager.o
                0x000000000800303c                void _bn::assert::show_args<char [17]>(char const*, char const*, char const*, int, char const (&) [17])
 .text._ZN3_bn6assert9show_argsIJA16_cEEEvPKcS4_S4_iDpRKT_
                0x000000000800308c       0x50 bn_bg_blocks_manager.o
                0x000000000800308c                void _bn::assert::show_args<char [16]>(char const*, char const*, char const*, int, char const (&) [16])
 .text._ZN2bn17bg_blocks_manager12_GLOBAL__N_110items_list12insert_afterEiRKNS1_9item_typeE.constprop.0
                0x00000000080030dc      0x2b4 bn_bg_blocks_manager.o
 .text._ZN2bn17bg_blocks_manager4initEv
                0x0000000008003390      0x15c bn_bg_blocks_manager.o
                0x0000000008003390                bn::bg_blocks_manager::init()
 .text._ZN2bn13ostringstream11append_argsIA4_cJiEEEvRKT_DpRKT0_
                0x00000000080034ec       0x18 bn_bg_blocks_manager.o
                0x00000000080034ec                void bn::ostringstream::append_args<char [4], int>(char const (&) [4], int const&)
 .text._ZN3_bn6assert9show_argsIJA39_cPKN2bn4tileEA4_ciEEEvPKcS9_S9_iDpRKT_
                0x0000000008003504       0x64 bn_bg_blocks_manager.o
                0x0000000008003504                void _bn::assert::show_args<char [39], bn::tile const*, char [4], int>(char const*, char const*, char const*, int, char const (&) [39], bn::tile const* const&, char const (&) [4], int const&)
 .text._ZN3_bn6assert9show_argsIJA25_ciEEEvPKcS4_S4_iDpRKT_
                0x0000000008003568       0x58 bn_bg_blocks_manager.o
                0x0000000008003568                void _bn::assert::show_args<char [25], int>(char const*, char const*, char const*, int, char const (&) [25], int const&)
 .text._ZN2bn14iunordered_mapIPKviNS_4hashIS2_EENS_8equal_toIS2_EEE5eraseERKNS7_14const_iteratorE.isra.0
                0x00000000080035c0      0x1a0 bn_bg_blocks_manager.o
 .text._ZN2bn17bg_blocks_manager12_GLOBAL__N_112_create_itemEiibONS1_11create_dataE
                0x0000000008003760      0x5b0 bn_bg_blocks_manager.o
 .text._ZN2bn17bg_blocks_manager12_GLOBAL__N_121_remove_adjacent_itemEiRNS1_9item_typeE
                0x0000000008003d10       0xe0 bn_bg_blocks_manager.o
 .text._ZN2bn17bg_blocks_manager6updateEv.part.0
                0x0000000008003df0      0x210 bn_bg_blocks_manager.o
 .text._ZN2bn17bg_blocks_manager6updateEv
                0x0000000008004000       0x1c bn_bg_blocks_manager.o
                0x0000000008004000                bn::bg_blocks_manager::update()
 .text._ZN2bn17bg_blocks_manager12_GLOBAL__N_112_create_implILNS1_11create_typeE2EEEiONS1_11create_dataE
                0x000000000800401c       0xfc bn_bg_blocks_manager.o
 .text._ZN2bn17bg_blocks_manager18create_regular_mapERKNS_19regular_bg_map_itemEONS_20regular_bg_tiles_ptrEONS_14bg_palette_ptrEb
                0x0000000008004118      0x298 bn_bg_blocks_manager.o
                0x0000000008004118                bn::bg_blocks_manager::create_regular_map(bn::regular_bg_map_item const&, bn::regular_bg_tiles_ptr&&, bn::bg_palette_ptr&&, bool)
 .text._ZN2bn17bg_blocks_manager22create_new_regular_mapERKNS_19regular_bg_map_itemEONS_20regular_bg_tiles_ptrEONS_14bg_palette_ptrEb
                0x00000000080043b0      0x348 bn_bg_blocks_manager.o
                0x00000000080043b0                bn::bg_blocks_manager::create_new_regular_map(bn::regular_bg_map_item const&, bn::regular_bg_tiles_ptr&&, bn::bg_palette_ptr&&, bool)
 .text._ZN2bn17bg_blocks_manager12_GLOBAL__N_112_create_implILNS1_11create_typeE0EEEiONS1_11create_dataE.constprop.0
                0x00000000080046f8      0x19c bn_bg_blocks_manager.o
 .text._ZN2bn17bg_blocks_manager20create_regular_tilesERKNS_21regular_bg_tiles_itemEb
                0x0000000008004894      0x154 bn_bg_blocks_manager.o
                0x0000000008004894                bn::bg_blocks_manager::create_regular_tiles(bn::regular_bg_tiles_item const&, bool)
 .text._ZN2bn18regular_bg_map_ptr6createERKNS_15regular_bg_itemE
                0x00000000080049e8       0x70 bn_bg_blocks_manager.o
                0x00000000080049e8                bn::regular_bg_map_ptr::create(bn::regular_bg_item const&)
 .text._ZN2bn18regular_bg_map_ptr10create_newERKNS_15regular_bg_itemE
                0x0000000008004a58       0x70 bn_bg_blocks_manager.o
                0x0000000008004a58                bn::regular_bg_map_ptr::create_new(bn::regular_bg_item const&)
 .text.startup._GLOBAL__sub_I__ZN2bn7bg_maps16used_cells_countEv
                0x0000000008004ac8       0x88 bn_bg_blocks_manager.o
 .text.exit._GLOBAL__sub_D__ZN2bn7bg_maps16used_cells_countEv
                0x0000000008004b50       0x80 bn_bg_blocks_manager.o
 .text._ZN2bn11bgs_manager12_GLOBAL__N_129_check_unique_regular_big_mapERNS1_9item_typeE.part.0
                0x0000000008004bd0       0x54 bn_bgs_manager.o
 .text._ZN2bn13ostringstream11append_argsIiJA4_ciEEEvRKT_DpRKT0_.isra.0
                0x0000000008004c24       0x24 bn_bgs_manager.o
 .text._ZN2bn11bgs_manager5hw_idEPv
                0x0000000008004c48       0x24 bn_bgs_manager.o
                0x0000000008004c48                bn::bgs_manager::hw_id(void*)
 .text._ZN2bn11bgs_manager11hw_positionEPv
                0x0000000008004c6c        0x4 bn_bgs_manager.o
                0x0000000008004c6c                bn::bgs_manager::hw_position(void*)
 .text._ZN2bn11bgs_manager14mat_attributesEPv
                0x0000000008004c70        0x4 bn_bgs_manager.o
                0x0000000008004c70                bn::bgs_manager::mat_attributes(void*)
 .text._ZN2bn11bgs_manager36fill_hblank_effect_regular_positionsEiPKNS_7fixed_tILi12EEEPt
                0x0000000008004c74       0x38 bn_bgs_manager.o
                0x0000000008004c74                bn::bgs_manager::fill_hblank_effect_regular_positions(int, bn::fixed_t<12> const*, unsigned short*)
 .text._ZN2bn11bgs_manager45fill_hblank_effect_pivot_horizontal_positionsEPvPKNS_7fixed_tILi12EEEPj
                0x0000000008004cac       0x24 bn_bgs_manager.o
                0x0000000008004cac                bn::bgs_manager::fill_hblank_effect_pivot_horizontal_positions(void*, bn::fixed_t<12> const*, unsigned int*)
 .text._ZN2bn11bgs_manager43fill_hblank_effect_pivot_vertical_positionsEPvPKNS_7fixed_tILi12EEEPj
                0x0000000008004cd0       0x24 bn_bgs_manager.o
                0x0000000008004cd0                bn::bgs_manager::fill_hblank_effect_pivot_vertical_positions(void*, bn::fixed_t<12> const*, unsigned int*)
 .text._ZN2bn11bgs_manager6commitEv
                0x0000000008004cf4       0xf8 bn_bgs_manager.o
                0x0000000008004cf4                bn::bgs_manager::commit()
 .text._ZN2bn11bgs_manager4stopEv
                0x0000000008004dec       0x28 bn_bgs_manager.o
                0x0000000008004dec                bn::bgs_manager::stop()
 .text._ZN3_bn6assert9show_argsIJA18_ciEEEvPKcS4_S4_iDpRKT_
                0x0000000008004e14       0x58 bn_bgs_manager.o
                0x0000000008004e14                void _bn::assert::show_args<char [18], int>(char const*, char const*, char const*, int, char const (&) [18], int const&)
 .text._ZN3_bn6assert9show_argsIJA30_cEEEvPKcS4_S4_iDpRKT_
                0x0000000008004e6c       0x50 bn_bgs_manager.o
                0x0000000008004e6c                void _bn::assert::show_args<char [30]>(char const*, char const*, char const*, int, char const (&) [30])
 .text._ZN2bn18regular_bg_builder11release_mapEv
                0x0000000008004ebc       0x50 bn_bgs_manager.o
                0x0000000008004ebc                bn::regular_bg_builder::release_map()
 .text._ZN2bn11bgs_manager15commit_big_mapsEv
                0x0000000008004f0c      0x314 bn_bgs_manager.o
                0x0000000008004f0c                bn::bgs_manager::commit_big_maps()
 .text._ZN2bn11bgs_manager10affine_mapEPv
                0x0000000008005220       0x34 bn_bgs_manager.o
                0x0000000008005220                bn::bgs_manager::affine_map(void*)
 .text._ZN2bn11bgs_manager11regular_mapEPv
                0x0000000008005254       0x34 bn_bgs_manager.o
                0x0000000008005254                bn::bgs_manager::regular_map(void*)
 .text._ZN3_bn6assert9show_argsIJA60_ciA4_ciEEEvPKcS5_S5_iDpRKT_
                0x0000000008005288       0x5c bn_bgs_manager.o
                0x0000000008005288                void _bn::assert::show_args<char [60], int, char [4], int>(char const*, char const*, char const*, int, char const (&) [60], int const&, char const (&) [4], int const&)
 .text._ZN2bn11bgs_manager12_GLOBAL__N_19item_type18update_regular_mapEv
                0x00000000080052e4      0x2b0 bn_bgs_manager.o
 .text._ZN3_bn6assert9show_argsIJA59_ciA4_ciEEEvPKcS5_S5_iDpRKT_
                0x0000000008005594       0x5c bn_bgs_manager.o
                0x0000000008005594                void _bn::assert::show_args<char [59], int, char [4], int>(char const*, char const*, char const*, int, char const (&) [59], int const&, char const (&) [4], int const&)
 .text._ZN3_bn6assert9show_argsIJA57_ciA4_ciEEEvPKcS5_S5_iDpRKT_
                0x00000000080055f0       0x5c bn_bgs_manager.o
                0x00000000080055f0                void _bn::assert::show_args<char [57], int, char [4], int>(char const*, char const*, char const*, int, char const (&) [57], int const&, char const (&) [4], int const&)
 .text._ZN2bn11bgs_manager14update_camerasEv
                0x000000000800564c      0x2d8 bn_bgs_manager.o
                0x000000000800564c                bn::bgs_manager::update_cameras()
 .text._ZN2bn11bgs_manager15set_regular_mapEPvONS_18regular_bg_map_ptrE
                0x0000000008005924       0xbc bn_bgs_manager.o
                0x0000000008005924                bn::bgs_manager::set_regular_map(void*, bn::regular_bg_map_ptr&&)
 .text._ZN2bn14regular_bg_ptr8set_itemERKNS_15regular_bg_itemE
                0x00000000080059e0       0xe0 bn_bgs_manager.o
                0x00000000080059e0                bn::regular_bg_ptr::set_item(bn::regular_bg_item const&)
 .text._ZN3_bn6assert9show_argsIJA24_cEEEvPKcS4_S4_iDpRKT_
                0x0000000008005ac0       0x50 bn_bgs_manager.o
                0x0000000008005ac0                void _bn::assert::show_args<char [24]>(char const*, char const*, char const*, int, char const (&) [24])
 .text._ZN2bn11bgs_manager37fill_hblank_effect_regular_attributesEPvPKNS_21regular_bg_attributesEPt
                0x0000000008005b10      0x124 bn_bgs_manager.o
                0x0000000008005b10                bn::bgs_manager::fill_hblank_effect_regular_attributes(void*, bn::regular_bg_attributes const*, unsigned short*)
 .text._ZN2bn11bgs_manager36fill_hblank_effect_affine_attributesEPvPKNS_20affine_bg_attributesEPt
                0x0000000008005c34      0x11c bn_bgs_manager.o
                0x0000000008005c34                bn::bgs_manager::fill_hblank_effect_affine_attributes(void*, bn::affine_bg_attributes const*, unsigned short*)
 .text._ZN3_bn6assert9show_argsIJA31_cEEEvPKcS4_S4_iDpRKT_
                0x0000000008005d50       0x50 bn_bgs_manager.o
                0x0000000008005d50                void _bn::assert::show_args<char [31]>(char const*, char const*, char const*, int, char const (&) [31])
 .text._ZN2bn11bgs_manager6updateEv
                0x0000000008005da0      0x184 bn_bgs_manager.o
                0x0000000008005da0                bn::bgs_manager::update()
 .text._ZN3_bn6assert9show_argsIJA18_cEEEvPKcS4_S4_iDpRKT_
                0x0000000008005f24       0x50 bn_bgs_manager.o
                0x0000000008005f24                void _bn::assert::show_args<char [18]>(char const*, char const*, char const*, int, char const (&) [18])
 .text._ZN2bn11bgs_manager12_GLOBAL__N_112_insert_itemERNS1_9item_typeE
                0x0000000008005f74      0x100 bn_bgs_manager.o
 .text._ZN3_bn6assert9show_argsIJA13_cEEEvPKcS4_S4_iDpRKT_
                0x0000000008006074       0x50 bn_bgs_manager.o
                0x0000000008006074                void _bn::assert::show_args<char [13]>(char const*, char const*, char const*, int, char const (&) [13])
 .text._ZN2bn11bgs_manager6createEONS_18regular_bg_builderE
                0x00000000080060c4      0x214 bn_bgs_manager.o
                0x00000000080060c4                bn::bgs_manager::create(bn::regular_bg_builder&&)
 .text._ZNK2bn15regular_bg_item9create_bgENS_7fixed_tILi12EEES2_
                0x00000000080062d8       0x80 bn_bgs_manager.o
                0x00000000080062d8                bn::regular_bg_item::create_bg(bn::fixed_t<12>, bn::fixed_t<12>) const
 .text._ZN3_bn6assert9show_argsIJA14_cEEEvPKcS4_S4_iDpRKT_
                0x0000000008006358       0x50 bn_bgs_manager.o
                0x0000000008006358                void _bn::assert::show_args<char [14]>(char const*, char const*, char const*, int, char const (&) [14])
 .text._ZN3_bn6assert9show_argsIJA23_ciA4_ciEEEvPKcS5_S5_iDpRKT_
                0x00000000080063a8       0x5c bn_bgs_manager.o
                0x00000000080063a8                void _bn::assert::show_args<char [23], int, char [4], int>(char const*, char const*, char const*, int, char const (&) [23], int const&, char const (&) [4], int const&)
 .text._ZN2bn5eraseERNS_7ivectorIPNS_11bgs_manager12_GLOBAL__N_19item_typeEEERKS4_.constprop.0.isra.0
                0x0000000008006404      0x144 bn_bgs_manager.o
 .text._ZN2bn11bgs_manager15decrease_usagesEPv
                0x0000000008006548      0x130 bn_bgs_manager.o
                0x0000000008006548                bn::bgs_manager::decrease_usages(void*)
 .text._ZN2bn14regular_bg_ptr8_destroyEv
                0x0000000008006678       0x10 bn_bgs_manager.o
                0x0000000008006678                bn::regular_bg_ptr::_destroy()
 .text._ZN3_bn6assert9show_argsIJA16_cN2bn7fixed_tILi12EEEEEEvPKcS7_S7_iDpRKT_
                0x0000000008006688      0x11c bn_bgs_manager.o
                0x0000000008006688                void _bn::assert::show_args<char [16], bn::fixed_t<12> >(char const*, char const*, char const*, int, char const (&) [16], bn::fixed_t<12> const&)
 .text.startup._GLOBAL__sub_I__ZN2bn3bgs16used_items_countEv
                0x00000000080067a4       0x64 bn_bgs_manager.o
 .text.exit._GLOBAL__sub_D__ZN2bn3bgs16used_items_countEv
                0x0000000008006808       0x38 bn_bgs_manager.o
 .text._ZNK2bn10camera_ptr8positionEv
                0x0000000008006840       0x14 bn_cameras_manager.o
                0x0000000008006840                bn::camera_ptr::position() const
 .text._ZN2bn15cameras_manager6updateEv
                0x0000000008006854       0x28 bn_cameras_manager.o
                0x0000000008006854                bn::cameras_manager::update()
 .text._ZN2bn15cameras_manager4initEv
                0x000000000800687c       0x50 bn_cameras_manager.o
                0x000000000800687c                bn::cameras_manager::init()
 .text._ZN2bn10camera_ptr8_destroyEv
                0x00000000080068cc       0x60 bn_cameras_manager.o
                0x00000000080068cc                bn::camera_ptr::_destroy()
 .text.startup._GLOBAL__sub_I__ZN2bn7cameras16used_items_countEv
                0x000000000800692c       0x2c bn_cameras_manager.o
 .text._ZN2bn4core12_GLOBAL__N_111update_implEv
                0x0000000008006958       0x84 bn_core.o
 .text._ZN2bn4core12_GLOBAL__N_14stopEb
                0x00000000080069dc       0x48 bn_core.o
 .text._ZN2bn4core12_GLOBAL__N_118hp_vblank_functionEv
                0x0000000008006a24       0x24 bn_core.o
 .text._ZN2bn11string_viewC2EPKc
                0x0000000008006a48       0x1c bn_core.o
                0x0000000008006a48                bn::string_view::string_view(char const*)
                0x0000000008006a48                bn::string_view::string_view(char const*)
 .text._ZN2bn4core6updateEv
                0x0000000008006a64       0x74 bn_core.o
                0x0000000008006a64                bn::core::update()
 .text._ZN2bn4core4initERKNS_11string_viewE
                0x0000000008006ad8       0xbc bn_core.o
                0x0000000008006ad8                bn::core::init(bn::string_view const&)
 .text._ZN2bn4core4initEv
                0x0000000008006b94       0x18 bn_core.o
                0x0000000008006b94                bn::core::init()
 .text._ZN3_bn6assert4showEPKcS2_S2_iRKN2bn12istring_baseE
                0x0000000008006bac       0x58 bn_core.o
                0x0000000008006bac                _bn::assert::show(char const*, char const*, char const*, int, bn::istring_base const&)
 .text.startup._GLOBAL__sub_I__ZN2bn4core4initEv
                0x0000000008006c04       0x24 bn_core.o
 .text._ZN2bn15display_manager12_GLOBAL__N_134_update_rect_windows_hw_boundariesEi
                0x0000000008006c28       0x98 bn_display_manager.o
 .text._ZN2bn8blending18transparency_alphaEv
                0x0000000008006cc0        0xc bn_display_manager.o
                0x0000000008006cc0                bn::blending::transparency_alpha()
 .text._ZN2bn15display_manager4initEv
                0x0000000008006ccc       0x48 bn_display_manager.o
                0x0000000008006ccc                bn::display_manager::init()
 .text._ZN2bn15display_manager8set_modeEi
                0x0000000008006d14       0x1c bn_display_manager.o
                0x0000000008006d14                bn::display_manager::set_mode(int)
 .text._ZN2bn15display_manager14set_bg_enabledEib
                0x0000000008006d30       0x1c bn_display_manager.o
                0x0000000008006d30                bn::display_manager::set_bg_enabled(int, bool)
 .text._ZN2bn15display_manager15disable_all_bgsEv
                0x0000000008006d4c       0x18 bn_display_manager.o
                0x0000000008006d4c                bn::display_manager::disable_all_bgs()
 .text._ZN2bn15display_manager36fill_mosaic_hblank_effect_attributesEPKNS_17mosaic_attributesEPt
                0x0000000008006d64       0xb4 bn_display_manager.o
                0x0000000008006d64                bn::display_manager::fill_mosaic_hblank_effect_attributes(bn::mosaic_attributes const*, unsigned short*)
 .text._ZN2bn15display_manager23set_blending_bg_enabledEib
                0x0000000008006e18       0x14 bn_display_manager.o
                0x0000000008006e18                bn::display_manager::set_blending_bg_enabled(int, bool)
 .text._ZN2bn15display_manager27blending_transparency_alphaEv
                0x0000000008006e2c        0xc bn_display_manager.o
                0x0000000008006e2c                bn::display_manager::blending_transparency_alpha()
 .text._ZN2bn15display_manager24blending_intensity_alphaEv
                0x0000000008006e38        0xc bn_display_manager.o
                0x0000000008006e38                bn::display_manager::blending_intensity_alpha()
 .text._ZN2bn15display_manager51fill_blending_transparency_hblank_effect_attributesEPKNS_32blending_transparency_attributesEPt
                0x0000000008006e44       0x3c bn_display_manager.o
                0x0000000008006e44                bn::display_manager::fill_blending_transparency_hblank_effect_attributes(bn::blending_transparency_attributes const*, unsigned short*)
 .text._ZN2bn15display_manager21blending_fade_enabledEv
                0x0000000008006e80       0x10 bn_display_manager.o
                0x0000000008006e80                bn::display_manager::blending_fade_enabled()
 .text._ZN2bn15display_manager39fill_blending_fade_hblank_effect_alphasEPKNS_19blending_fade_alphaEPt
                0x0000000008006e90       0x24 bn_display_manager.o
                0x0000000008006e90                bn::display_manager::fill_blending_fade_hblank_effect_alphas(bn::blending_fade_alpha const*, unsigned short*)
 .text._ZN2bn15display_manager26update_windows_visible_bgsEv
                0x0000000008006eb4       0x10 bn_display_manager.o
                0x0000000008006eb4                bn::display_manager::update_windows_visible_bgs()
 .text._ZN2bn15display_manager36rect_window_hw_horizontal_boundariesEi
                0x0000000008006ec4       0x18 bn_display_manager.o
                0x0000000008006ec4                bn::display_manager::rect_window_hw_horizontal_boundaries(int)
 .text._ZN2bn15display_manager34rect_window_hw_vertical_boundariesEi
                0x0000000008006edc       0x18 bn_display_manager.o
                0x0000000008006edc                bn::display_manager::rect_window_hw_vertical_boundaries(int)
 .text._ZN2bn15display_manager52fill_rect_window_hblank_effect_horizontal_boundariesERKNS_4pairIiiEEPKNS1_INS_7fixed_tILi12EEES6_EEPt
                0x0000000008006ef4      0x13c bn_display_manager.o
                0x0000000008006ef4                bn::display_manager::fill_rect_window_hblank_effect_horizontal_boundaries(bn::pair<int, int> const&, bn::pair<bn::fixed_t<12>, bn::fixed_t<12> > const*, unsigned short*)
 .text._ZN2bn15display_manager50fill_rect_window_hblank_effect_vertical_boundariesERKNS_4pairIiiEEPKNS1_INS_7fixed_tILi12EEES6_EEPt
                0x0000000008007030      0x13c bn_display_manager.o
                0x0000000008007030                bn::display_manager::fill_rect_window_hblank_effect_vertical_boundaries(bn::pair<int, int> const&, bn::pair<bn::fixed_t<12>, bn::fixed_t<12> > const*, unsigned short*)
 .text._ZN2bn15display_manager36fill_green_swap_hblank_effect_statesEPKbPt
                0x000000000800716c       0x38 bn_display_manager.o
                0x000000000800716c                bn::display_manager::fill_green_swap_hblank_effect_states(bool const*, unsigned short*)
 .text._ZN2bn15display_manager14update_camerasEv
                0x00000000080071a4       0x40 bn_display_manager.o
                0x00000000080071a4                bn::display_manager::update_cameras()
 .text._ZN2bn15display_manager6updateEv
                0x00000000080071e4      0x104 bn_display_manager.o
                0x00000000080071e4                bn::display_manager::update()
 .text._ZN2bn15display_manager6commitEv
                0x00000000080072e8      0x2b0 bn_display_manager.o
                0x00000000080072e8                bn::display_manager::commit()
 .text._ZN2bn15display_manager4stopEv
                0x0000000008007598       0x2c bn_display_manager.o
                0x0000000008007598                bn::display_manager::stop()
 .text._ZN2bn15display_manager21set_show_bg_in_windowEiPvb
                0x00000000080075c4      0x17c bn_display_manager.o
                0x00000000080075c4                bn::display_manager::set_show_bg_in_window(int, void*, bool)
 .text._ZN2bn15display_manager26set_show_bg_in_all_windowsEPvb
                0x0000000008007740       0x20 bn_display_manager.o
                0x0000000008007740                bn::display_manager::set_show_bg_in_all_windows(void*, bool)
 .text._ZN2bn13ostringstream11append_argsINS_7fixed_tILi12EEEJA4_cS3_EEEvRKT_DpRKT0_.isra.0
                0x0000000008007760       0xcc bn_display_manager.o
 .text._ZN3_bn6assert9show_argsIJA68_cN2bn7fixed_tILi12EEEA4_cS5_EEEvPKcS8_S8_iDpRKT_
                0x000000000800782c       0x5c bn_display_manager.o
                0x000000000800782c                void _bn::assert::show_args<char [68], bn::fixed_t<12>, char [4], bn::fixed_t<12> >(char const*, char const*, char const*, int, char const (&) [68], bn::fixed_t<12> const&, char const (&) [4], bn::fixed_t<12> const&)
 .text._ZN3_bn6assert9show_argsIJA29_cN2bn7fixed_tILi12EEEEEEvPKcS7_S7_iDpRKT_
                0x0000000008007888      0x11c bn_display_manager.o
                0x0000000008007888                void _bn::assert::show_args<char [29], bn::fixed_t<12> >(char const*, char const*, char const*, int, char const (&) [29], bn::fixed_t<12> const&)
 .text._ZN2bn8blending22set_transparency_alphaENS_7fixed_tILi12EEE
                0x00000000080079a4       0x8c bn_display_manager.o
                0x00000000080079a4                bn::blending::set_transparency_alpha(bn::fixed_t<12>)
 .text.startup._GLOBAL__sub_I__ZNK2bn6window7show_bgERKNS_14regular_bg_ptrE
                0x0000000008007a30       0x8c bn_display_manager.o
 .text.exit._GLOBAL__sub_D__ZNK2bn6window7show_bgERKNS_14regular_bg_ptrE
                0x0000000008007abc       0x48 bn_display_manager.o
 .text._ZN2bn12gpio_manager6commitEv
                0x0000000008007b04       0x48 bn_gpio_manager.o
                0x0000000008007b04                bn::gpio_manager::commit()
 .text._ZN2bn12gpio_manager4stopEv
                0x0000000008007b4c       0x3c bn_gpio_manager.o
                0x0000000008007b4c                bn::gpio_manager::stop()
 .text._ZN2bn7type_idINS_4pairIiiEEEENS_9type_id_tEv
                0x0000000008007b88        0x8 bn_hblank_effects_manager.o
                0x0000000008007b88                bn::type_id_t bn::type_id<bn::pair<int, int> >()
 .text._ZN2bn7type_idINS_33regular_bg_attributes_hbe_handler15last_value_typeEEENS_9type_id_tEv
                0x0000000008007b90        0x8 bn_hblank_effects_manager.o
                0x0000000008007b90                bn::type_id_t bn::type_id<bn::regular_bg_attributes_hbe_handler::last_value_type>()
 .text._ZN2bn7type_idINS_32affine_bg_attributes_hbe_handler15last_value_typeEEENS_9type_id_tEv
                0x0000000008007b98        0x8 bn_hblank_effects_manager.o
                0x0000000008007b98                bn::type_id_t bn::type_id<bn::affine_bg_attributes_hbe_handler::last_value_type>()
 .text._ZN2bn7type_idIiEENS_9type_id_tEv
                0x0000000008007ba0        0x8 bn_hblank_effects_manager.o
                0x0000000008007ba0                bn::type_id_t bn::type_id<int>()
 .text._ZN2bn7type_idINS_47affine_bg_pivot_horizontal_position_hbe_handler15last_value_typeEEENS_9type_id_tEv
                0x0000000008007ba8        0x8 bn_hblank_effects_manager.o
                0x0000000008007ba8                bn::type_id_t bn::type_id<bn::affine_bg_pivot_horizontal_position_hbe_handler::last_value_type>()
 .text._ZN2bn7type_idINS_45affine_bg_pivot_vertical_position_hbe_handler15last_value_typeEEENS_9type_id_tEv
                0x0000000008007bb0        0x8 bn_hblank_effects_manager.o
                0x0000000008007bb0                bn::type_id_t bn::type_id<bn::affine_bg_pivot_vertical_position_hbe_handler::last_value_type>()
 .text._ZN2bn7type_idINS_35sprite_first_attributes_hbe_handler15last_value_typeEEENS_9type_id_tEv
                0x0000000008007bb8        0x8 bn_hblank_effects_manager.o
                0x0000000008007bb8                bn::type_id_t bn::type_id<bn::sprite_first_attributes_hbe_handler::last_value_type>()
 .text._ZN2bn7type_idINS_35sprite_second_attributes_last_valueEEENS_9type_id_tEv
                0x0000000008007bc0        0x8 bn_hblank_effects_manager.o
                0x0000000008007bc0                bn::type_id_t bn::type_id<bn::sprite_second_attributes_last_value>()
 .text._ZN2bn7type_idINS_17sprite_shape_sizeEEENS_9type_id_tEv
                0x0000000008007bc8        0x8 bn_hblank_effects_manager.o
                0x0000000008007bc8                bn::type_id_t bn::type_id<bn::sprite_shape_size>()
 .text._ZN2bn22hblank_effects_manager7disableEv
                0x0000000008007bd0       0x24 bn_hblank_effects_manager.o
                0x0000000008007bd0                bn::hblank_effects_manager::disable()
 .text._ZN2bn22hblank_effects_manager6commitEv
                0x0000000008007bf4       0x74 bn_hblank_effects_manager.o
                0x0000000008007bf4                bn::hblank_effects_manager::commit()
 .text._ZN2bn8optionalINS_29affine_bg_pa_register_hbe_ptrEEdeEv.part.0
                0x0000000008007c68       0x28 bn_hblank_effects_manager.o
 .text._ZN2bn22hblank_effects_manager12_GLOBAL__N_110_is_uint32ENS0_12handler_typeE.part.0
                0x0000000008007c90       0x2c bn_hblank_effects_manager.o
 .text._ZN3_bn6assert9show_argsIJA66_cEEEvPKcS4_S4_iDpRKT_
                0x0000000008007cbc       0x50 bn_hblank_effects_manager.o
                0x0000000008007cbc                void _bn::assert::show_args<char [66]>(char const*, char const*, char const*, int, char const (&) [66])
 .text._ZN3_bn6assert9show_argsIJA63_cEEEvPKcS4_S4_iDpRKT_
                0x0000000008007d0c       0x50 bn_hblank_effects_manager.o
                0x0000000008007d0c                void _bn::assert::show_args<char [63]>(char const*, char const*, char const*, int, char const (&) [63])
 .text._ZN3_bn6assert9show_argsIJA34_cEEEvPKcS4_S4_iDpRKT_
                0x0000000008007d5c       0x50 bn_hblank_effects_manager.o
                0x0000000008007d5c                void _bn::assert::show_args<char [34]>(char const*, char const*, char const*, int, char const (&) [34])
 .text._ZN2bn22hblank_effects_manager12_GLOBAL__N_19item_type18_check_update_implINS_32affine_bg_attributes_hbe_handlerEEEbv
                0x0000000008007dac      0x1bc bn_hblank_effects_manager.o
 .text._ZN2bn22hblank_effects_manager12_GLOBAL__N_19item_type18_check_update_implINS_33regular_bg_attributes_hbe_handlerEEEbv
                0x0000000008007f68      0x1dc bn_hblank_effects_manager.o
 .text._ZN2bn22hblank_effects_manager12_GLOBAL__N_19item_type12check_updateEv
                0x0000000008008144     0x2828 bn_hblank_effects_manager.o
 .text._ZN2bn22hblank_effects_manager6updateEv
                0x000000000800a96c      0x220 bn_hblank_effects_manager.o
                0x000000000800a96c                bn::hblank_effects_manager::update()
 .text._ZN2bn22hblank_effects_manager4initEv
                0x000000000800ab8c       0xe0 bn_hblank_effects_manager.o
                0x000000000800ab8c                bn::hblank_effects_manager::init()
 .text._ZN3_bn6assert9show_argsIJA39_cPKN2bn5colorEA4_ciEEEvPKcS9_S9_iDpRKT_
                0x000000000800ac6c       0x64 bn_hblank_effects_manager.o
                0x000000000800ac6c                void _bn::assert::show_args<char [39], bn::color const*, char [4], int>(char const*, char const*, char const*, int, char const (&) [39], bn::color const* const&, char const (&) [4], int const&)
 .text.startup._GLOBAL__sub_I__ZN2bn4hbes10used_countEv
                0x000000000800acd0      0x100 bn_hblank_effects_manager.o
 .text.exit._GLOBAL__sub_D__ZN2bn4hbes10used_countEv
                0x000000000800add0       0x40 bn_hblank_effects_manager.o
 .text._ZN2bn12hdma_manager7disableEv
                0x000000000800ae10       0x30 bn_hdma_manager.o
                0x000000000800ae10                bn::hdma_manager::disable()
 .text._ZN2bn12hdma_manager10force_stopEv
                0x000000000800ae40       0x3c bn_hdma_manager.o
                0x000000000800ae40                bn::hdma_manager::force_stop()
 .text._ZN2bn12hdma_manager6updateEv
                0x000000000800ae7c       0x6c bn_hdma_manager.o
                0x000000000800ae7c                bn::hdma_manager::update()
 .text._ZN2bn12hdma_manager6commitEv
                0x000000000800aee8       0xd0 bn_hdma_manager.o
                0x000000000800aee8                bn::hdma_manager::commit()
 .text.startup._GLOBAL__sub_I__ZN2bn4hdma7runningEv
                0x000000000800afb8       0x34 bn_hdma_manager.o
 .text._ZN2bn6keypad9a_pressedEv
                0x000000000800afec       0x10 bn_keypad_manager.o
                0x000000000800afec                bn::keypad::a_pressed()
 .text._ZN2bn14keypad_manager4stopEv
                0x000000000800affc        0x4 bn_keypad_manager.o
                0x000000000800affc                bn::keypad_manager::stop()
 .text._ZN3_bn6assert9show_argsIJA19_ciA4_ciEEEvPKcS5_S5_iDpRKT_
                0x000000000800b000       0x6c bn_keypad_manager.o
                0x000000000800b000                void _bn::assert::show_args<char [19], int, char [4], int>(char const*, char const*, char const*, int, char const (&) [19], int const&, char const (&) [4], int const&)
 .text._ZN2bn14keypad_manager6updateEv
                0x000000000800b06c       0xa8 bn_keypad_manager.o
                0x000000000800b06c                bn::keypad_manager::update()
 .text._ZN3_bn6assert9show_argsIJA24_ciEEEvPKcS4_S4_iDpRKT_
                0x000000000800b114       0x58 bn_keypad_manager.o
                0x000000000800b114                void _bn::assert::show_args<char [24], int>(char const*, char const*, char const*, int, char const (&) [24], int const&)
 .text._ZN2bn14keypad_manager4initERKNS_11string_viewE
                0x000000000800b16c       0x58 bn_keypad_manager.o
                0x000000000800b16c                bn::keypad_manager::init(bn::string_view const&)
 .text._ZN2bn12link_manager4initEv
                0x000000000800b1c4       0xd0 bn_link_manager.o
                0x000000000800b1c4                bn::link_manager::init()
 .text._ZN2bn12link_manager7disableEv
                0x000000000800b294       0x90 bn_link_manager.o
                0x000000000800b294                bn::link_manager::disable()
 .text._ZN2bn12link_manager6commitEv
                0x000000000800b324       0x40 bn_link_manager.o
                0x000000000800b324                bn::link_manager::commit()
 .text.startup._GLOBAL__sub_I__ZN2bn4link4sendEi
                0x000000000800b364       0x48 bn_link_manager.o
 .text._ZN2bn3logERKNS_12istring_baseE
                0x000000000800b3ac        0xc bn_log.o
                0x000000000800b3ac                bn::log(bn::istring_base const&)
 .text._ZN2bn14memory_manager12_GLOBAL__N_117_insert_free_itemENS_5ilistINS1_9item_typeEE8iteratorEPS5_
                0x000000000800b3b8       0xbc bn_memory_manager.o
 .text._ZN2bn14memory_manager12_GLOBAL__N_116_erase_free_itemENS_5ilistINS1_9item_typeEE8iteratorE
                0x000000000800b474       0xe0 bn_memory_manager.o
 .text._ZN2bn14memory_manager11ewram_allocEi
                0x000000000800b554      0x1f4 bn_memory_manager.o
                0x000000000800b554                bn::memory_manager::ewram_alloc(int)
 .text._ZN2bn6mallocEi
                0x000000000800b748        0xc bn_memory_manager.o
                0x000000000800b748                bn::malloc(int)
 .text._ZN2bn14memory_manager4initEv
                0x000000000800b754      0x108 bn_memory_manager.o
                0x000000000800b754                bn::memory_manager::init()
 .text._ZN2bn14memory_manager10ewram_freeEPv
                0x000000000800b85c      0x14c bn_memory_manager.o
                0x000000000800b85c                bn::memory_manager::ewram_free(void*)
 .text._ZdlPvj  0x000000000800b9a8        0xc bn_memory_manager.o
                0x000000000800b9a8                operator delete(void*, unsigned int)
 .text._ZN2bn4freeEPv
                0x000000000800b9b4        0xc bn_memory_manager.o
                0x000000000800b9b4                bn::free(void*)
 .text.startup._GLOBAL__sub_I__Znwj
                0x000000000800b9c0       0x54 bn_memory_manager.o
 .text.exit._GLOBAL__sub_D__Znwj
                0x000000000800ba14       0xa0 bn_memory_manager.o
 .text._ZN2bn2hw8palettes9grayscaleEiiPNS_5colorE
                0x000000000800bab4       0x40 bn_palettes_manager.o
                0x000000000800bab4                bn::hw::palettes::grayscale(int, int, bn::color*)
 .text._ZN2bn14bg_palette_ptrC2ERKS0_
                0x000000000800baf4       0x28 bn_palettes_manager.o
                0x000000000800baf4                bn::bg_palette_ptr::bg_palette_ptr(bn::bg_palette_ptr const&)
                0x000000000800baf4                bn::bg_palette_ptr::bg_palette_ptr(bn::bg_palette_ptr const&)
 .text._ZNK2bn14bg_palette_ptr3bppEv
                0x000000000800bb1c       0x24 bn_palettes_manager.o
                0x000000000800bb1c                bn::bg_palette_ptr::bpp() const
 .text._ZN2bn18sprite_palette_ptrC2ERKS0_
                0x000000000800bb40       0x1c bn_palettes_manager.o
                0x000000000800bb40                bn::sprite_palette_ptr::sprite_palette_ptr(bn::sprite_palette_ptr const&)
                0x000000000800bb40                bn::sprite_palette_ptr::sprite_palette_ptr(bn::sprite_palette_ptr const&)
 .text._ZNK2bn18sprite_palette_ptr3bppEv
                0x000000000800bb5c       0x1c bn_palettes_manager.o
                0x000000000800bb5c                bn::sprite_palette_ptr::bpp() const
 .text._ZN2bn13palettes_bank11colors_hashERKNS_4spanIKNS_5colorEEE
                0x000000000800bb78       0x28 bn_palettes_manager.o
                0x000000000800bb78                bn::palettes_bank::colors_hash(bn::span<bn::color const> const&)
 .text._ZNK2bn13palettes_bank10log_statusEv
                0x000000000800bba0      0x148 bn_palettes_manager.o
                0x000000000800bba0                bn::palettes_bank::log_status() const
 .text._ZNK2bn13palettes_bank20retrieve_commit_dataEv
                0x000000000800bce8       0x60 bn_palettes_manager.o
                0x000000000800bce8                bn::palettes_bank::retrieve_commit_data() const
 .text._ZNK2bn13palettes_bank12_same_colorsERKNS_4spanIKNS_5colorEEEi
                0x000000000800bd48       0x50 bn_palettes_manager.o
                0x000000000800bd48                bn::palettes_bank::_same_colors(bn::span<bn::color const> const&, int) const
 .text._ZN2bn13palettes_bank10find_bpp_4ERKNS_4spanIKNS_5colorEEEt
                0x000000000800bd98       0xe8 bn_palettes_manager.o
                0x000000000800bd98                bn::palettes_bank::find_bpp_4(bn::span<bn::color const> const&, unsigned short)
 .text._ZNK2bn13palettes_bank21_apply_global_effectsEiPNS_5colorE
                0x000000000800be80       0xe8 bn_palettes_manager.o
                0x000000000800be80                bn::palettes_bank::_apply_global_effects(int, bn::color*) const
 .text._ZNK2bn13palettes_bank25fill_hblank_effect_colorsEPKNS_5colorEPt
                0x000000000800bf68       0x38 bn_palettes_manager.o
                0x000000000800bf68                bn::palettes_bank::fill_hblank_effect_colors(bn::color const*, unsigned short*) const
 .text._ZNK2bn13palettes_bank25fill_hblank_effect_colorsEiPKNS_5colorEPt
                0x000000000800bfa0       0xc0 bn_palettes_manager.o
                0x000000000800bfa0                bn::palettes_bank::fill_hblank_effect_colors(int, bn::color const*, unsigned short*) const
 .text._ZNK2bn13palettes_bank7palette13apply_effectsEiPNS_5colorE
                0x000000000800c060       0x74 bn_palettes_manager.o
                0x000000000800c060                bn::palettes_bank::palette::apply_effects(int, bn::color*) const
 .text._ZN2bn13palettes_bank15_update_paletteEi
                0x000000000800c0d4       0x58 bn_palettes_manager.o
                0x000000000800c0d4                bn::palettes_bank::_update_palette(int)
 .text._ZN2bn13palettes_bank6updateEv
                0x000000000800c12c      0x110 bn_palettes_manager.o
                0x000000000800c12c                bn::palettes_bank::update()
 .text._ZN2bn13palettes_bankC2Ev
                0x000000000800c23c       0xa8 bn_palettes_manager.o
                0x000000000800c23c                bn::palettes_bank::palettes_bank()
                0x000000000800c23c                bn::palettes_bank::palettes_bank()
 .text._ZN2bn16palettes_manager20sprite_palettes_bankEv
                0x000000000800c2e4        0x8 bn_palettes_manager.o
                0x000000000800c2e4                bn::palettes_manager::sprite_palettes_bank()
 .text._ZN2bn16palettes_manager16bg_palettes_bankEv
                0x000000000800c2ec        0x8 bn_palettes_manager.o
                0x000000000800c2ec                bn::palettes_manager::bg_palettes_bank()
 .text._ZN2bn16palettes_manager6updateEv
                0x000000000800c2f4       0x20 bn_palettes_manager.o
                0x000000000800c2f4                bn::palettes_manager::update()
 .text._ZN2bn16palettes_manager6commitEv
                0x000000000800c314       0xe8 bn_palettes_manager.o
                0x000000000800c314                bn::palettes_manager::commit()
 .text._ZN2bn16palettes_manager4stopEv
                0x000000000800c3fc       0x20 bn_palettes_manager.o
                0x000000000800c3fc                bn::palettes_manager::stop()
 .text._ZN3_bn6assert9show_argsIJA43_ciS2_A42_cEEEvPKcS5_S5_iDpRKT_
                0x000000000800c41c       0x68 bn_palettes_manager.o
                0x000000000800c41c                void _bn::assert::show_args<char [43], int, char [43], char [42]>(char const*, char const*, char const*, int, char const (&) [43], int const&, char const (&) [43], char const (&) [42])
 .text._ZN2bn13palettes_bank12create_bpp_8ERKNS_4spanIKNS_5colorEEENS_16compression_typeEb
                0x000000000800c484      0x1d0 bn_palettes_manager.o
                0x000000000800c484                bn::palettes_bank::create_bpp_8(bn::span<bn::color const> const&, bn::compression_type, bool)
 .text._ZNK2bn15bg_palette_item10uncompressENS_4spanINS_5colorEEE
                0x000000000800c654      0x134 bn_palettes_manager.o
                0x000000000800c654                bn::bg_palette_item::uncompress(bn::span<bn::color>) const
 .text._ZNK2bn19sprite_palette_item10uncompressENS_4spanINS_5colorEEE
                0x000000000800c788      0x134 bn_palettes_manager.o
                0x000000000800c788                bn::sprite_palette_item::uncompress(bn::span<bn::color>) const
 .text._ZN2bn13palettes_bank12create_bpp_4ERKNS_4spanIKNS_5colorEEEtb
                0x000000000800c8bc      0x28c bn_palettes_manager.o
                0x000000000800c8bc                bn::palettes_bank::create_bpp_4(bn::span<bn::color const> const&, unsigned short, bool)
 .text._ZN2bn12_GLOBAL__N_112_create_implERKNS_15bg_palette_itemEb
                0x000000000800cb48       0x94 bn_palettes_manager.o
 .text._ZN2bn14bg_palette_ptr6createERKNS_15bg_palette_itemE
                0x000000000800cbdc       0x54 bn_palettes_manager.o
                0x000000000800cbdc                bn::bg_palette_ptr::create(bn::bg_palette_item const&)
 .text._ZNK2bn15bg_palette_item14create_paletteEv
                0x000000000800cc30       0x10 bn_palettes_manager.o
                0x000000000800cc30                bn::bg_palette_item::create_palette() const
 .text._ZN2bn12_GLOBAL__N_112_create_implERKNS_19sprite_palette_itemEb
                0x000000000800cc40       0x7c bn_palettes_manager.o
 .text._ZNK2bn19sprite_palette_item14create_paletteEv
                0x000000000800ccbc       0x48 bn_palettes_manager.o
                0x000000000800ccbc                bn::sprite_palette_item::create_palette() const
 .text._ZNK2bn19sprite_palette_item18create_new_paletteEv
                0x000000000800cd04       0x8c bn_palettes_manager.o
                0x000000000800cd04                bn::sprite_palette_item::create_new_palette() const
 .text._ZN2bn14iunordered_mapItsNS_13palettes_bank15identity_hasherENS_8equal_toItEEE5eraseERKNS5_14const_iteratorE.isra.0
                0x000000000800cd90      0x19c bn_palettes_manager.o
 .text._ZN2bn13palettes_bank15decrease_usagesEi.part.0
                0x000000000800cf2c       0xd0 bn_palettes_manager.o
 .text._ZN2bn18sprite_palette_ptr8_destroyEv
                0x000000000800cffc       0x28 bn_palettes_manager.o
                0x000000000800cffc                bn::sprite_palette_ptr::_destroy()
 .text._ZN2bn14bg_palette_ptr8_destroyEv
                0x000000000800d024       0x30 bn_palettes_manager.o
                0x000000000800d024                bn::bg_palette_ptr::_destroy()
 .text._ZN2bn14bg_palette_ptraSERKS0_
                0x000000000800d054       0x5c bn_palettes_manager.o
                0x000000000800d054                bn::bg_palette_ptr::operator=(bn::bg_palette_ptr const&)
 .text._ZN2bn18sprite_palette_ptr4findERKNS_19sprite_palette_itemE
                0x000000000800d0b0      0x120 bn_palettes_manager.o
                0x000000000800d0b0                bn::sprite_palette_ptr::find(bn::sprite_palette_item const&)
 .text._ZNK2bn19sprite_palette_item12find_paletteEv
                0x000000000800d1d0       0x10 bn_palettes_manager.o
                0x000000000800d1d0                bn::sprite_palette_item::find_palette() const
 .text.startup._GLOBAL__sub_I__ZN2bn11bg_palettes17used_colors_countEv
                0x000000000800d1e0       0x20 bn_palettes_manager.o
 .text._ZN2bn26sprite_affine_mats_manager12_GLOBAL__N_17_updateEi
                0x000000000800d200       0xec bn_sprite_affine_mats_manager.o
 .text._ZNK2bn21sprite_affine_mat_ptr15horizontal_flipEv
                0x000000000800d2ec       0x20 bn_sprite_affine_mats_manager.o
                0x000000000800d2ec                bn::sprite_affine_mat_ptr::horizontal_flip() const
 .text._ZNK2bn21sprite_affine_mat_ptr13vertical_flipEv
                0x000000000800d30c       0x20 bn_sprite_affine_mats_manager.o
                0x000000000800d30c                bn::sprite_affine_mat_ptr::vertical_flip() const
 .text._ZNK2bn21sprite_affine_mat_ptr16flipped_identityEv
                0x000000000800d32c       0x18 bn_sprite_affine_mats_manager.o
                0x000000000800d32c                bn::sprite_affine_mat_ptr::flipped_identity() const
 .text._ZN2bn26sprite_affine_mats_manager13attach_spriteEiRNS_24intrusive_list_node_typeE
                0x000000000800d344       0x2c bn_sprite_affine_mats_manager.o
                0x000000000800d344                bn::sprite_affine_mats_manager::attach_sprite(int, bn::intrusive_list_node_type&)
 .text._ZN2bn26sprite_affine_mats_manager18sprite_double_sizeEiii
                0x000000000800d370      0x14c bn_sprite_affine_mats_manager.o
                0x000000000800d370                bn::sprite_affine_mats_manager::sprite_double_size(int, int, int)
 .text._ZN2bn26sprite_affine_mats_manager20retrieve_commit_dataEv
                0x000000000800d4bc       0x44 bn_sprite_affine_mats_manager.o
                0x000000000800d4bc                bn::sprite_affine_mats_manager::retrieve_commit_data()
 .text._ZN3_bn6assert9show_argsIJA37_cEEEvPKcS4_S4_iDpRKT_
                0x000000000800d500       0x50 bn_sprite_affine_mats_manager.o
                0x000000000800d500                void _bn::assert::show_args<char [37]>(char const*, char const*, char const*, int, char const (&) [37])
 .text._ZN2bn26sprite_affine_mats_manager12_GLOBAL__N_17_createERKNS_21affine_mat_attributesE
                0x000000000800d550      0x140 bn_sprite_affine_mats_manager.o
 .text._ZN2bn21sprite_affine_mat_ptr6createERKNS_21affine_mat_attributesE
                0x000000000800d690       0x4c bn_sprite_affine_mats_manager.o
                0x000000000800d690                bn::sprite_affine_mat_ptr::create(bn::affine_mat_attributes const&)
 .text._ZN2bn26sprite_affine_mats_manager15decrease_usagesEi.part.0
                0x000000000800d6dc       0x68 bn_sprite_affine_mats_manager.o
 .text._ZN2bn21sprite_affine_mat_ptr8_destroyEv
                0x000000000800d744       0x2c bn_sprite_affine_mats_manager.o
                0x000000000800d744                bn::sprite_affine_mat_ptr::_destroy()
 .text._ZN2bn26sprite_affine_mats_manager6updateEv
                0x000000000800d770       0xa0 bn_sprite_affine_mats_manager.o
                0x000000000800d770                bn::sprite_affine_mats_manager::update()
 .text._ZN2bn26sprite_affine_mats_manager4initEPv
                0x000000000800d810       0x6c bn_sprite_affine_mats_manager.o
                0x000000000800d810                bn::sprite_affine_mats_manager::init(void*)
 .text._ZN2bn26sprite_affine_mats_manager14dettach_spriteEiRNS_24intrusive_list_node_typeE
                0x000000000800d87c       0x4c bn_sprite_affine_mats_manager.o
                0x000000000800d87c                bn::sprite_affine_mats_manager::dettach_sprite(int, bn::intrusive_list_node_type&)
 .text._ZN2bn26sprite_affine_mats_manager9set_scaleEiNS_7fixed_tILi12EEE
                0x000000000800d8c8      0x174 bn_sprite_affine_mats_manager.o
                0x000000000800d8c8                bn::sprite_affine_mats_manager::set_scale(int, bn::fixed_t<12>)
 .text._ZN2bn21sprite_affine_mat_ptr9set_scaleENS_7fixed_tILi12EEE
                0x000000000800da3c       0x14 bn_sprite_affine_mats_manager.o
                0x000000000800da3c                bn::sprite_affine_mat_ptr::set_scale(bn::fixed_t<12>)
 .text.startup._GLOBAL__sub_I__ZN2bn18sprite_affine_mats10used_countEv
                0x000000000800da50       0x98 bn_sprite_affine_mats_manager.o
 .text.exit._GLOBAL__sub_D__ZN2bn18sprite_affine_mats10used_countEv
                0x000000000800dae8       0x3c bn_sprite_affine_mats_manager.o
 .text._ZN3_bn6assert9show_argsIJA54_cEEEvPKcS4_S4_iDpRKT_
                0x000000000800db24       0x50 bn_sprite_text_generator.o
                0x000000000800db24                void _bn::assert::show_args<char [54]>(char const*, char const*, char const*, int, char const (&) [54])
 .text._ZN2bn14utf8_characterC2ERKc
                0x000000000800db74      0x144 bn_sprite_text_generator.o
                0x000000000800db74                bn::utf8_character::utf8_character(char const&)
                0x000000000800db74                bn::utf8_character::utf8_character(char const&)
 .text._ZN3_bn6assert9show_argsIJA28_cN2bn11string_viewEEEEvPKcS6_S6_iDpRKT_
                0x000000000800dcb8       0x58 bn_sprite_text_generator.o
                0x000000000800dcb8                void _bn::assert::show_args<char [28], bn::string_view>(char const*, char const*, char const*, int, char const (&) [28], bn::string_view const&)
 .text._ZN3_bn6assert9show_argsIJA20_ccA9_cN2bn11string_viewEA2_cEEEvPKcS8_S8_iDpRKT_
                0x000000000800dd10       0x70 bn_sprite_text_generator.o
                0x000000000800dd10                void _bn::assert::show_args<char [20], char, char [9], bn::string_view, char [2]>(char const*, char const*, char const*, int, char const (&) [20], char const&, char const (&) [9], bn::string_view const&, char const (&) [2])
 .text._ZNK2bn21sprite_text_generator5widthERKNS_11string_viewE
                0x000000000800dd80      0x43c bn_sprite_text_generator.o
                0x000000000800dd80                bn::sprite_text_generator::width(bn::string_view const&) const
 .text._ZN2bn21sprite_text_generator5_initEv
                0x000000000800e1bc      0x23c bn_sprite_text_generator.o
                0x000000000800e1bc                bn::sprite_text_generator::_init()
 .text._ZN2bn21sprite_text_generatorC2ERKNS_11sprite_fontE
                0x000000000800e3f8       0x50 bn_sprite_text_generator.o
                0x000000000800e3f8                bn::sprite_text_generator::sprite_text_generator(bn::sprite_font const&)
                0x000000000800e3f8                bn::sprite_text_generator::sprite_text_generator(bn::sprite_font const&)
 .text._ZN3_bn6assert9show_argsIJA25_ciA4_ciEEEvPKcS5_S5_iDpRKT_
                0x000000000800e448       0x64 bn_sprite_text_generator.o
                0x000000000800e448                void _bn::assert::show_args<char [25], int, char [4], int>(char const*, char const*, char const*, int, char const (&) [25], int const&, char const (&) [4], int const&)
 .text._ZN3_bn6assert9show_argsIJA55_cEEEvPKcS4_S4_iDpRKT_
                0x000000000800e4ac       0x50 bn_sprite_text_generator.o
                0x000000000800e4ac                void _bn::assert::show_args<char [55]>(char const*, char const*, char const*, int, char const (&) [55])
 .text._ZN2bn12_GLOBAL__N_113_build_spriteILNS_11sprite_sizeE2ELb0EEEPNS_4tileERKNS_21sprite_text_generatorERKNS_18sprite_palette_ptrERKNS_11fixed_pointERNS_7ivectorINS_10sprite_ptrEEE
                0x000000000800e4fc      0x210 bn_sprite_text_generator.o
 .text._ZN2bn12_GLOBAL__N_113_build_spriteILNS_11sprite_sizeE1ELb0EEEPNS_4tileERKNS_21sprite_text_generatorERKNS_18sprite_palette_ptrERKNS_11fixed_pointERNS_7ivectorINS_10sprite_ptrEEE
                0x000000000800e70c      0x210 bn_sprite_text_generator.o
 .text._ZN2bn12_GLOBAL__N_19_generateILb0EEEbRKNS_21sprite_text_generatorERKNS_11fixed_pointERKNS_11string_viewERKNS_14iunordered_mapIiiNS_4hashIiEENS_8equal_toIiEEEEiibRNS_7ivectorINS_10sprite_ptrEEE.isra.0
                0x000000000800e91c     0x1944 bn_sprite_text_generator.o
 .text._ZNK2bn21sprite_text_generator8generateENS_7fixed_tILi12EEES2_RKNS_11string_viewERNS_7ivectorINS_10sprite_ptrEEE
                0x0000000008010260       0x4c bn_sprite_text_generator.o
                0x0000000008010260                bn::sprite_text_generator::generate(bn::fixed_t<12>, bn::fixed_t<12>, bn::string_view const&, bn::ivector<bn::sprite_ptr>&) const
 .text._ZNK2bn16sprite_tiles_ptr2idEv
                0x00000000080102ac       0x18 bn_sprite_tiles_manager.o
                0x00000000080102ac                bn::sprite_tiles_ptr::id() const
 .text._ZNK2bn16sprite_tiles_ptr11tiles_countEv
                0x00000000080102c4       0x18 bn_sprite_tiles_manager.o
                0x00000000080102c4                bn::sprite_tiles_ptr::tiles_count() const
 .text._ZN2bn20sprite_tiles_manager10log_statusEv
                0x00000000080102dc      0x1f4 bn_sprite_tiles_manager.o
                0x00000000080102dc                bn::sprite_tiles_manager::log_status()
 .text._ZN2bn2hw12sprite_tiles6commitEPKNS_4tileENS_16compression_typeEii.part.0
                0x00000000080104d0       0x2c bn_sprite_tiles_manager.o
 .text._ZN2bn20sprite_tiles_manager6commitEv
                0x00000000080104fc       0xb4 bn_sprite_tiles_manager.o
                0x00000000080104fc                bn::sprite_tiles_manager::commit()
 .text._ZN3_bn6assert9show_argsIJA44_cPKN2bn4tileEA4_cS6_EEEvPKcS9_S9_iDpRKT_
                0x00000000080105b0       0x6c bn_sprite_tiles_manager.o
                0x00000000080105b0                void _bn::assert::show_args<char [44], bn::tile const*, char [4], bn::tile const*>(char const*, char const*, char const*, int, char const (&) [44], bn::tile const* const&, char const (&) [4], bn::tile const* const&)
 .text._ZN3_bn6assert9show_argsIJA46_ciA4_cjEEEvPKcS5_S5_iDpRKT_
                0x000000000801061c       0x6c bn_sprite_tiles_manager.o
                0x000000000801061c                void _bn::assert::show_args<char [46], int, char [4], unsigned int>(char const*, char const*, char const*, int, char const (&) [46], int const&, char const (&) [4], unsigned int const&)
 .text._ZN3_bn6assert9show_argsIJA28_cA15_cPKN2bn4tileEA16_ciA43_cNS4_11string_viewEEEEvPKcSC_SC_iDpRKT_
                0x0000000008010688       0x84 bn_sprite_tiles_manager.o
                0x0000000008010688                void _bn::assert::show_args<char [28], char [15], bn::tile const*, char [16], int, char [43], bn::string_view>(char const*, char const*, char const*, int, char const (&) [28], char const (&) [15], bn::tile const* const&, char const (&) [16], int const&, char const (&) [43], bn::string_view const&)
 .text._ZN3_bn6assert9show_argsIJA53_cEEEvPKcS4_S4_iDpRKT_
                0x000000000801070c       0x50 bn_sprite_tiles_manager.o
                0x000000000801070c                void _bn::assert::show_args<char [53]>(char const*, char const*, char const*, int, char const (&) [53])
 .text._ZN3_bn6assert9show_argsIJA32_cA15_cPKN2bn4tileEA16_ciA43_cNS4_11string_viewEEEEvPKcSC_SC_iDpRKT_
                0x000000000801075c       0x84 bn_sprite_tiles_manager.o
                0x000000000801075c                void _bn::assert::show_args<char [32], char [15], bn::tile const*, char [16], int, char [43], bn::string_view>(char const*, char const*, char const*, int, char const (&) [32], char const (&) [15], bn::tile const* const&, char const (&) [16], int const&, char const (&) [43], bn::string_view const&)
 .text._ZN3_bn6assert9show_argsIJA44_ciA43_cN2bn11string_viewEEEEvPKcS7_S7_iDpRKT_
                0x00000000080107e0       0x68 bn_sprite_tiles_manager.o
                0x00000000080107e0                void _bn::assert::show_args<char [44], int, char [43], bn::string_view>(char const*, char const*, char const*, int, char const (&) [44], int const&, char const (&) [43], bn::string_view const&)
 .text._ZN2bn20sprite_tiles_manager12_GLOBAL__N_116_erase_free_itemEi
                0x0000000008010848       0xe4 bn_sprite_tiles_manager.o
 .text._ZN2bn20sprite_tiles_manager15decrease_usagesEi.part.0
                0x000000000801092c      0x108 bn_sprite_tiles_manager.o
 .text._ZN2bn16sprite_tiles_ptr8_destroyEv
                0x0000000008010a34       0x28 bn_sprite_tiles_manager.o
                0x0000000008010a34                bn::sprite_tiles_ptr::_destroy()
 .text._ZN2bn20sprite_tiles_manager12_GLOBAL__N_117_insert_free_itemEiPt
                0x0000000008010a5c       0xd0 bn_sprite_tiles_manager.o
 .text._ZN2bn14iunordered_mapIPKNS_4tileEiNS_4hashIS3_EENS_8equal_toIS3_EEE5eraseERKNS8_14const_iteratorE.isra.0
                0x0000000008010b2c      0x1a0 bn_sprite_tiles_manager.o
 .text._ZN2bn20sprite_tiles_manager12_GLOBAL__N_112_create_itemEiPKNS_4tileENS_16compression_typeEib
                0x0000000008010ccc      0x2bc bn_sprite_tiles_manager.o
 .text._ZN2bn20sprite_tiles_manager12_GLOBAL__N_114_allocate_implEi
                0x0000000008010f88      0x104 bn_sprite_tiles_manager.o
 .text._ZN2bn20sprite_tiles_manager6updateEv.part.0
                0x000000000801108c      0x258 bn_sprite_tiles_manager.o
 .text._ZN2bn20sprite_tiles_manager6updateEv
                0x00000000080112e4       0x1c bn_sprite_tiles_manager.o
                0x00000000080112e4                bn::sprite_tiles_manager::update()
 .text._ZN2bn20sprite_tiles_manager12_GLOBAL__N_112_create_implEPKNS_4tileENS_16compression_typeEi
                0x0000000008011300      0x1fc bn_sprite_tiles_manager.o
 .text._ZN2bn20sprite_tiles_manager10create_newERKNS_4spanIKNS_4tileEEENS_16compression_typeE
                0x00000000080114fc      0x194 bn_sprite_tiles_manager.o
                0x00000000080114fc                bn::sprite_tiles_manager::create_new(bn::span<bn::tile const> const&, bn::compression_type)
 .text._ZN2bn20sprite_tiles_manager4vramEi
                0x0000000008011690       0x4c bn_sprite_tiles_manager.o
                0x0000000008011690                bn::sprite_tiles_manager::vram(int)
 .text._ZN2bn16sprite_tiles_ptr4vramEv
                0x00000000080116dc       0x14 bn_sprite_tiles_manager.o
                0x00000000080116dc                bn::sprite_tiles_ptr::vram()
 .text._ZNK2bn17sprite_tiles_item16create_new_tilesEv
                0x00000000080116f0       0xb4 bn_sprite_tiles_manager.o
                0x00000000080116f0                bn::sprite_tiles_item::create_new_tiles() const
 .text._ZN2bn20sprite_tiles_manager8allocateEiNS_8bpp_modeE
                0x00000000080117a4       0xcc bn_sprite_tiles_manager.o
                0x00000000080117a4                bn::sprite_tiles_manager::allocate(int, bn::bpp_mode)
 .text._ZN2bn16sprite_tiles_ptr8allocateEiNS_8bpp_modeE
                0x0000000008011870       0x18 bn_sprite_tiles_manager.o
                0x0000000008011870                bn::sprite_tiles_ptr::allocate(int, bn::bpp_mode)
 .text._ZN2bn20sprite_tiles_manager4initEv
                0x0000000008011888      0x148 bn_sprite_tiles_manager.o
                0x0000000008011888                bn::sprite_tiles_manager::init()
 .text._ZN2bn20sprite_tiles_manager12_GLOBAL__N_110_find_implEPKNS_4tileENS_16compression_typeEi
                0x00000000080119d0      0x270 bn_sprite_tiles_manager.o
 .text._ZN2bn20sprite_tiles_manager6createERKNS_4spanIKNS_4tileEEENS_16compression_typeE
                0x0000000008011c40      0x140 bn_sprite_tiles_manager.o
                0x0000000008011c40                bn::sprite_tiles_manager::create(bn::span<bn::tile const> const&, bn::compression_type)
 .text._ZNK2bn17sprite_tiles_item12create_tilesEv
                0x0000000008011d80       0xb4 bn_sprite_tiles_manager.o
                0x0000000008011d80                bn::sprite_tiles_item::create_tiles() const
 .text._ZNK2bn17sprite_tiles_item10find_tilesEv
                0x0000000008011e34       0xc0 bn_sprite_tiles_manager.o
                0x0000000008011e34                bn::sprite_tiles_item::find_tiles() const
 .text._ZNK2bn17sprite_tiles_item12create_tilesEi
                0x0000000008011ef4      0x100 bn_sprite_tiles_manager.o
                0x0000000008011ef4                bn::sprite_tiles_item::create_tiles(int) const
 .text._ZN2bn16sprite_tiles_ptr6createERKNS_17sprite_tiles_itemEi
                0x0000000008011ff4      0x100 bn_sprite_tiles_manager.o
                0x0000000008011ff4                bn::sprite_tiles_ptr::create(bn::sprite_tiles_item const&, int)
 .text.startup._GLOBAL__sub_I__ZN2bn12sprite_tiles16used_tiles_countEv
                0x00000000080120f4       0xf0 bn_sprite_tiles_manager.o
 .text._ZN2bn15sprites_manager12_GLOBAL__N_125_update_indexes_to_commitERKNS_20sprites_manager_itemE
                0x00000000080121e4       0x48 bn_sprites_manager.o
 .text._ZN2bn13ostringstream11append_argsIiJA4_ciEEEvRKT_DpRKT0_.isra.0
                0x000000000801222c       0x24 bn_sprites_manager.o
 .text._ZN2bn15sprites_manager12_GLOBAL__N_123_update_item_dimensionsERNS_20sprites_manager_itemE
                0x0000000008012250       0xd0 bn_sprites_manager.o
 .text._ZNK2bn10sprite_ptr1xEv
                0x0000000008012320        0x8 bn_sprites_manager.o
                0x0000000008012320                bn::sprite_ptr::x() const
 .text._ZN2bn10sprite_ptr5set_xENS_7fixed_tILi12EEE
                0x0000000008012328       0x48 bn_sprites_manager.o
                0x0000000008012328                bn::sprite_ptr::set_x(bn::fixed_t<12>)
 .text._ZNK2bn10sprite_ptr7visibleEv
                0x0000000008012370        0xc bn_sprites_manager.o
                0x0000000008012370                bn::sprite_ptr::visible() const
 .text._ZN2bn10sprite_ptr11set_visibleEb
                0x000000000801237c       0x64 bn_sprites_manager.o
                0x000000000801237c                bn::sprite_ptr::set_visible(bool)
 .text._ZN2bn15sprites_manager4initEv
                0x00000000080123e0       0x34 bn_sprites_manager.o
                0x00000000080123e0                bn::sprites_manager::init()
 .text._ZN2bn15sprites_manager5hw_idEPv
                0x0000000008012414       0x24 bn_sprites_manager.o
                0x0000000008012414                bn::sprites_manager::hw_id(void*)
 .text._ZN2bn15sprites_manager5shapeEPv
                0x0000000008012438        0x8 bn_sprites_manager.o
                0x0000000008012438                bn::sprites_manager::shape(void*)
 .text._ZN2bn15sprites_manager4sizeEPv
                0x0000000008012440        0x8 bn_sprites_manager.o
                0x0000000008012440                bn::sprites_manager::size(void*)
 .text._ZN2bn15sprites_manager10shape_sizeEPv
                0x0000000008012448       0x14 bn_sprites_manager.o
                0x0000000008012448                bn::sprites_manager::shape_size(void*)
 .text._ZN2bn15sprites_manager11hw_positionEPv
                0x000000000801245c        0x4 bn_sprites_manager.o
                0x000000000801245c                bn::sprites_manager::hw_position(void*)
 .text._ZN2bn15sprites_manager9view_modeEPv
                0x0000000008012460        0xc bn_sprites_manager.o
                0x0000000008012460                bn::sprites_manager::view_mode(void*)
 .text._ZN2bn15sprites_manager10affine_matEPv
                0x000000000801246c        0x4 bn_sprites_manager.o
                0x000000000801246c                bn::sprites_manager::affine_mat(void*)
 .text._ZN2bn15sprites_manager39fill_hblank_effect_horizontal_positionsEPviPKNS_7fixed_tILi12EEEPt
                0x0000000008012470       0x48 bn_sprites_manager.o
                0x0000000008012470                bn::sprites_manager::fill_hblank_effect_horizontal_positions(void*, int, bn::fixed_t<12> const*, unsigned short*)
 .text._ZN2bn15sprites_manager37fill_hblank_effect_vertical_positionsEPviPKNS_7fixed_tILi12EEEPt
                0x00000000080124b8       0x48 bn_sprites_manager.o
                0x00000000080124b8                bn::sprites_manager::fill_hblank_effect_vertical_positions(void*, int, bn::fixed_t<12> const*, unsigned short*)
 .text._ZN2bn15sprites_manager35fill_hblank_effect_first_attributesEiNS_12sprite_shapeENS_8bpp_modeEiPKNS_23sprite_first_attributesEPt
                0x0000000008012500      0x108 bn_sprites_manager.o
                0x0000000008012500                bn::sprites_manager::fill_hblank_effect_first_attributes(int, bn::sprite_shape, bn::bpp_mode, int, bn::sprite_first_attributes const*, unsigned short*)
 .text._ZN2bn15sprites_manager44fill_hblank_effect_regular_second_attributesEPviNS_11sprite_sizeEPKNS_32sprite_regular_second_attributesEPt
                0x0000000008012608       0x60 bn_sprites_manager.o
                0x0000000008012608                bn::sprites_manager::fill_hblank_effect_regular_second_attributes(void*, int, bn::sprite_size, bn::sprite_regular_second_attributes const*, unsigned short*)
 .text._ZN2bn15sprites_manager43fill_hblank_effect_affine_second_attributesEPviNS_11sprite_sizeEPKNS_31sprite_affine_second_attributesEPt
                0x0000000008012668       0x58 bn_sprites_manager.o
                0x0000000008012668                bn::sprites_manager::fill_hblank_effect_affine_second_attributes(void*, int, bn::sprite_size, bn::sprite_affine_second_attributes const*, unsigned short*)
 .text._ZN2bn15sprites_manager14update_camerasEv
                0x00000000080126c0       0x2c bn_sprites_manager.o
                0x00000000080126c0                bn::sprites_manager::update_cameras()
 .text._ZN2bn15sprites_manager6updateEv
                0x00000000080126ec       0xa8 bn_sprites_manager.o
                0x00000000080126ec                bn::sprites_manager::update()
 .text._ZN2bn15sprites_manager6commitEv
                0x0000000008012794       0x98 bn_sprites_manager.o
                0x0000000008012794                bn::sprites_manager::commit()
 .text._ZN2bn10sprite_ptr20set_blending_enabledEb
                0x000000000801282c       0x88 bn_sprites_manager.o
                0x000000000801282c                bn::sprite_ptr::set_blending_enabled(bool)
 .text._ZNK2bn17sprite_shape_size11tiles_countENS_8bpp_modeE
                0x00000000080128b4      0x120 bn_sprites_manager.o
                0x00000000080128b4                bn::sprite_shape_size::tiles_count(bn::bpp_mode) const
 .text._ZN2bn15sprites_manager7paletteEPv
                0x00000000080129d4       0x34 bn_sprites_manager.o
                0x00000000080129d4                bn::sprites_manager::palette(void*)
 .text._ZN2bn15sprites_manager12_GLOBAL__N_118_remove_affine_matERNS_20sprites_manager_itemE
                0x0000000008012a08       0xd0 bn_sprites_manager.o
 .text._ZN2bn15sprites_manager40remove_identity_affine_mat_if_not_neededEPv
                0x0000000008012ad8       0x18 bn_sprites_manager.o
                0x0000000008012ad8                bn::sprites_manager::remove_identity_affine_mat_if_not_needed(void*)
 .text._ZNK2bn20sprites_manager_item15new_double_sizeEv.part.0
                0x0000000008012af0       0x2c bn_sprites_manager.o
 .text._ZN2bn20sprites_manager_itemC2EONS_14sprite_builderEONS_16sprite_tiles_ptrEONS_18sprite_palette_ptrE
                0x0000000008012b1c      0x430 bn_sprites_manager.o
                0x0000000008012b1c                bn::sprites_manager_item::sprites_manager_item(bn::sprite_builder&&, bn::sprite_tiles_ptr&&, bn::sprite_palette_ptr&&)
                0x0000000008012b1c                bn::sprites_manager_item::sprites_manager_item(bn::sprite_builder&&, bn::sprite_tiles_ptr&&, bn::sprite_palette_ptr&&)
 .text._ZN2bn15sprites_manager29update_affine_mat_double_sizeEPv
                0x0000000008012f4c       0xe4 bn_sprites_manager.o
                0x0000000008012f4c                bn::sprites_manager::update_affine_mat_double_size(void*)
 .text._ZN2bn15sprites_manager12_GLOBAL__N_118_assign_affine_matERNS_20sprites_manager_itemEONS_21sprite_affine_mat_ptrE
                0x0000000008013030      0x184 bn_sprites_manager.o
 .text._ZN2bn14sprite_builder11set_z_orderEi
                0x00000000080131b4       0x48 bn_sprites_manager.o
                0x00000000080131b4                bn::sprite_builder::set_z_order(int)
 .text._ZN2bn14sprite_builderC2ERKNS_17sprite_shape_sizeENS_16sprite_tiles_ptrENS_18sprite_palette_ptrE
                0x00000000080131fc      0x118 bn_sprites_manager.o
                0x00000000080131fc                bn::sprite_builder::sprite_builder(bn::sprite_shape_size const&, bn::sprite_tiles_ptr, bn::sprite_palette_ptr)
                0x00000000080131fc                bn::sprite_builder::sprite_builder(bn::sprite_shape_size const&, bn::sprite_tiles_ptr, bn::sprite_palette_ptr)
 .text._ZN2bn14sprite_builder15set_bg_priorityEi
                0x0000000008013314       0x38 bn_sprites_manager.o
                0x0000000008013314                bn::sprite_builder::set_bg_priority(int)
 .text._ZN2bn14sprite_builder13release_tilesEv
                0x000000000801334c       0x58 bn_sprites_manager.o
                0x000000000801334c                bn::sprite_builder::release_tiles()
 .text._ZN2bn14sprite_builder15release_paletteEv
                0x00000000080133a4       0x54 bn_sprites_manager.o
                0x00000000080133a4                bn::sprite_builder::release_palette()
 .text._ZN3_bn6assert9show_argsIJA39_ciA4_ciEEEvPKcS5_S5_iDpRKT_
                0x00000000080133f8       0x5c bn_sprites_manager.o
                0x00000000080133f8                void _bn::assert::show_args<char [39], int, char [4], int>(char const*, char const*, char const*, int, char const (&) [39], int const&, char const (&) [4], int const&)
 .text._ZN2bn15sprites_manager21set_tiles_and_paletteEPvRKNS_17sprite_shape_sizeEONS_16sprite_tiles_ptrEONS_18sprite_palette_ptrE
                0x0000000008013454      0x244 bn_sprites_manager.o
                0x0000000008013454                bn::sprites_manager::set_tiles_and_palette(void*, bn::sprite_shape_size const&, bn::sprite_tiles_ptr&&, bn::sprite_palette_ptr&&)
 .text._ZN2bn10sprite_ptr8set_itemERKNS_11sprite_itemE
                0x0000000008013698      0x1a4 bn_sprites_manager.o
                0x0000000008013698                bn::sprite_ptr::set_item(bn::sprite_item const&)
 .text._ZN3_bn6assert9show_argsIJA27_ciA4_ciEEEvPKcS5_S5_iDpRKT_
                0x000000000801383c       0x5c bn_sprites_manager.o
                0x000000000801383c                void _bn::assert::show_args<char [27], int, char [4], int>(char const*, char const*, char const*, int, char const (&) [27], int const&, char const (&) [4], int const&)
 .text._ZN2bn15sprites_manager35fill_hblank_effect_third_attributesENS_17sprite_shape_sizeEPKNS_23sprite_third_attributesEPt
                0x0000000008013898       0xb8 bn_sprites_manager.o
                0x0000000008013898                bn::sprites_manager::fill_hblank_effect_third_attributes(bn::sprite_shape_size, bn::sprite_third_attributes const*, unsigned short*)
 .text._ZN2bn14sorted_sprites6sorter6insertERNS_20sprites_manager_itemE
                0x0000000008013950      0x19c bn_sprites_manager.o
                0x0000000008013950                bn::sorted_sprites::sorter::insert(bn::sprites_manager_item&)
 .text._ZN2bn15sprites_manager6createERKNS_11fixed_pointERKNS_17sprite_shape_sizeEONS_16sprite_tiles_ptrEONS_18sprite_palette_ptrE
                0x0000000008013aec      0x1f8 bn_sprites_manager.o
                0x0000000008013aec                bn::sprites_manager::create(bn::fixed_point const&, bn::sprite_shape_size const&, bn::sprite_tiles_ptr&&, bn::sprite_palette_ptr&&)
 .text._ZN2bn10sprite_ptr6createENS_7fixed_tILi12EEES2_RKNS_11sprite_itemE
                0x0000000008013ce4       0x54 bn_sprites_manager.o
                0x0000000008013ce4                bn::sprite_ptr::create(bn::fixed_t<12>, bn::fixed_t<12>, bn::sprite_item const&)
 .text._ZNK2bn11sprite_item13create_spriteENS_7fixed_tILi12EEES2_
                0x0000000008013d38       0x1c bn_sprites_manager.o
                0x0000000008013d38                bn::sprite_item::create_sprite(bn::fixed_t<12>, bn::fixed_t<12>) const
 .text._ZN2bn15sprites_manager6createEONS_14sprite_builderE
                0x0000000008013d54      0x100 bn_sprites_manager.o
                0x0000000008013d54                bn::sprites_manager::create(bn::sprite_builder&&)
 .text._ZN2bn10sprite_ptr6createEONS_14sprite_builderE
                0x0000000008013e54       0x14 bn_sprites_manager.o
                0x0000000008013e54                bn::sprite_ptr::create(bn::sprite_builder&&)
 .text._ZN2bn15sprites_manager15decrease_usagesEPv.part.0
                0x0000000008013e68      0x1b8 bn_sprites_manager.o
 .text._ZN2bn10sprite_ptr8_destroyEv
                0x0000000008014020       0x1c bn_sprites_manager.o
                0x0000000008014020                bn::sprite_ptr::_destroy()
 .text._ZN2bn10sprite_ptr9set_scaleENS_7fixed_tILi12EEE
                0x000000000801403c      0x128 bn_sprites_manager.o
                0x000000000801403c                bn::sprite_ptr::set_scale(bn::fixed_t<12>)
 .text.startup._GLOBAL__sub_I__ZN2bn7sprites16used_items_countEv
                0x0000000008014164       0x9c bn_sprites_manager.o
 .text.exit._GLOBAL__sub_D__ZN2bn7sprites16used_items_countEv
                0x0000000008014200       0x68 bn_sprites_manager.o
 .text._ZN2bn13ostringstreamC2ERNS_12istring_baseE
                0x0000000008014268        0x8 bn_sstream.o
                0x0000000008014268                bn::ostringstream::ostringstream(bn::istring_base&)