Archive member included to satisfy reference by file (symbol)

/opt/devkitpro/libgba/lib/libmm.a(mm_mas.o)
                              bn_hw_audio.o (mmStart)
/opt/devkitpro/libgba/lib/libmm.a(mm_main.o)
                              /opt/devkitpro/libgba/lib/libmm.a(mm_mas.o) (mmCallback)
/opt/devkitpro/libgba/lib/libmm.a(mm_effect.o)
                              /opt/devkitpro/libgba/lib/libmm.a(mm_main.o) (mmResetEffects)
/opt/devkitpro/libgba/lib/libmm.a(mm_mas_arm.o)
                              /opt/devkitpro/libgba/lib/libmm.a(mm_mas.o) (mmAllocChannel)
/opt/devkitpro/libgba/lib/libmm.a(mm_mixer_gba.o)
                              bn_hw_audio.o (mmVBlank)
/opt/devkitpro/devkitARM/bin/../lib/gcc/arm-none-eabi/11.2.0/thumb/libgcc.a(_call_via_rX.o)
                              /opt/devkitpro/libgba/lib/libmm.a(mm_main.o) (_call_via_r1)
/opt/devkitpro/devkitARM/bin/../lib/gcc/arm-none-eabi/11.2.0/thumb/libgcc.a(_aeabi_ldivmod.o)
                              bn_hw_text.o (__aeabi_ldivmod)
/opt/devkitpro/devkitARM/bin/../lib/gcc/arm-none-eabi/11.2.0/thumb/libgcc.a(_aeabi_uldivmod.o)
                              bn_hw_text.o (__aeabi_uldivmod)
/opt/devkitpro/devkitARM/bin/../lib/gcc/arm-none-eabi/11.2.0/thumb/libgcc.a(_udivmoddi4.o)
                              /opt/devkitpro/devkitARM/bin/../lib/gcc/arm-none-eabi/11.2.0/thumb/libgcc.a(_aeabi_ldivmod.o) (__udivmoddi4)
/opt/devkitpro/devkitARM/bin/../lib/gcc/arm-none-eabi/11.2.0/../../../../arm-none-eabi/lib/thumb/libg.a(lib_a-init.o)
                              /opt/devkitpro/devkitARM/bin/../lib/gcc/arm-none-eabi/11.2.0/../../../../arm-none-eabi/lib/thumb/gba_crt0.o (__libc_init_array)
/opt/devkitpro/devkitARM/bin/../lib/gcc/arm-none-eabi/11.2.0/../../../../arm-none-eabi/lib/thumb/libg.a(lib_a-memcpy-stub.o)
                              main.o (memcpy)
/opt/devkitpro/devkitARM/bin/../lib/gcc/arm-none-eabi/11.2.0/../../../../arm-none-eabi/lib/thumb/libg.a(lib_a-memmove.o)
                              bn_sstream.o (memmove)
/opt/devkitpro/devkitARM/bin/../lib/gcc/arm-none-eabi/11.2.0/../../../../arm-none-eabi/lib/thumb/libg.a(lib_a-memset.o)
                              bn_sprites_manager.o (memset)
/opt/devkitpro/devkitARM/bin/../lib/gcc/arm-none-eabi/11.2.0/../../../../arm-none-eabi/lib/thumb/libsysbase.a(malloc_vars.o)
                              /opt/devkitpro/devkitARM/bin/../lib/gcc/arm-none-eabi/11.2.0/../../../../arm-none-eabi/lib/thumb/gba_crt0.o (fake_heap_end)

Discarded input sections

 .text          0x0000000000000000        0x0 /opt/devkitpro/devkitARM/bin/../lib/gcc/arm-none-eabi/11.2.0/../../../../arm-none-eabi/lib/thumb/gba_crt0.o
 .data          0x0000000000000000        0x0 /opt/devkitpro/devkitARM/bin/../lib/gcc/arm-none-eabi/11.2.0/../../../../arm-none-eabi/lib/thumb/gba_crt0.o
 .bss           0x0000000000000000        0x0 /opt/devkitpro/devkitARM/bin/../lib/gcc/arm-none-eabi/11.2.0/../../../../arm-none-eabi/lib/thumb/gba_crt0.o
 .text          0x0000000000000000        0x0 /opt/devkitpro/devkitARM/bin/../lib/gcc/arm-none-eabi/11.2.0/thumb/crti.o
 .data          0x0000000000000000        0x0 /opt/devkitpro/devkitARM/bin/../lib/gcc/arm-none-eabi/11.2.0/thumb/crti.o
 .bss           0x0000000000000000        0x0 /opt/devkitpro/devkitARM/bin/../lib/gcc/arm-none-eabi/11.2.0/thumb/crti.o
 .text          0x0000000000000000        0x0 /opt/devkitpro/devkitARM/bin/../lib/gcc/arm-none-eabi/11.2.0/thumb/crtbegin.o
 .data          0x0000000000000000        0x0 /opt/devkitpro/devkitARM/bin/../lib/gcc/arm-none-eabi/11.2.0/thumb/crtbegin.o
 .bss           0x0000000000000000        0x0 /opt/devkitpro/devkitARM/bin/../lib/gcc/arm-none-eabi/11.2.0/thumb/crtbegin.o
 .rodata.all_implied_fbits
                0x0000000000000000       0x24 /opt/devkitpro/devkitARM/bin/../lib/gcc/arm-none-eabi/11.2.0/thumb/crtbegin.o
 .data.__dso_handle
                0x0000000000000000        0x4 /opt/devkitpro/devkitARM/bin/../lib/gcc/arm-none-eabi/11.2.0/thumb/crtbegin.o
 .text          0x0000000000000000        0x0 _bn_audio_soundbank.bin.o
 .data          0x0000000000000000        0x0 _bn_audio_soundbank.bin.o
 .bss           0x0000000000000000        0x0 _bn_audio_soundbank.bin.o
 .text          0x0000000000000000        0x0 texture_bn_graphics.o
 .data          0x0000000000000000        0x0 texture_bn_graphics.o
 .bss           0x0000000000000000        0x0 texture_bn_graphics.o
 .text          0x0000000000000000        0x0 bullet_bn_graphics.o
 .data          0x0000000000000000        0x0 bullet_bn_graphics.o
 .bss           0x0000000000000000        0x0 bullet_bn_graphics.o
 .rodata        0x0000000000000000      0x120 bullet_bn_graphics.o
 .text          0x0000000000000000        0x0 common_fixed_8x16_font_bn_graphics.o
 .data          0x0000000000000000        0x0 common_fixed_8x16_font_bn_graphics.o
 .bss           0x0000000000000000        0x0 common_fixed_8x16_font_bn_graphics.o
[...]
Memory Configuration

Name             Origin             Length             Attributes
rom              0x0000000008000000 0x0000000002000000
iwram            0x0000000003000000 0x0000000000008000
ewram            0x0000000002000000 0x0000000000040000
*default*        0x0000000000000000 0xffffffffffffffff

Linker script and memory map

                0x0000000008000000                __text_start = ORIGIN (rom)
                0x0000000002040000                __eheap_end = (ORIGIN (ewram) + LENGTH (ewram))
                0x0000000003000000                __iwram_start = ORIGIN (iwram)
                0x0000000003008000                __iwram_top = (ORIGIN (iwram) + LENGTH (iwram))
                0x0000000003007fa0                __sp_irq = (__iwram_top - 0x60)
                0x0000000003007f00                __sp_usr = (__sp_irq - 0xa0)
                0x0000000003007ff8                __irq_flags = 0x3007ff8
                0x0000000008000000                . = __text_start

.crt0           0x0000000008000000      0x210
 *(.crt0)
 .crt0          0x0000000008000000      0x210 /opt/devkitpro/devkitARM/bin/../lib/gcc/arm-none-eabi/11.2.0/../../../../arm-none-eabi/lib/thumb/gba_crt0.o
                0x0000000008000000                _start
                0x00000000080000c4                __boot_method
                0x00000000080000c5                __slave_number
                0x00000000080000e0                start_vector
                0x0000000008000210                . = ALIGN (0x4)

.init           0x0000000008000210        0xc
 *(SORT_NONE(.init))
 .init          0x0000000008000210        0x4 /opt/devkitpro/devkitARM/bin/../lib/gcc/arm-none-eabi/11.2.0/thumb/crti.o
                0x0000000008000210                _init
 .init          0x0000000008000214        0x8 /opt/devkitpro/devkitARM/bin/../lib/gcc/arm-none-eabi/11.2.0/thumb/crtn.o

.plt            0x000000000800021c        0x0
 *(.plt)
                0x000000000800021c                . = ALIGN (0x4)

.text           0x0000000008000220    0x10460
 *(EXCLUDE_FILE(*.iwram*) .text*)
 .text.__do_global_dtors_aux
                0x0000000008000220       0x2c /opt/devkitpro/devkitARM/bin/../lib/gcc/arm-none-eabi/11.2.0/thumb/crtbegin.o
 .text.frame_dummy
                0x000000000800024c       0x24 /opt/devkitpro/devkitARM/bin/../lib/gcc/arm-none-eabi/11.2.0/thumb/crtbegin.o
 .text._ZN12_GLOBAL__N_18triangle12_update_implILi4EEEvv
                0x0000000008000270      0x12c main.o
 .text._ZN12_GLOBAL__N_18triangle12_update_implILi8EEEvv
                0x000000000800039c      0x12c main.o
 .text._ZN12_GLOBAL__N_18triangle12_update_implILi16EEEvv
                0x00000000080004c8      0x12c main.o
 .text._ZN12_GLOBAL__N_18triangle12_update_implILi32EEEvv
                0x00000000080005f4      0x12c main.o
 .text._ZN3_bn6assert9show_argsIJA16_ciEEEvPKcS4_S4_iDpRKT_
                0x0000000008000720       0x58 main.o
                0x0000000008000720                void _bn::assert::show_args<char [16], int>(char const*, char const*, char const*, int, char const (&) [16], int const&)
 .text._ZN3_bn6assert9show_argsIJA15_ciEEEvPKcS4_S4_iDpRKT_
                0x0000000008000778       0x58 main.o
                0x0000000008000778                void _bn::assert::show_args<char [15], int>(char const*, char const*, char const*, int, char const (&) [15], int const&)
 .text._ZNK2bn17sprite_shape_size5widthEv
                0x00000000080007d0       0xb8 main.o
                0x00000000080007d0                bn::sprite_shape_size::width() const
 .text._ZN3_bn6assert9show_argsIJA20_ciEEEvPKcS4_S4_iDpRKT_
                0x0000000008000888       0x58 main.o
                0x0000000008000888                void _bn::assert::show_args<char [20], int>(char const*, char const*, char const*, int, char const (&) [20], int const&)
 .text._ZN12_GLOBAL__N_18triangleC2ERKN2bn11sprite_itemERKNS1_5pointES7_S7_.constprop.0.isra.0
                0x00000000080008e0       0xb8 main.o
 .text.startup.main
                0x0000000008000998      0x108 main.o
                0x0000000008000998                main
 .text._ZN2bn15sprites_manager12_GLOBAL__N_125_update_indexes_to_commitERKNS_20sprites_manager_itemE
                0x0000000008000aa0       0x48 bn_sprites_manager.o
 .text._ZN2bn13ostringstream11append_argsIiJA4_ciEEEvRKT_DpRKT0_.isra.0
                0x0000000008000ae8       0x24 bn_sprites_manager.o
 .text._ZN2bn15sprites_manager12_GLOBAL__N_123_update_item_dimensionsERNS_20sprites_manager_itemE
                0x0000000008000b0c       0xd0 bn_sprites_manager.o
 .text._ZN2bn10sprite_ptr12set_positionENS_7fixed_tILi12EEES2_
                0x0000000008000bdc       0x6c bn_sprites_manager.o
                0x0000000008000bdc                bn::sprite_ptr::set_position(bn::fixed_t<12>, bn::fixed_t<12>)
 .text._ZN2bn10sprite_ptr11set_visibleEb
                0x0000000008000c48       0x64 bn_sprites_manager.o
                0x0000000008000c48                bn::sprite_ptr::set_visible(bool)
 .text._ZN2bn15sprites_manager4initEv
                0x0000000008000cac       0x34 bn_sprites_manager.o
                0x0000000008000cac                bn::sprites_manager::init()
 .text._ZN2bn15sprites_manager5hw_idEPv
                0x0000000008000ce0       0x24 bn_sprites_manager.o
                0x0000000008000ce0                bn::sprites_manager::hw_id(void*)
 .text._ZN2bn15sprites_manager5shapeEPv
                0x0000000008000d04        0x8 bn_sprites_manager.o
                0x0000000008000d04                bn::sprites_manager::shape(void*)
 .text._ZN2bn15sprites_manager4sizeEPv
                0x0000000008000d0c        0x8 bn_sprites_manager.o
                0x0000000008000d0c                bn::sprites_manager::size(void*)
 .text._ZN2bn15sprites_manager10shape_sizeEPv
                0x0000000008000d14       0x14 bn_sprites_manager.o
                0x0000000008000d14                bn::sprites_manager::shape_size(void*)
 .text._ZN2bn15sprites_manager11hw_positionEPv
                0x0000000008000d28        0x4 bn_sprites_manager.o
                0x0000000008000d28                bn::sprites_manager::hw_position(void*)
 .text._ZN2bn15sprites_manager9view_modeEPv
                0x0000000008000d2c        0xc bn_sprites_manager.o
                0x0000000008000d2c                bn::sprites_manager::view_mode(void*)
 .text._ZN2bn15sprites_manager10affine_matEPv
                0x0000000008000d38        0x4 bn_sprites_manager.o
                0x0000000008000d38                bn::sprites_manager::affine_mat(void*)
 .text._ZN2bn15sprites_manager39fill_hblank_effect_horizontal_positionsEPviPKNS_7fixed_tILi12EEEPt
                0x0000000008000d3c       0x48 bn_sprites_manager.o
                0x0000000008000d3c                bn::sprites_manager::fill_hblank_effect_horizontal_positions(void*, int, bn::fixed_t<12> const*, unsigned short*)
 .text._ZN2bn15sprites_manager37fill_hblank_effect_vertical_positionsEPviPKNS_7fixed_tILi12EEEPt
                0x0000000008000d84       0x48 bn_sprites_manager.o
                0x0000000008000d84                bn::sprites_manager::fill_hblank_effect_vertical_positions(void*, int, bn::fixed_t<12> const*, unsigned short*)
 .text._ZN2bn15sprites_manager35fill_hblank_effect_first_attributesEiNS_12sprite_shapeENS_8bpp_modeEiPKNS_23sprite_first_attributesEPt
                0x0000000008000dcc      0x108 bn_sprites_manager.o
                0x0000000008000dcc                bn::sprites_manager::fill_hblank_effect_first_attributes(int, bn::sprite_shape, bn::bpp_mode, int, bn::sprite_first_attributes const*, unsigned short*)
 .text._ZN2bn15sprites_manager44fill_hblank_effect_regular_second_attributesEPviNS_11sprite_sizeEPKNS_32sprite_regular_second_attributesEPt
                0x0000000008000ed4       0x60 bn_sprites_manager.o
                0x0000000008000ed4                bn::sprites_manager::fill_hblank_effect_regular_second_attributes(void*, int, bn::sprite_size, bn::sprite_regular_second_attributes const*, unsigned short*)
 .text._ZN2bn15sprites_manager43fill_hblank_effect_affine_second_attributesEPviNS_11sprite_sizeEPKNS_31sprite_affine_second_attributesEPt
                0x0000000008000f34       0x58 bn_sprites_manager.o
                0x0000000008000f34                bn::sprites_manager::fill_hblank_effect_affine_second_attributes(void*, int, bn::sprite_size, bn::sprite_affine_second_attributes const*, unsigned short*)
 .text._ZN2bn15sprites_manager14update_camerasEv
                0x0000000008000f8c       0x2c bn_sprites_manager.o
                0x0000000008000f8c                bn::sprites_manager::update_cameras()
 .text._ZN2bn15sprites_manager6updateEv
                0x0000000008000fb8       0xa8 bn_sprites_manager.o
                0x0000000008000fb8                bn::sprites_manager::update()
 .text._ZN2bn15sprites_manager6commitEv
                0x0000000008001060       0x98 bn_sprites_manager.o
                0x0000000008001060                bn::sprites_manager::commit()
 .text._ZN3_bn6assert9show_argsIJA54_cEEEvPKcS4_S4_iDpRKT_
                0x00000000080010f8       0x50 bn_sprites_manager.o
                0x00000000080010f8                void _bn::assert::show_args<char [54]>(char const*, char const*, char const*, int, char const (&) [54])
 .text._ZNK2bn17sprite_shape_size11tiles_countENS_8bpp_modeE
                0x0000000008001148      0x120 bn_sprites_manager.o
                0x0000000008001148                bn::sprite_shape_size::tiles_count(bn::bpp_mode) const
 .text._ZN3_bn6assert9show_argsIJA25_ciEEEvPKcS4_S4_iDpRKT_
                0x0000000008001268       0x58 bn_sprites_manager.o
                0x0000000008001268                void _bn::assert::show_args<char [25], int>(char const*, char const*, char const*, int, char const (&) [25], int const&)
 .text._ZN3_bn6assert9show_argsIJA22_cEEEvPKcS4_S4_iDpRKT_
                0x00000000080012c0       0x50 bn_sprites_manager.o
                0x00000000080012c0                void _bn::assert::show_args<char [22]>(char const*, char const*, char const*, int, char const (&) [22])
 .text._ZN2bn15sprites_manager7paletteEPv
                0x0000000008001310       0x34 bn_sprites_manager.o
                0x0000000008001310                bn::sprites_manager::palette(void*)
 .text._ZN2bn15sprites_manager12_GLOBAL__N_118_remove_affine_matERNS_20sprites_manager_itemE
                0x0000000008001344       0xd0 bn_sprites_manager.o
 .text._ZN2bn15sprites_manager40remove_identity_affine_mat_if_not_neededEPv
                0x0000000008001414       0x18 bn_sprites_manager.o
                0x0000000008001414                bn::sprites_manager::remove_identity_affine_mat_if_not_needed(void*)
 .text._ZN3_bn6assert9show_argsIJA27_ciEEEvPKcS4_S4_iDpRKT_
                0x000000000800142c       0x58 bn_sprites_manager.o
                0x000000000800142c                void _bn::assert::show_args<char [27], int>(char const*, char const*, char const*, int, char const (&) [27], int const&)
 .text._ZNK2bn20sprites_manager_item15new_double_sizeEv.part.0
                0x0000000008001484       0x2c bn_sprites_manager.o
 .text._ZN2bn15sprites_manager29update_affine_mat_double_sizeEPv
                0x00000000080014b0       0xe4 bn_sprites_manager.o
                0x00000000080014b0                bn::sprites_manager::update_affine_mat_double_size(void*)
 .text._ZN2bn15sprites_manager12_GLOBAL__N_118_assign_affine_matERNS_20sprites_manager_itemEONS_21sprite_affine_mat_ptrE
                0x0000000008001594      0x184 bn_sprites_manager.o
 .text._ZN2bn10sprite_ptr14set_affine_matERKNS_21sprite_affine_mat_ptrE
                0x0000000008001718       0x4c bn_sprites_manager.o
                0x0000000008001718                bn::sprite_ptr::set_affine_mat(bn::sprite_affine_mat_ptr const&)
 .text._ZN3_bn6assert9show_argsIJA37_cEEEvPKcS4_S4_iDpRKT_
                0x0000000008001764       0x50 bn_sprites_manager.o
                0x0000000008001764                void _bn::assert::show_args<char [37]>(char const*, char const*, char const*, int, char const (&) [37])
 .text._ZN3_bn6assert9show_argsIJA18_ciEEEvPKcS4_S4_iDpRKT_
                0x00000000080017b4       0x58 bn_sprites_manager.o
                0x00000000080017b4                void _bn::assert::show_args<char [18], int>(char const*, char const*, char const*, int, char const (&) [18], int const&)
 .text._ZN3_bn6assert9show_argsIJA22_ciEEEvPKcS4_S4_iDpRKT_
                0x000000000800180c       0x58 bn_sprites_manager.o
                0x000000000800180c                void _bn::assert::show_args<char [22], int>(char const*, char const*, char const*, int, char const (&) [22], int const&)
 .text._ZN3_bn6assert9show_argsIJA33_cEEEvPKcS4_S4_iDpRKT_
                0x0000000008001864       0x50 bn_sprites_manager.o
                0x0000000008001864                void _bn::assert::show_args<char [33]>(char const*, char const*, char const*, int, char const (&) [33])
 .text._ZN3_bn6assert9show_argsIJA31_cEEEvPKcS4_S4_iDpRKT_
                0x00000000080018b4       0x50 bn_sprites_manager.o
                0x00000000080018b4                void _bn::assert::show_args<char [31]>(char const*, char const*, char const*, int, char const (&) [31])
 .text._ZN3_bn6assert9show_argsIJA19_cEEEvPKcS4_S4_iDpRKT_
                0x0000000008001904       0x50 bn_sprites_manager.o
                0x0000000008001904                void _bn::assert::show_args<char [19]>(char const*, char const*, char const*, int, char const (&) [19])
 .text._ZN3_bn6assert9show_argsIJA27_ciA4_ciEEEvPKcS5_S5_iDpRKT_
                0x0000000008001954       0x5c bn_sprites_manager.o
                0x0000000008001954                void _bn::assert::show_args<char [27], int, char [4], int>(char const*, char const*, char const*, int, char const (&) [27], int const&, char const (&) [4], int const&)
 .text._ZN2bn15sprites_manager35fill_hblank_effect_third_attributesENS_17sprite_shape_sizeEPKNS_23sprite_third_attributesEPt
                0x00000000080019b0       0xb8 bn_sprites_manager.o
                0x00000000080019b0                bn::sprites_manager::fill_hblank_effect_third_attributes(bn::sprite_shape_size, bn::sprite_third_attributes const*, unsigned short*)
 .text._ZN3_bn6assert9show_argsIJA13_cEEEvPKcS4_S4_iDpRKT_
                0x0000000008001a68       0x50 bn_sprites_manager.o
                0x0000000008001a68                void _bn::assert::show_args<char [13]>(char const*, char const*, char const*, int, char const (&) [13])
 .text._ZN2bn14sorted_sprites6sorter6insertERNS_20sprites_manager_itemE
                0x0000000008001ab8      0x19c bn_sprites_manager.o
                0x0000000008001ab8                bn::sorted_sprites::sorter::insert(bn::sprites_manager_item&)
 .text._ZN2bn15sprites_manager6createERKNS_11fixed_pointERKNS_17sprite_shape_sizeEONS_16sprite_tiles_ptrEONS_18sprite_palette_ptrE
                0x0000000008001c54      0x1f8 bn_sprites_manager.o
                0x0000000008001c54                bn::sprites_manager::create(bn::fixed_point const&, bn::sprite_shape_size const&, bn::sprite_tiles_ptr&&, bn::sprite_palette_ptr&&)
 .text._ZN2bn10sprite_ptr6createENS_7fixed_tILi12EEES2_RKNS_11sprite_itemE
                0x0000000008001e4c       0x54 bn_sprites_manager.o
                0x0000000008001e4c                bn::sprite_ptr::create(bn::fixed_t<12>, bn::fixed_t<12>, bn::sprite_item const&)
 .text._ZNK2bn11sprite_item13create_spriteENS_7fixed_tILi12EEES2_
                0x0000000008001ea0       0x1c bn_sprites_manager.o
                0x0000000008001ea0                bn::sprite_item::create_sprite(bn::fixed_t<12>, bn::fixed_t<12>) const
 .text._ZN3_bn6assert9show_argsIJA14_cEEEvPKcS4_S4_iDpRKT_
                0x0000000008001ebc       0x50 bn_sprites_manager.o
                0x0000000008001ebc                void _bn::assert::show_args<char [14]>(char const*, char const*, char const*, int, char const (&) [14])
 .text._ZN3_bn6assert9show_argsIJA18_cEEEvPKcS4_S4_iDpRKT_
                0x0000000008001f0c       0x50 bn_sprites_manager.o
                0x0000000008001f0c                void _bn::assert::show_args<char [18]>(char const*, char const*, char const*, int, char const (&) [18])
 .text.startup._GLOBAL__sub_I__ZN2bn7sprites16used_items_countEv
                0x0000000008001f5c       0x9c bn_sprites_manager.o
 .text.exit._GLOBAL__sub_D__ZN2bn7sprites16used_items_countEv
                0x0000000008001ff8       0x68 bn_sprites_manager.o
 .text._ZN2bn12hdma_manager7disableEv
                0x0000000008002060       0x30 bn_hdma_manager.o
                0x0000000008002060                bn::hdma_manager::disable()
 .text._ZN2bn12hdma_manager10force_stopEv
                0x0000000008002090       0x3c bn_hdma_manager.o
                0x0000000008002090                bn::hdma_manager::force_stop()
 .text._ZN2bn12hdma_manager6updateEv
                0x00000000080020cc       0x6c bn_hdma_manager.o
                0x00000000080020cc                bn::hdma_manager::update()
 .text._ZN2bn12hdma_manager6commitEv
                0x0000000008002138       0xd0 bn_hdma_manager.o
                0x0000000008002138                bn::hdma_manager::commit()
 .text.startup._GLOBAL__sub_I__ZN2bn4hdma7runningEv
                0x0000000008002208       0x34 bn_hdma_manager.o
 .text._ZN2bn5timerC2Ev
                0x000000000800223c       0x18 bn_timer.o
                0x000000000800223c                bn::timer::timer()
                0x000000000800223c                bn::timer::timer()
 .text._ZNK2bn5timer13elapsed_ticksEv
                0x0000000008002254       0x38 bn_timer.o
                0x0000000008002254                bn::timer::elapsed_ticks() const
 .text._ZN2bn5timer7restartEv
                0x000000000800228c       0x18 bn_timer.o
                0x000000000800228c                bn::timer::restart()
 .text._ZN2bn12gpio_manager6commitEv
                0x00000000080022a4       0x48 bn_gpio_manager.o
                0x00000000080022a4                bn::gpio_manager::commit()
 .text._ZN2bn12gpio_manager4stopEv
                0x00000000080022ec       0x3c bn_gpio_manager.o
                0x00000000080022ec                bn::gpio_manager::stop()
 .text._ZN2bn4core12_GLOBAL__N_111update_implEv
                0x0000000008002328       0x84 bn_core.o
 .text._ZN2bn4core12_GLOBAL__N_14stopEb
                0x00000000080023ac       0x48 bn_core.o
 .text._ZN2bn4core12_GLOBAL__N_118hp_vblank_functionEv
                0x00000000080023f4       0x24 bn_core.o
 .text._ZN2bn11string_viewC2EPKc
                0x0000000008002418       0x1c bn_core.o
                0x0000000008002418                bn::string_view::string_view(char const*)
                0x0000000008002418                bn::string_view::string_view(char const*)
 .text._ZN2bn4core6updateEv
                0x0000000008002434       0x74 bn_core.o
                0x0000000008002434                bn::core::update()
 .text._ZN2bn4core4initERKNS_11string_viewE
                0x00000000080024a8       0xbc bn_core.o
                0x00000000080024a8                bn::core::init(bn::string_view const&)
 .text._ZN2bn4core4initEv
                0x0000000008002564       0x18 bn_core.o
                0x0000000008002564                bn::core::init()
 .text._ZN3_bn6assert4showEPKcS2_S2_iRKN2bn12istring_baseE
                0x000000000800257c       0x58 bn_core.o
                0x000000000800257c                _bn::assert::show(char const*, char const*, char const*, int, bn::istring_base const&)
 .text._ZN3_bn6assert9show_argsIJA24_cEEEvPKcS4_S4_iDpRKT_
                0x00000000080025d4       0x50 bn_core.o
                0x00000000080025d4                void _bn::assert::show_args<char [24]>(char const*, char const*, char const*, int, char const (&) [24])
 .text.startup._GLOBAL__sub_I__ZN2bn4core4initEv
                0x0000000008002624       0x24 bn_core.o
 .text._ZN2bn13audio_manager4initEPFvvES2_
                0x0000000008002648        0xc bn_audio_manager.o
                0x0000000008002648                bn::audio_manager::init(void (*)(), void (*)())
 .text._ZN2bn13audio_manager7disableEv
                0x0000000008002654        0xc bn_audio_manager.o
                0x0000000008002654                bn::audio_manager::disable()
 .text._ZN2bn13audio_manager22disable_vblank_handlerEv
                0x0000000008002660        0xc bn_audio_manager.o
                0x0000000008002660                bn::audio_manager::disable_vblank_handler()
 .text._ZN2bn13audio_manager6commitEv
                0x000000000800266c       0xe0 bn_audio_manager.o
                0x000000000800266c                bn::audio_manager::commit()
 .text._ZN3_bn6assert9show_argsIJA25_cEEEvPKcS4_S4_iDpRKT_
                0x000000000800274c       0x50 bn_audio_manager.o
                0x000000000800274c                void _bn::assert::show_args<char [25]>(char const*, char const*, char const*, int, char const (&) [25])
 .text._ZN3_bn6assert9show_argsIJA21_cEEEvPKcS4_S4_iDpRKT_
                0x000000000800279c       0x50 bn_audio_manager.o
                0x000000000800279c                void _bn::assert::show_args<char [21]>(char const*, char const*, char const*, int, char const (&) [21])
 .text._ZN3_bn6assert9show_argsIJA15_cEEEvPKcS4_S4_iDpRKT_
                0x00000000080027ec       0x50 bn_audio_manager.o
                0x00000000080027ec                void _bn::assert::show_args<char [15]>(char const*, char const*, char const*, int, char const (&) [15])
 .text._ZN2bn13audio_manager15stop_all_soundsEv
                0x000000000800283c       0x54 bn_audio_manager.o
                0x000000000800283c                bn::audio_manager::stop_all_sounds()
 .text._ZN2bn13audio_manager10stop_musicEv
                0x0000000008002890       0x74 bn_audio_manager.o
                0x0000000008002890                bn::audio_manager::stop_music()
 .text._ZN2bn13audio_manager4stopEv
                0x0000000008002904       0x24 bn_audio_manager.o
                0x0000000008002904                bn::audio_manager::stop()
 .text.startup._GLOBAL__sub_I__ZN2bn5music7playingEv
                0x0000000008002928       0x24 bn_audio_manager.o
 .text._ZN2bn13ostringstreamC2ERNS_12istring_baseE
                0x000000000800294c        0x8 bn_sstream.o
                0x000000000800294c                bn::ostringstream::ostringstream(bn::istring_base&)
                0x000000000800294c                bn::ostringstream::ostringstream(bn::istring_base&)
 .text._ZN3_bn6assert9show_argsIJA26_ciEEEvPKcS4_S4_iDpRKT_
                0x0000000008002954       0xe4 bn_sstream.o
                0x0000000008002954                void _bn::assert::show_args<char [26], int>(char const*, char const*, char const*, int, char const (&) [26], int const&)
 .text._ZN2bn13ostringstream6appendEi
                0x0000000008002a38       0xa0 bn_sstream.o
                0x0000000008002a38                bn::ostringstream::append(int)
 .text._ZN3_bn6assert9show_argsIJA29_ciA4_ciEEEvPKcS5_S5_iDpRKT_
                0x0000000008002ad8       0x68 bn_sstream.o
                0x0000000008002ad8                void _bn::assert::show_args<char [29], int, char [4], int>(char const*, char const*, char const*, int, char const (&) [29], int const&, char const (&) [4], int const&)
 .text._ZN2bn13ostringstream6appendEPKc
                0x0000000008002b40       0xa0 bn_sstream.o
                0x0000000008002b40                bn::ostringstream::append(char const*)
 .text._ZN2bn13ostringstream6appendERKNS_11string_viewE
                0x0000000008002be0       0x98 bn_sstream.o
                0x0000000008002be0                bn::ostringstream::append(bn::string_view const&)
 .text._ZN2bn13ostringstream6appendEj
                0x0000000008002c78       0xa0 bn_sstream.o
                0x0000000008002c78                bn::ostringstream::append(unsigned int)
 .text._ZN2bn13ostringstream6appendEPKv
                0x0000000008002d18      0x110 bn_sstream.o
                0x0000000008002d18                bn::ostringstream::append(void const*)
 .text._ZN2bn7istring6appendEPKc.isra.0
                0x0000000008002e28       0xa0 bn_sstream.o
 .text._ZN2bn13ostringstream6appendEc
                0x0000000008002ec8       0x48 bn_sstream.o
                0x0000000008002ec8                bn::ostringstream::append(char)
 .text._ZN3_bn6assert9show_argsIJA17_cEEEvPKcS4_S4_iDpRKT_
                0x0000000008002f10       0x50 bn_memory_manager.o
                0x0000000008002f10                void _bn::assert::show_args<char [17]>(char const*, char const*, char const*, int, char const (&) [17])
 .text._ZN3_bn6assert9show_argsIJA16_cEEEvPKcS4_S4_iDpRKT_
                0x0000000008002f60       0x50 bn_memory_manager.o
                0x0000000008002f60                void _bn::assert::show_args<char [16]>(char const*, char const*, char const*, int, char const (&) [16])
 .text._ZN2bn14memory_manager4initEv
                0x0000000008002fb0      0x108 bn_memory_manager.o
                0x0000000008002fb0                bn::memory_manager::init()
 .text.startup._GLOBAL__sub_I__Znwj
                0x00000000080030b8       0x54 bn_memory_manager.o
 .text.exit._GLOBAL__sub_D__Znwj
                0x000000000800310c       0xa0 bn_memory_manager.o
 .text._ZN2bn26sprite_affine_mats_manager12_GLOBAL__N_17_updateEi
                0x00000000080031ac       0xec bn_sprite_affine_mats_manager.o
 .text._ZN2bn21sprite_affine_mat_ptrC2ERKS0_
                0x0000000008003298       0x20 bn_sprite_affine_mats_manager.o
                0x0000000008003298                bn::sprite_affine_mat_ptr::sprite_affine_mat_ptr(bn::sprite_affine_mat_ptr const&)
                0x0000000008003298                bn::sprite_affine_mat_ptr::sprite_affine_mat_ptr(bn::sprite_affine_mat_ptr const&)
 .text._ZNK2bn21sprite_affine_mat_ptr15horizontal_flipEv
                0x00000000080032b8       0x20 bn_sprite_affine_mats_manager.o
                0x00000000080032b8                bn::sprite_affine_mat_ptr::horizontal_flip() const
 .text._ZNK2bn21sprite_affine_mat_ptr13vertical_flipEv
                0x00000000080032d8       0x20 bn_sprite_affine_mats_manager.o
                0x00000000080032d8                bn::sprite_affine_mat_ptr::vertical_flip() const
 .text._ZN2bn26sprite_affine_mats_manager13attach_spriteEiRNS_24intrusive_list_node_typeE
                0x00000000080032f8       0x2c bn_sprite_affine_mats_manager.o
                0x00000000080032f8                bn::sprite_affine_mats_manager::attach_sprite(int, bn::intrusive_list_node_type&)
 .text._ZN2bn26sprite_affine_mats_manager14set_attributesEiRKNS_21affine_mat_attributesE
                0x0000000008003324       0x98 bn_sprite_affine_mats_manager.o
                0x0000000008003324                bn::sprite_affine_mats_manager::set_attributes(int, bn::affine_mat_attributes const&)
 .text._ZN2bn21sprite_affine_mat_ptr14set_attributesERKNS_21affine_mat_attributesE
                0x00000000080033bc       0x14 bn_sprite_affine_mats_manager.o
                0x00000000080033bc                bn::sprite_affine_mat_ptr::set_attributes(bn::affine_mat_attributes const&)
 .text._ZN2bn26sprite_affine_mats_manager18sprite_double_sizeEiii
                0x00000000080033d0      0x14c bn_sprite_affine_mats_manager.o
                0x00000000080033d0                bn::sprite_affine_mats_manager::sprite_double_size(int, int, int)
 .text._ZN2bn26sprite_affine_mats_manager20retrieve_commit_dataEv
                0x000000000800351c       0x44 bn_sprite_affine_mats_manager.o
                0x000000000800351c                bn::sprite_affine_mats_manager::retrieve_commit_data()
 .text._ZN2bn26sprite_affine_mats_manager12_GLOBAL__N_17_createEv
                0x0000000008003560       0xd0 bn_sprite_affine_mats_manager.o
 .text._ZN2bn21sprite_affine_mat_ptr6createEv
                0x0000000008003630       0x48 bn_sprite_affine_mats_manager.o
                0x0000000008003630                bn::sprite_affine_mat_ptr::create()
 .text._ZN2bn26sprite_affine_mats_manager15decrease_usagesEi.part.0
                0x0000000008003678       0x68 bn_sprite_affine_mats_manager.o
 .text._ZN2bn21sprite_affine_mat_ptr8_destroyEv
                0x00000000080036e0       0x2c bn_sprite_affine_mats_manager.o
                0x00000000080036e0                bn::sprite_affine_mat_ptr::_destroy()
 .text._ZN2bn26sprite_affine_mats_manager6updateEv
                0x000000000800370c       0xa0 bn_sprite_affine_mats_manager.o
                0x000000000800370c                bn::sprite_affine_mats_manager::update()
 .text._ZN2bn26sprite_affine_mats_manager4initEPv
                0x00000000080037ac       0x6c bn_sprite_affine_mats_manager.o
                0x00000000080037ac                bn::sprite_affine_mats_manager::init(void*)
 .text._ZN2bn26sprite_affine_mats_manager14dettach_spriteEiRNS_24intrusive_list_node_typeE
                0x0000000008003818       0x4c bn_sprite_affine_mats_manager.o
                0x0000000008003818                bn::sprite_affine_mats_manager::dettach_sprite(int, bn::intrusive_list_node_type&)
 .text.startup._GLOBAL__sub_I__ZN2bn18sprite_affine_mats10used_countEv
                0x0000000008003864       0x98 bn_sprite_affine_mats_manager.o
 .text.exit._GLOBAL__sub_D__ZN2bn18sprite_affine_mats10used_countEv
                0x00000000080038fc       0x3c bn_sprite_affine_mats_manager.o
 .text._ZN2bn12link_manager4initEv
                0x0000000008003938       0xd0 bn_link_manager.o
                0x0000000008003938                bn::link_manager::init()
 .text._ZN2bn12link_manager7disableEv
                0x0000000008003a08       0x90 bn_link_manager.o
                0x0000000008003a08                bn::link_manager::disable()
 .text._ZN2bn12link_manager6commitEv
                0x0000000008003a98       0x40 bn_link_manager.o
                0x0000000008003a98                bn::link_manager::commit()
 .text.startup._GLOBAL__sub_I__ZN2bn4link4sendEi
                0x0000000008003ad8       0x48 bn_link_manager.o
 .text._ZN2bn2hw8palettes9grayscaleEiiPNS_5colorE
                0x0000000008003b20       0x40 bn_palettes_manager.o
                0x0000000008003b20                bn::hw::palettes::grayscale(int, int, bn::color*)
 .text._ZN2bn11bg_palettes21set_transparent_colorENS_5colorE
                0x0000000008003b60       0x40 bn_palettes_manager.o
                0x0000000008003b60                bn::bg_palettes::set_transparent_color(bn::color)
 .text._ZN2bn14bg_palette_ptrC2ERKS0_
                0x0000000008003ba0       0x28 bn_palettes_manager.o
                0x0000000008003ba0                bn::bg_palette_ptr::bg_palette_ptr(bn::bg_palette_ptr const&)
                0x0000000008003ba0                bn::bg_palette_ptr::bg_palette_ptr(bn::bg_palette_ptr const&)
 .text._ZNK2bn14bg_palette_ptr3bppEv
                0x0000000008003bc8       0x24 bn_palettes_manager.o
                0x0000000008003bc8                bn::bg_palette_ptr::bpp() const
 .text._ZNK2bn18sprite_palette_ptr3bppEv
                0x0000000008003bec       0x1c bn_palettes_manager.o
                0x0000000008003bec                bn::sprite_palette_ptr::bpp() const
 .text._ZN2bn13palettes_bank11colors_hashERKNS_4spanIKNS_5colorEEE
                0x0000000008003c08       0x28 bn_palettes_manager.o
                0x0000000008003c08                bn::palettes_bank::colors_hash(bn::span<bn::color const> const&)
 .text._ZNK2bn13palettes_bank10log_statusEv
                0x0000000008003c30      0x148 bn_palettes_manager.o
                0x0000000008003c30                bn::palettes_bank::log_status() const
 .text._ZNK2bn13palettes_bank20retrieve_commit_dataEv
                0x0000000008003d78       0x60 bn_palettes_manager.o
                0x0000000008003d78                bn::palettes_bank::retrieve_commit_data() const
 .text._ZNK2bn13palettes_bank12_same_colorsERKNS_4spanIKNS_5colorEEEi
                0x0000000008003dd8       0x50 bn_palettes_manager.o
                0x0000000008003dd8                bn::palettes_bank::_same_colors(bn::span<bn::color const> const&, int) const
 .text._ZN2bn13palettes_bank10find_bpp_4ERKNS_4spanIKNS_5colorEEEt
                0x0000000008003e28       0xe8 bn_palettes_manager.o
                0x0000000008003e28                bn::palettes_bank::find_bpp_4(bn::span<bn::color const> const&, unsigned short)
 .text._ZNK2bn13palettes_bank21_apply_global_effectsEiPNS_5colorE
                0x0000000008003f10       0xe8 bn_palettes_manager.o
                0x0000000008003f10                bn::palettes_bank::_apply_global_effects(int, bn::color*) const
 .text._ZNK2bn13palettes_bank25fill_hblank_effect_colorsEPKNS_5colorEPt
                0x0000000008003ff8       0x38 bn_palettes_manager.o
                0x0000000008003ff8                bn::palettes_bank::fill_hblank_effect_colors(bn::color const*, unsigned short*) const
 .text._ZNK2bn13palettes_bank25fill_hblank_effect_colorsEiPKNS_5colorEPt
                0x0000000008004030       0xc0 bn_palettes_manager.o
                0x0000000008004030                bn::palettes_bank::fill_hblank_effect_colors(int, bn::color const*, unsigned short*) const
 .text._ZNK2bn13palettes_bank7palette13apply_effectsEiPNS_5colorE
                0x00000000080040f0       0x74 bn_palettes_manager.o
                0x00000000080040f0                bn::palettes_bank::palette::apply_effects(int, bn::color*) const
 .text._ZN2bn13palettes_bank15_update_paletteEi
                0x0000000008004164       0x58 bn_palettes_manager.o
                0x0000000008004164                bn::palettes_bank::_update_palette(int)
 .text._ZN2bn13palettes_bank6updateEv
                0x00000000080041bc      0x110 bn_palettes_manager.o
                0x00000000080041bc                bn::palettes_bank::update()
 .text._ZN2bn13palettes_bankC2Ev
                0x00000000080042cc       0xa8 bn_palettes_manager.o
                0x00000000080042cc                bn::palettes_bank::palettes_bank()
                0x00000000080042cc                bn::palettes_bank::palettes_bank()
 .text._ZN2bn16palettes_manager20sprite_palettes_bankEv
                0x0000000008004374        0x8 bn_palettes_manager.o
                0x0000000008004374                bn::palettes_manager::sprite_palettes_bank()
 .text._ZN2bn16palettes_manager16bg_palettes_bankEv
                0x000000000800437c        0x8 bn_palettes_manager.o
                0x000000000800437c                bn::palettes_manager::bg_palettes_bank()
 .text._ZN2bn16palettes_manager6updateEv
                0x0000000008004384       0x20 bn_palettes_manager.o
                0x0000000008004384                bn::palettes_manager::update()
 .text._ZN2bn16palettes_manager6commitEv
                0x00000000080043a4       0xe8 bn_palettes_manager.o
                0x00000000080043a4                bn::palettes_manager::commit()
 .text._ZN2bn16palettes_manager4stopEv
                0x000000000800448c       0x20 bn_palettes_manager.o
                0x000000000800448c                bn::palettes_manager::stop()
 .text._ZN3_bn6assert9show_argsIJA43_ciS2_A42_cEEEvPKcS5_S5_iDpRKT_
                0x00000000080044ac       0x68 bn_palettes_manager.o
                0x00000000080044ac                void _bn::assert::show_args<char [43], int, char [43], char [42]>(char const*, char const*, char const*, int, char const (&) [43], int const&, char const (&) [43], char const (&) [42])
 .text._ZN2bn13ostringstream11append_argsIA4_cJiEEEvRKT_DpRKT0_
                0x0000000008004514       0x18 bn_palettes_manager.o
                0x0000000008004514                void bn::ostringstream::append_args<char [4], int>(char const (&) [4], int const&)
 .text._ZN3_bn6assert9show_argsIJA39_cPKN2bn5colorEA4_ciEEEvPKcS9_S9_iDpRKT_
                0x000000000800452c       0x64 bn_palettes_manager.o
                0x000000000800452c                void _bn::assert::show_args<char [39], bn::color const*, char [4], int>(char const*, char const*, char const*, int, char const (&) [39], bn::color const* const&, char const (&) [4], int const&)
 .text._ZN2bn13palettes_bank12create_bpp_8ERKNS_4spanIKNS_5colorEEENS_16compression_typeEb
                0x0000000008004590      0x1d0 bn_palettes_manager.o
                0x0000000008004590                bn::palettes_bank::create_bpp_8(bn::span<bn::color const> const&, bn::compression_type, bool)
 .text._ZN3_bn6assert9show_argsIJA16_ciA4_ciEEEvPKcS5_S5_iDpRKT_
                0x0000000008004760       0x64 bn_palettes_manager.o
                0x0000000008004760                void _bn::assert::show_args<char [16], int, char [4], int>(char const*, char const*, char const*, int, char const (&) [16], int const&, char const (&) [4], int const&)
 .text._ZN3_bn6assert9show_argsIJA58_ciA4_ciEEEvPKcS5_S5_iDpRKT_
                0x00000000080047c4       0x64 bn_palettes_manager.o
                0x00000000080047c4                void _bn::assert::show_args<char [58], int, char [4], int>(char const*, char const*, char const*, int, char const (&) [58], int const&, char const (&) [4], int const&)
 .text._ZNK2bn19sprite_palette_item10uncompressENS_4spanINS_5colorEEE
                0x0000000008004828      0x134 bn_palettes_manager.o
                0x0000000008004828                bn::sprite_palette_item::uncompress(bn::span<bn::color>) const
 .text._ZN3_bn6assert9show_argsIJA26_cEEEvPKcS4_S4_iDpRKT_
                0x000000000800495c       0x50 bn_palettes_manager.o
                0x000000000800495c                void _bn::assert::show_args<char [26]>(char const*, char const*, char const*, int, char const (&) [26])
 .text._ZN2bn13palettes_bank12create_bpp_4ERKNS_4spanIKNS_5colorEEEtb
                0x00000000080049ac      0x28c bn_palettes_manager.o
                0x00000000080049ac                bn::palettes_bank::create_bpp_4(bn::span<bn::color const> const&, unsigned short, bool)
 .text._ZN2bn12_GLOBAL__N_112_create_implERKNS_19sprite_palette_itemEb
                0x0000000008004c38       0x7c bn_palettes_manager.o
 .text._ZNK2bn19sprite_palette_item14create_paletteEv
                0x0000000008004cb4       0x48 bn_palettes_manager.o
                0x0000000008004cb4                bn::sprite_palette_item::create_palette() const
 .text._ZN2bn14iunordered_mapItsNS_13palettes_bank15identity_hasherENS_8equal_toItEEE5eraseERKNS5_14const_iteratorE.isra.0
                0x0000000008004cfc      0x19c bn_palettes_manager.o
 .text._ZN2bn13palettes_bank15decrease_usagesEi.part.0
                0x0000000008004e98       0xd0 bn_palettes_manager.o
 .text._ZN2bn18sprite_palette_ptr8_destroyEv
                0x0000000008004f68       0x28 bn_palettes_manager.o
                0x0000000008004f68                bn::sprite_palette_ptr::_destroy()
 .text._ZN2bn14bg_palette_ptr8_destroyEv
                0x0000000008004f90       0x30 bn_palettes_manager.o
                0x0000000008004f90                bn::bg_palette_ptr::_destroy()
 .text._ZN2bn14bg_palette_ptraSERKS0_
                0x0000000008004fc0       0x5c bn_palettes_manager.o
                0x0000000008004fc0                bn::bg_palette_ptr::operator=(bn::bg_palette_ptr const&)
 .text.startup._GLOBAL__sub_I__ZN2bn11bg_palettes17used_colors_countEv
                0x000000000800501c       0x20 bn_palettes_manager.o
 .text._ZN2bn14keypad_manager4stopEv
                0x000000000800503c        0x4 bn_keypad_manager.o
                0x000000000800503c                bn::keypad_manager::stop()
 .text._ZN3_bn6assert9show_argsIJA19_ciA4_ciEEEvPKcS5_S5_iDpRKT_
                0x0000000008005040       0x6c bn_keypad_manager.o
                0x0000000008005040                void _bn::assert::show_args<char [19], int, char [4], int>(char const*, char const*, char const*, int, char const (&) [19], int const&, char const (&) [4], int const&)
 .text._ZN2bn14keypad_manager6updateEv
                0x00000000080050ac       0xa8 bn_keypad_manager.o
                0x00000000080050ac                bn::keypad_manager::update()
 .text._ZN3_bn6assert9show_argsIJA24_ciEEEvPKcS4_S4_iDpRKT_
                0x0000000008005154       0x58 bn_keypad_manager.o
                0x0000000008005154                void _bn::assert::show_args<char [24], int>(char const*, char const*, char const*, int, char const (&) [24], int const&)
 .text._ZN2bn14keypad_manager4initERKNS_11string_viewE
                0x00000000080051ac       0x58 bn_keypad_manager.o
                0x00000000080051ac                bn::keypad_manager::init(bn::string_view const&)
 .text._ZN3_bn6assert9show_argsIJA39_cPKN2bn4tileEA4_ciEEEvPKcS9_S9_iDpRKT_
                0x0000000008005204       0x64 bn_sprite_text_generator.o
                0x0000000008005204                void _bn::assert::show_args<char [39], bn::tile const*, char [4], int>(char const*, char const*, char const*, int, char const (&) [39], bn::tile const* const&, char const (&) [4], int const&)
 .text._ZNK2bn10camera_ptr8positionEv
                0x0000000008005268       0x14 bn_cameras_manager.o
                0x0000000008005268                bn::camera_ptr::position() const
 .text._ZN2bn15cameras_manager6updateEv
                0x000000000800527c       0x28 bn_cameras_manager.o
                0x000000000800527c                bn::cameras_manager::update()
 .text._ZN2bn15cameras_manager4initEv
                0x00000000080052a4       0x50 bn_cameras_manager.o
                0x00000000080052a4                bn::cameras_manager::init()
 .text._ZN2bn10camera_ptr8_destroyEv
                0x00000000080052f4       0x60 bn_cameras_manager.o
                0x00000000080052f4                bn::camera_ptr::_destroy()
 .text.startup._GLOBAL__sub_I__ZN2bn7cameras16used_items_countEv
                0x0000000008005354       0x2c bn_cameras_manager.o
 .text._ZN2bn3logERKNS_12istring_baseE
                0x0000000008005380        0xc bn_log.o
                0x0000000008005380                bn::log(bn::istring_base const&)
 .text._ZNK2bn16sprite_tiles_ptr2idEv
                0x000000000800538c       0x18 bn_sprite_tiles_manager.o
                0x000000000800538c                bn::sprite_tiles_ptr::id() const
 .text._ZNK2bn16sprite_tiles_ptr11tiles_countEv
                0x00000000080053a4       0x18 bn_sprite_tiles_manager.o
                0x00000000080053a4                bn::sprite_tiles_ptr::tiles_count() const
 .text._ZN2bn20sprite_tiles_manager10log_statusEv
                0x00000000080053bc      0x1f4 bn_sprite_tiles_manager.o
                0x00000000080053bc                bn::sprite_tiles_manager::log_status()
 .text._ZN2bn2hw12sprite_tiles6commitEPKNS_4tileENS_16compression_typeEii.part.0
                0x00000000080055b0       0x2c bn_sprite_tiles_manager.o
 .text._ZN2bn20sprite_tiles_manager6commitEv
                0x00000000080055dc       0xb4 bn_sprite_tiles_manager.o
                0x00000000080055dc                bn::sprite_tiles_manager::commit()
 .text._ZN3_bn6assert9show_argsIJA44_cPKN2bn4tileEA4_cS6_EEEvPKcS9_S9_iDpRKT_
                0x0000000008005690       0x6c bn_sprite_tiles_manager.o
                0x0000000008005690                void _bn::assert::show_args<char [44], bn::tile const*, char [4], bn::tile const*>(char const*, char const*, char const*, int, char const (&) [44], bn::tile const* const&, char const (&) [4], bn::tile const* const&)
 .text._ZN3_bn6assert9show_argsIJA46_ciA4_cjEEEvPKcS5_S5_iDpRKT_
                0x00000000080056fc       0x6c bn_sprite_tiles_manager.o
                0x00000000080056fc                void _bn::assert::show_args<char [46], int, char [4], unsigned int>(char const*, char const*, char const*, int, char const (&) [46], int const&, char const (&) [4], unsigned int const&)
 .text._ZN3_bn6assert9show_argsIJA28_cA15_cPKN2bn4tileEA16_ciA43_cNS4_11string_viewEEEEvPKcSC_SC_iDpRKT_
                0x0000000008005768       0x84 bn_sprite_tiles_manager.o
                0x0000000008005768                void _bn::assert::show_args<char [28], char [15], bn::tile const*, char [16], int, char [43], bn::string_view>(char const*, char const*, char const*, int, char const (&) [28], char const (&) [15], bn::tile const* const&, char const (&) [16], int const&, char const (&) [43], bn::string_view const&)
 .text._ZN2bn20sprite_tiles_manager12_GLOBAL__N_116_erase_free_itemEi
                0x00000000080057ec       0xe4 bn_sprite_tiles_manager.o
 .text._ZN2bn20sprite_tiles_manager15decrease_usagesEi.part.0
                0x00000000080058d0      0x108 bn_sprite_tiles_manager.o
 .text._ZN2bn16sprite_tiles_ptr8_destroyEv
                0x00000000080059d8       0x28 bn_sprite_tiles_manager.o
                0x00000000080059d8                bn::sprite_tiles_ptr::_destroy()
 .text._ZN2bn20sprite_tiles_manager12_GLOBAL__N_117_insert_free_itemEiPt
                0x0000000008005a00       0xd0 bn_sprite_tiles_manager.o
 .text._ZN2bn14iunordered_mapIPKNS_4tileEiNS_4hashIS3_EENS_8equal_toIS3_EEE5eraseERKNS8_14const_iteratorE.isra.0
                0x0000000008005ad0      0x1a0 bn_sprite_tiles_manager.o
 .text._ZN2bn20sprite_tiles_manager12_GLOBAL__N_112_create_itemEiPKNS_4tileENS_16compression_typeEib
                0x0000000008005c70      0x2bc bn_sprite_tiles_manager.o
 .text._ZN2bn20sprite_tiles_manager6updateEv.part.0
                0x0000000008005f2c      0x258 bn_sprite_tiles_manager.o
 .text._ZN2bn20sprite_tiles_manager6updateEv
                0x0000000008006184       0x1c bn_sprite_tiles_manager.o
                0x0000000008006184                bn::sprite_tiles_manager::update()
 .text._ZN2bn20sprite_tiles_manager12_GLOBAL__N_112_create_implEPKNS_4tileENS_16compression_typeEi
                0x00000000080061a0      0x1fc bn_sprite_tiles_manager.o
 .text._ZN2bn20sprite_tiles_manager4initEv
                0x000000000800639c      0x148 bn_sprite_tiles_manager.o
                0x000000000800639c                bn::sprite_tiles_manager::init()
 .text._ZN2bn20sprite_tiles_manager12_GLOBAL__N_110_find_implEPKNS_4tileENS_16compression_typeEi
                0x00000000080064e4      0x270 bn_sprite_tiles_manager.o
 .text._ZN2bn20sprite_tiles_manager6createERKNS_4spanIKNS_4tileEEENS_16compression_typeE
                0x0000000008006754      0x140 bn_sprite_tiles_manager.o
                0x0000000008006754                bn::sprite_tiles_manager::create(bn::span<bn::tile const> const&, bn::compression_type)
 .text._ZNK2bn17sprite_tiles_item12create_tilesEv
                0x0000000008006894       0xb4 bn_sprite_tiles_manager.o
                0x0000000008006894                bn::sprite_tiles_item::create_tiles() const
 .text.startup._GLOBAL__sub_I__ZN2bn12sprite_tiles16used_tiles_countEv
                0x0000000008006948       0xf0 bn_sprite_tiles_manager.o
 .text._ZN2bn17bg_blocks_manager15decrease_usagesEi.part.0
                0x0000000008006a38       0xc0 bn_bg_blocks_manager.o
 .text._ZNK2bn18regular_bg_map_ptr2idEv
                0x0000000008006af8       0x18 bn_bg_blocks_manager.o
                0x0000000008006af8                bn::regular_bg_map_ptr::id() const
 .text._ZNK2bn20regular_bg_tiles_ptr3cbbEv
                0x0000000008006b10       0x18 bn_bg_blocks_manager.o
                0x0000000008006b10                bn::regular_bg_tiles_ptr::cbb() const
 .text._ZNK2bn17affine_bg_map_ptr2idEv
                0x0000000008006b28       0x18 bn_bg_blocks_manager.o
                0x0000000008006b28                bn::affine_bg_map_ptr::id() const
 .text._ZNK2bn19affine_bg_tiles_ptr3cbbEv
                0x0000000008006b40       0x18 bn_bg_blocks_manager.o
                0x0000000008006b40                bn::affine_bg_tiles_ptr::cbb() const
 .text._ZN2bn17bg_blocks_manager11must_commitEi
                0x0000000008006b58       0x18 bn_bg_blocks_manager.o
                0x0000000008006b58                bn::bg_blocks_manager::must_commit(int)
 .text._ZN2bn2hw9bg_blocks6commitEPKtNS_16compression_typeEiPt.part.0
                0x0000000008006b70       0x2c bn_bg_blocks_manager.o
 .text._ZNK2bn18regular_bg_map_ptr10dimensionsEv
                0x0000000008006b9c       0x20 bn_bg_blocks_manager.o
                0x0000000008006b9c                bn::regular_bg_map_ptr::dimensions() const
 .text._ZNK2bn17affine_bg_map_ptr10dimensionsEv
                0x0000000008006bbc       0x20 bn_bg_blocks_manager.o
                0x0000000008006bbc                bn::affine_bg_map_ptr::dimensions() const
 .text._ZNK2bn17affine_bg_map_ptr5tilesEv
                0x0000000008006bdc       0x48 bn_bg_blocks_manager.o
                0x0000000008006bdc                bn::affine_bg_map_ptr::tiles() const
 .text._ZNK2bn18regular_bg_map_ptr5tilesEv
                0x0000000008006c24       0x48 bn_bg_blocks_manager.o
                0x0000000008006c24                bn::regular_bg_map_ptr::tiles() const
 .text._ZNK2bn18regular_bg_map_ptr3bppEv
                0x0000000008006c6c       0x4c bn_bg_blocks_manager.o
                0x0000000008006c6c                bn::regular_bg_map_ptr::bpp() const
 .text._ZN2bn17bg_blocks_manager21update_affine_map_rowEiii
                0x0000000008006cb8       0xd0 bn_bg_blocks_manager.o
                0x0000000008006cb8                bn::bg_blocks_manager::update_affine_map_row(int, int, int)
 .text._ZN2bn17bg_blocks_manager23set_affine_map_positionEiii
                0x0000000008006d88      0x148 bn_bg_blocks_manager.o
                0x0000000008006d88                bn::bg_blocks_manager::set_affine_map_position(int, int, int)
 .text._ZN2bn17bg_blocks_manager21update_affine_map_colEiii
                0x0000000008006ed0      0x238 bn_bg_blocks_manager.o
                0x0000000008006ed0                bn::bg_blocks_manager::update_affine_map_col(int, int, int)
 .text._ZN2bn17bg_blocks_manager22update_regular_map_rowEiii
                0x0000000008007108      0x10c bn_bg_blocks_manager.o
                0x0000000008007108                bn::bg_blocks_manager::update_regular_map_row(int, int, int)
 .text._ZN2bn17bg_blocks_manager22update_regular_map_colEiii
                0x0000000008007214      0x174 bn_bg_blocks_manager.o
                0x0000000008007214                bn::bg_blocks_manager::update_regular_map_col(int, int, int)
 .text._ZN2bn17bg_blocks_manager24set_regular_map_positionEiii
                0x0000000008007388      0x17c bn_bg_blocks_manager.o
                0x0000000008007388                bn::bg_blocks_manager::set_regular_map_position(int, int, int)
 .text._ZN2bn17bg_blocks_manager12_GLOBAL__N_112_commit_itemERKNS1_9item_typeE
                0x0000000008007504      0x234 bn_bg_blocks_manager.o
 .text._ZN2bn17bg_blocks_manager6commitEv
                0x0000000008007738       0x60 bn_bg_blocks_manager.o
                0x0000000008007738                bn::bg_blocks_manager::commit()
 .text._ZN2bn17bg_blocks_manager12_GLOBAL__N_110items_list12insert_afterEiRKNS1_9item_typeE.constprop.0
                0x0000000008007798      0x2b4 bn_bg_blocks_manager.o
 .text._ZN2bn17bg_blocks_manager4initEv
                0x0000000008007a4c      0x15c bn_bg_blocks_manager.o
                0x0000000008007a4c                bn::bg_blocks_manager::init()
 .text._ZN2bn14iunordered_mapIPKviNS_4hashIS2_EENS_8equal_toIS2_EEE5eraseERKNS7_14const_iteratorE.isra.0
                0x0000000008007ba8      0x1a0 bn_bg_blocks_manager.o
 .text._ZN2bn17bg_blocks_manager12_GLOBAL__N_121_remove_adjacent_itemEiRNS1_9item_typeE
                0x0000000008007d48       0xe0 bn_bg_blocks_manager.o
 .text._ZN2bn17bg_blocks_manager6updateEv.part.0
                0x0000000008007e28      0x210 bn_bg_blocks_manager.o
 .text._ZN2bn17bg_blocks_manager6updateEv
                0x0000000008008038       0x1c bn_bg_blocks_manager.o
                0x0000000008008038                bn::bg_blocks_manager::update()
 .text.startup._GLOBAL__sub_I__ZN2bn7bg_maps16used_cells_countEv
                0x0000000008008054       0x88 bn_bg_blocks_manager.o
 .text.exit._GLOBAL__sub_D__ZN2bn7bg_maps16used_cells_countEv
                0x00000000080080dc       0x80 bn_bg_blocks_manager.o
 .text._ZN2bn7type_idINS_4pairIiiEEEENS_9type_id_tEv
                0x000000000800815c        0x8 bn_hblank_effects_manager.o
                0x000000000800815c                bn::type_id_t bn::type_id<bn::pair<int, int> >()
 .text._ZN2bn7type_idINS_33regular_bg_attributes_hbe_handler15last_value_typeEEENS_9type_id_tEv
                0x0000000008008164        0x8 bn_hblank_effects_manager.o
                0x0000000008008164                bn::type_id_t bn::type_id<bn::regular_bg_attributes_hbe_handler::last_value_type>()
 .text._ZN2bn7type_idINS_32affine_bg_attributes_hbe_handler15last_value_typeEEENS_9type_id_tEv
                0x000000000800816c        0x8 bn_hblank_effects_manager.o
                0x000000000800816c                bn::type_id_t bn::type_id<bn::affine_bg_attributes_hbe_handler::last_value_type>()
 .text._ZN2bn7type_idIiEENS_9type_id_tEv
                0x0000000008008174        0x8 bn_hblank_effects_manager.o
                0x0000000008008174                bn::type_id_t bn::type_id<int>()
 .text._ZN2bn7type_idINS_47affine_bg_pivot_horizontal_position_hbe_handler15last_value_typeEEENS_9type_id_tEv
                0x000000000800817c        0x8 bn_hblank_effects_manager.o
                0x000000000800817c                bn::type_id_t bn::type_id<bn::affine_bg_pivot_horizontal_position_hbe_handler::last_value_type>()
 .text._ZN2bn7type_idINS_45affine_bg_pivot_vertical_position_hbe_handler15last_value_typeEEENS_9type_id_tEv
                0x0000000008008184        0x8 bn_hblank_effects_manager.o
                0x0000000008008184                bn::type_id_t bn::type_id<bn::affine_bg_pivot_vertical_position_hbe_handler::last_value_type>()
 .text._ZN2bn7type_idINS_35sprite_first_attributes_hbe_handler15last_value_typeEEENS_9type_id_tEv
                0x000000000800818c        0x8 bn_hblank_effects_manager.o
                0x000000000800818c                bn::type_id_t bn::type_id<bn::sprite_first_attributes_hbe_handler::last_value_type>()
 .text._ZN2bn7type_idINS_35sprite_second_attributes_last_valueEEENS_9type_id_tEv
                0x0000000008008194        0x8 bn_hblank_effects_manager.o
                0x0000000008008194                bn::type_id_t bn::type_id<bn::sprite_second_attributes_last_value>()
 .text._ZN2bn7type_idINS_17sprite_shape_sizeEEENS_9type_id_tEv
                0x000000000800819c        0x8 bn_hblank_effects_manager.o
                0x000000000800819c                bn::type_id_t bn::type_id<bn::sprite_shape_size>()
 .text._ZN2bn22hblank_effects_manager7disableEv
                0x00000000080081a4       0x24 bn_hblank_effects_manager.o
                0x00000000080081a4                bn::hblank_effects_manager::disable()
 .text._ZN2bn22hblank_effects_manager6commitEv
                0x00000000080081c8       0x74 bn_hblank_effects_manager.o
                0x00000000080081c8                bn::hblank_effects_manager::commit()
 .text._ZN2bn8optionalINS_29affine_bg_pa_register_hbe_ptrEEdeEv.part.0
                0x000000000800823c       0x28 bn_hblank_effects_manager.o
 .text._ZN2bn22hblank_effects_manager12_GLOBAL__N_110_is_uint32ENS0_12handler_typeE.part.0
                0x0000000008008264       0x2c bn_hblank_effects_manager.o
 .text._ZN3_bn6assert9show_argsIJA66_cEEEvPKcS4_S4_iDpRKT_
                0x0000000008008290       0x50 bn_hblank_effects_manager.o
                0x0000000008008290                void _bn::assert::show_args<char [66]>(char const*, char const*, char const*, int, char const (&) [66])
 .text._ZN3_bn6assert9show_argsIJA63_cEEEvPKcS4_S4_iDpRKT_
                0x00000000080082e0       0x50 bn_hblank_effects_manager.o
                0x00000000080082e0                void _bn::assert::show_args<char [63]>(char const*, char const*, char const*, int, char const (&) [63])
 .text._ZN2bn22hblank_effects_manager12_GLOBAL__N_19item_type18_check_update_implINS_32affine_bg_attributes_hbe_handlerEEEbv
                0x0000000008008330      0x1bc bn_hblank_effects_manager.o
 .text._ZN2bn22hblank_effects_manager12_GLOBAL__N_19item_type18_check_update_implINS_33regular_bg_attributes_hbe_handlerEEEbv
                0x00000000080084ec      0x1dc bn_hblank_effects_manager.o
 .text._ZN2bn22hblank_effects_manager12_GLOBAL__N_19item_type12check_updateEv
                0x00000000080086c8     0x2828 bn_hblank_effects_manager.o
 .text._ZN2bn22hblank_effects_manager6updateEv
                0x000000000800aef0      0x220 bn_hblank_effects_manager.o
                0x000000000800aef0                bn::hblank_effects_manager::update()
 .text._ZN2bn22hblank_effects_manager4initEv
                0x000000000800b110       0xe0 bn_hblank_effects_manager.o
                0x000000000800b110                bn::hblank_effects_manager::init()
 .text.startup._GLOBAL__sub_I__ZN2bn4hbes10used_countEv
                0x000000000800b1f0      0x100 bn_hblank_effects_manager.o
 .text.exit._GLOBAL__sub_D__ZN2bn4hbes10used_countEv
                0x000000000800b2f0       0x40 bn_hblank_effects_manager.o
 .text._ZN2bn13ostringstream11append_argsIiJA4_ciEEEvRKT_DpRKT0_.isra.0
                0x000000000800b330       0x24 bn_bgs_manager.o
 .text._ZN2bn11bgs_manager5hw_idEPv
                0x000000000800b354       0x24 bn_bgs_manager.o
                0x000000000800b354                bn::bgs_manager::hw_id(void*)
 .text._ZN2bn11bgs_manager11hw_positionEPv
                0x000000000800b378        0x4 bn_bgs_manager.o
                0x000000000800b378                bn::bgs_manager::hw_position(void*)
 .text._ZN2bn11bgs_manager14mat_attributesEPv
                0x000000000800b37c        0x4 bn_bgs_manager.o
                0x000000000800b37c                bn::bgs_manager::mat_attributes(void*)
 .text._ZN2bn11bgs_manager36fill_hblank_effect_regular_positionsEiPKNS_7fixed_tILi12EEEPt
                0x000000000800b380       0x38 bn_bgs_manager.o
                0x000000000800b380                bn::bgs_manager::fill_hblank_effect_regular_positions(int, bn::fixed_t<12> const*, unsigned short*)
 .text._ZN2bn11bgs_manager45fill_hblank_effect_pivot_horizontal_positionsEPvPKNS_7fixed_tILi12EEEPj
                0x000000000800b3b8       0x24 bn_bgs_manager.o
                0x000000000800b3b8                bn::bgs_manager::fill_hblank_effect_pivot_horizontal_positions(void*, bn::fixed_t<12> const*, unsigned int*)
 .text._ZN2bn11bgs_manager43fill_hblank_effect_pivot_vertical_positionsEPvPKNS_7fixed_tILi12EEEPj
                0x000000000800b3dc       0x24 bn_bgs_manager.o
                0x000000000800b3dc                bn::bgs_manager::fill_hblank_effect_pivot_vertical_positions(void*, bn::fixed_t<12> const*, unsigned int*)
 .text._ZN2bn11bgs_manager6commitEv
                0x000000000800b400       0xf8 bn_bgs_manager.o
                0x000000000800b400                bn::bgs_manager::commit()
 .text._ZN2bn11bgs_manager4stopEv
                0x000000000800b4f8       0x28 bn_bgs_manager.o
                0x000000000800b4f8                bn::bgs_manager::stop()
 .text._ZN3_bn6assert9show_argsIJA30_cEEEvPKcS4_S4_iDpRKT_
                0x000000000800b520       0x50 bn_bgs_manager.o
                0x000000000800b520                void _bn::assert::show_args<char [30]>(char const*, char const*, char const*, int, char const (&) [30])
 .text._ZN2bn11bgs_manager15commit_big_mapsEv
                0x000000000800b570      0x314 bn_bgs_manager.o
                0x000000000800b570                bn::bgs_manager::commit_big_maps()
 .text._ZN2bn11bgs_manager10affine_mapEPv
                0x000000000800b884       0x34 bn_bgs_manager.o
                0x000000000800b884                bn::bgs_manager::affine_map(void*)
 .text._ZN2bn11bgs_manager11regular_mapEPv
                0x000000000800b8b8       0x34 bn_bgs_manager.o
                0x000000000800b8b8                bn::bgs_manager::regular_map(void*)
 .text._ZN3_bn6assert9show_argsIJA60_ciA4_ciEEEvPKcS5_S5_iDpRKT_
                0x000000000800b8ec       0x5c bn_bgs_manager.o
                0x000000000800b8ec                void _bn::assert::show_args<char [60], int, char [4], int>(char const*, char const*, char const*, int, char const (&) [60], int const&, char const (&) [4], int const&)
 .text._ZN3_bn6assert9show_argsIJA59_ciA4_ciEEEvPKcS5_S5_iDpRKT_
                0x000000000800b948       0x5c bn_bgs_manager.o
                0x000000000800b948                void _bn::assert::show_args<char [59], int, char [4], int>(char const*, char const*, char const*, int, char const (&) [59], int const&, char const (&) [4], int const&)
 .text._ZN3_bn6assert9show_argsIJA57_ciA4_ciEEEvPKcS5_S5_iDpRKT_
                0x000000000800b9a4       0x5c bn_bgs_manager.o
                0x000000000800b9a4                void _bn::assert::show_args<char [57], int, char [4], int>(char const*, char const*, char const*, int, char const (&) [57], int const&, char const (&) [4], int const&)
 .text._ZN2bn11bgs_manager14update_camerasEv
                0x000000000800ba00      0x2d8 bn_bgs_manager.o
                0x000000000800ba00                bn::bgs_manager::update_cameras()
 .text._ZN2bn11bgs_manager37fill_hblank_effect_regular_attributesEPvPKNS_21regular_bg_attributesEPt
                0x000000000800bcd8      0x124 bn_bgs_manager.o
                0x000000000800bcd8                bn::bgs_manager::fill_hblank_effect_regular_attributes(void*, bn::regular_bg_attributes const*, unsigned short*)
 .text._ZN2bn11bgs_manager36fill_hblank_effect_affine_attributesEPvPKNS_20affine_bg_attributesEPt
                0x000000000800bdfc      0x11c bn_bgs_manager.o
                0x000000000800bdfc                bn::bgs_manager::fill_hblank_effect_affine_attributes(void*, bn::affine_bg_attributes const*, unsigned short*)
 .text._ZN2bn11bgs_manager6updateEv
                0x000000000800bf18      0x184 bn_bgs_manager.o
                0x000000000800bf18                bn::bgs_manager::update()
 .text.startup._GLOBAL__sub_I__ZN2bn3bgs16used_items_countEv
                0x000000000800c09c       0x64 bn_bgs_manager.o
 .text.exit._GLOBAL__sub_D__ZN2bn3bgs16used_items_countEv
                0x000000000800c100       0x38 bn_bgs_manager.o
 .text._ZN2bn15display_manager12_GLOBAL__N_134_update_rect_windows_hw_boundariesEi
                0x000000000800c138       0x98 bn_display_manager.o
 .text._ZN2bn15display_manager4initEv
                0x000000000800c1d0       0x48 bn_display_manager.o
                0x000000000800c1d0                bn::display_manager::init()
 .text._ZN2bn15display_manager8set_modeEi
                0x000000000800c218       0x1c bn_display_manager.o
                0x000000000800c218                bn::display_manager::set_mode(int)
 .text._ZN2bn15display_manager14set_bg_enabledEib
                0x000000000800c234       0x1c bn_display_manager.o
                0x000000000800c234                bn::display_manager::set_bg_enabled(int, bool)
 .text._ZN2bn15display_manager15disable_all_bgsEv
                0x000000000800c250       0x18 bn_display_manager.o
                0x000000000800c250                bn::display_manager::disable_all_bgs()
 .text._ZN2bn15display_manager36fill_mosaic_hblank_effect_attributesEPKNS_17mosaic_attributesEPt
                0x000000000800c268       0xb4 bn_display_manager.o
                0x000000000800c268                bn::display_manager::fill_mosaic_hblank_effect_attributes(bn::mosaic_attributes const*, unsigned short*)
 .text._ZN2bn15display_manager23set_blending_bg_enabledEib
                0x000000000800c31c       0x14 bn_display_manager.o
                0x000000000800c31c                bn::display_manager::set_blending_bg_enabled(int, bool)
 .text._ZN2bn15display_manager27blending_transparency_alphaEv
                0x000000000800c330        0xc bn_display_manager.o
                0x000000000800c330                bn::display_manager::blending_transparency_alpha()
 .text._ZN2bn15display_manager24blending_intensity_alphaEv
                0x000000000800c33c        0xc bn_display_manager.o
                0x000000000800c33c                bn::display_manager::blending_intensity_alpha()
 .text._ZN2bn15display_manager51fill_blending_transparency_hblank_effect_attributesEPKNS_32blending_transparency_attributesEPt
                0x000000000800c348       0x3c bn_display_manager.o
                0x000000000800c348                bn::display_manager::fill_blending_transparency_hblank_effect_attributes(bn::blending_transparency_attributes const*, unsigned short*)
 .text._ZN2bn15display_manager21blending_fade_enabledEv
                0x000000000800c384       0x10 bn_display_manager.o
                0x000000000800c384                bn::display_manager::blending_fade_enabled()
 .text._ZN2bn15display_manager39fill_blending_fade_hblank_effect_alphasEPKNS_19blending_fade_alphaEPt
                0x000000000800c394       0x24 bn_display_manager.o
                0x000000000800c394                bn::display_manager::fill_blending_fade_hblank_effect_alphas(bn::blending_fade_alpha const*, unsigned short*)
 .text._ZN2bn15display_manager26update_windows_visible_bgsEv
                0x000000000800c3b8       0x10 bn_display_manager.o
                0x000000000800c3b8                bn::display_manager::update_windows_visible_bgs()
 .text._ZN2bn15display_manager36rect_window_hw_horizontal_boundariesEi
                0x000000000800c3c8       0x18 bn_display_manager.o
                0x000000000800c3c8                bn::display_manager::rect_window_hw_horizontal_boundaries(int)
 .text._ZN2bn15display_manager34rect_window_hw_vertical_boundariesEi
                0x000000000800c3e0       0x18 bn_display_manager.o
                0x000000000800c3e0                bn::display_manager::rect_window_hw_vertical_boundaries(int)
 .text._ZN2bn15display_manager52fill_rect_window_hblank_effect_horizontal_boundariesERKNS_4pairIiiEEPKNS1_INS_7fixed_tILi12EEES6_EEPt
                0x000000000800c3f8      0x13c bn_display_manager.o
                0x000000000800c3f8                bn::display_manager::fill_rect_window_hblank_effect_horizontal_boundaries(bn::pair<int, int> const&, bn::pair<bn::fixed_t<12>, bn::fixed_t<12> > const*, unsigned short*)
 .text._ZN2bn15display_manager50fill_rect_window_hblank_effect_vertical_boundariesERKNS_4pairIiiEEPKNS1_INS_7fixed_tILi12EEES6_EEPt
                0x000000000800c534      0x13c bn_display_manager.o
                0x000000000800c534                bn::display_manager::fill_rect_window_hblank_effect_vertical_boundaries(bn::pair<int, int> const&, bn::pair<bn::fixed_t<12>, bn::fixed_t<12> > const*, unsigned short*)
 .text._ZN2bn15display_manager36fill_green_swap_hblank_effect_statesEPKbPt
                0x000000000800c670       0x38 bn_display_manager.o
                0x000000000800c670                bn::display_manager::fill_green_swap_hblank_effect_states(bool const*, unsigned short*)
 .text._ZN2bn15display_manager14update_camerasEv
                0x000000000800c6a8       0x40 bn_display_manager.o
                0x000000000800c6a8                bn::display_manager::update_cameras()
 .text._ZN2bn15display_manager6updateEv
                0x000000000800c6e8      0x104 bn_display_manager.o
                0x000000000800c6e8                bn::display_manager::update()
 .text._ZN2bn15display_manager6commitEv
                0x000000000800c7ec      0x2b0 bn_display_manager.o
                0x000000000800c7ec                bn::display_manager::commit()
 .text._ZN2bn15display_manager4stopEv
                0x000000000800ca9c       0x2c bn_display_manager.o
                0x000000000800ca9c                bn::display_manager::stop()
 .text.startup._GLOBAL__sub_I__ZNK2bn6window7show_bgERKNS_14regular_bg_ptrE
                0x000000000800cac8       0x8c bn_display_manager.o
 .text.exit._GLOBAL__sub_D__ZNK2bn6window7show_bgERKNS_14regular_bg_ptrE
                0x000000000800cb54       0x48 bn_display_manager.o
 .text._ZN2bn2hw4link11_timer_intrEv
                0x000000000800cb9c      0x10c bn_hw_link.o
                0x000000000800cb9c                bn::hw::link::_timer_intr()
 .text._ZN2bn2hw4link12_serial_intrEv
                0x000000000800cca8      0x230 bn_hw_link.o
                0x000000000800cca8                bn::hw::link::_serial_intr()
 .text._ZN2bn2hw3logERKNS_12istring_baseE
                0x000000000800ced8       0x68 bn_hw_log.o
                0x000000000800ced8                bn::hw::log(bn::istring_base const&)
 .text._ZN3_bn6assert9show_argsIJA40_cEEEvPKcS4_S4_iDpRKT_
                0x000000000800cf40       0x50 bn_hw_common.bn_noflto.o
                0x000000000800cf40                void _bn::assert::show_args<char [40]>(char const*, char const*, char const*, int, char const (&) [40])
 .text.__aeabi_idiv0
                0x000000000800cf90       0x24 bn_hw_common.bn_noflto.o
                0x000000000800cf90                __aeabi_idiv0
 .text._ZN2bn2hw5audio12_GLOBAL__N_137_update_frame_with_hp_vblank_functionEv
                0x000000000800cfb4       0x28 bn_hw_audio.o
 .text._ZN2bn2hw5audio4initEPFvvES3_
                0x000000000800cfdc       0x64 bn_hw_audio.o
                0x000000000800cfdc                bn::hw::audio::init(void (*)(), void (*)())
 .text._ZN2bn2hw5audio7disableEv
                0x000000000800d040       0x34 bn_hw_audio.o
                0x000000000800d040                bn::hw::audio::disable()
 .text._ZN2bn2hw5audio13music_playingEv
                0x000000000800d074       0x10 bn_hw_audio.o
                0x000000000800d074                bn::hw::audio::music_playing()
 .text._ZN2bn2hw5audio10play_musicEiib
                0x000000000800d084       0x2c bn_hw_audio.o
                0x000000000800d084                bn::hw::audio::play_music(int, int, bool)
 .text._ZN2bn2hw5audio10stop_musicEv
                0x000000000800d0b0        0xc bn_hw_audio.o
                0x000000000800d0b0                bn::hw::audio::stop_music()
 .text._ZN2bn2hw5audio11pause_musicEv
                0x000000000800d0bc        0xc bn_hw_audio.o
                0x000000000800d0bc                bn::hw::audio::pause_music()
 .text._ZN2bn2hw5audio12resume_musicEv
                0x000000000800d0c8        0xc bn_hw_audio.o
                0x000000000800d0c8                bn::hw::audio::resume_music()
 .text._ZN2bn2hw5audio14music_positionEv
                0x000000000800d0d4        0xc bn_hw_audio.o
                0x000000000800d0d4                bn::hw::audio::music_position()
 .text._ZN2bn2hw5audio18set_music_positionEi
                0x000000000800d0e0        0xc bn_hw_audio.o
                0x000000000800d0e0                bn::hw::audio::set_music_position(int)
 .text._ZN2bn2hw5audio16set_music_volumeEi
                0x000000000800d0ec        0xc bn_hw_audio.o
                0x000000000800d0ec                bn::hw::audio::set_music_volume(int)
 .text._ZN2bn2hw5audio22disable_vblank_handlerEv
                0x000000000800d0f8       0x14 bn_hw_audio.o
                0x000000000800d0f8                bn::hw::audio::disable_vblank_handler()
 .text._ZN2bn2hw5audio21enable_vblank_handlerEv
                0x000000000800d10c       0x14 bn_hw_audio.o
                0x000000000800d10c                bn::hw::audio::enable_vblank_handler()
 .text._ZN2bn2hw5audio12_GLOBAL__N_119_add_sound_to_queueEit
                0x000000000800d120       0xd0 bn_hw_audio.o
 .text._ZN2bn2hw5audio15stop_all_soundsEv
                0x000000000800d1f0       0x70 bn_hw_audio.o
                0x000000000800d1f0                bn::hw::audio::stop_all_sounds()
 .text._ZN2bn2hw5audio12_GLOBAL__N_119_check_sounds_queueEv.part.0
                0x000000000800d260       0xa4 bn_hw_audio.o
 .text._ZN2bn2hw5audio10play_soundEiiiii
                0x000000000800d304       0x44 bn_hw_audio.o
                0x000000000800d304                bn::hw::audio::play_sound(int, int, int, int, int)
 .text._ZN2bn2hw5audio10play_soundEii
                0x000000000800d348       0x30 bn_hw_audio.o
                0x000000000800d348                bn::hw::audio::play_sound(int, int)
 .text._ZN2bn2hw5audio6commitEv
                0x000000000800d378       0xb0 bn_hw_audio.o
                0x000000000800d378                bn::hw::audio::commit()
 .text.startup._GLOBAL__sub_I__ZN2bn2hw5audio4initEPFvvES3_
                0x000000000800d428       0x2c bn_hw_audio.o
 .text.exit._GLOBAL__sub_D__ZN2bn2hw5audio4initEPFvvES3_
                0x000000000800d454       0x94 bn_hw_audio.o
 .text._ZN2bn2hw4sram4initEv
                0x000000000800d4e8       0x10 bn_hw_sram.o
                0x000000000800d4e8                bn::hw::sram::init()
 .text._ZN2bn2hw4show5errorERKNS_11string_viewES4_S4_iS4_
                0x000000000800d4f8      0x2b4 bn_hw_show.o
                0x000000000800d4f8                bn::hw::show::error(bn::string_view const&, bn::string_view const&, bn::string_view const&, int, bn::string_view const&)
 .text._ZN2bn2hw4text5parseEiRNS_5arrayIcLi32EEE
                0x000000000800d7ac       0xbc bn_hw_text.o
                0x000000000800d7ac                bn::hw::text::parse(int, bn::array<char, 32>&)
 .text._ZN2bn2hw4text5parseEjRNS_5arrayIcLi32EEE
                0x000000000800d868       0xa0 bn_hw_text.o
                0x000000000800d868                bn::hw::text::parse(unsigned int, bn::array<char, 32>&)
 .text._ZN2bn2hw4text5parseEPKvRNS_5arrayIcLi32EEE
                0x000000000800d908       0x30 bn_hw_text.o
                0x000000000800d908                bn::hw::text::parse(void const*, bn::array<char, 32>&)
 .text._ZN2bn2hw6memory4initEv
                0x000000000800d938        0x4 bn_hw_memory.o
                0x000000000800d938                bn::hw::memory::init()
 .text._ZN2bn2hw6memory16ewram_heap_startEv
                0x000000000800d93c        0x8 bn_hw_memory.o
                0x000000000800d93c                bn::hw::memory::ewram_heap_start()
 .text._ZN2bn2hw6memory14ewram_heap_endEv
                0x000000000800d944        0x8 bn_hw_memory.o
                0x000000000800d944                bn::hw::memory::ewram_heap_end()
 .text.clr_rotate
                0x000000000800d94c       0xbc tonc_color.o
                0x000000000800d94c                clr_rotate
 .text.clr_grayscale
                0x000000000800da08       0x84 tonc_color.o
                0x000000000800da08                clr_grayscale
 .text.clr_adj_brightness
                0x000000000800da8c       0x60 tonc_color.o
                0x000000000800da8c                clr_adj_brightness
 .text.clr_adj_contrast
                0x000000000800daec       0xa0 tonc_color.o
                0x000000000800daec                clr_adj_contrast
 .text.clr_adj_intensity
                0x000000000800db8c       0x98 tonc_color.o
                0x000000000800db8c                clr_adj_intensity
 .text.sbmp8_rect
                0x000000000800dc24       0x68 tonc_sbmp8.o
                0x000000000800dc24                sbmp8_rect
 .text.irq_init
                0x000000000800dc8c       0x48 tonc_irq.o
                0x000000000800dc8c                irq_init
 .text.irq_add  0x000000000800dcd4       0x6c tonc_irq.o
                0x000000000800dcd4                irq_add
 .text.irq_add_disabled
                0x000000000800dd40       0x40 tonc_irq.o
                0x000000000800dd40                irq_add_disabled
 .text.irq_enable
                0x000000000800dd80       0x48 tonc_irq.o
                0x000000000800dd80                irq_enable
 .text.irq_disable
                0x000000000800ddc8       0x44 tonc_irq.o
                0x000000000800ddc8                irq_disable
 .text.__toncset
                0x000000000800de0c       0x90 tonc_core.o
                0x000000000800de0c                __toncset
 .text.sbmp16_rect
                0x000000000800de9c       0x64 tonc_sbmp16.o
                0x000000000800de9c                sbmp16_rect
 .text.bmp16_drawg_b1cts
                0x000000000800df00       0xa8 bmp16_drawg_b1cs.o
                0x000000000800df00                bmp16_drawg_b1cts
 .text.dummy_drawg
                0x000000000800dfa8        0x4 tte_main.o
                0x000000000800dfa8                dummy_drawg
 .text.dummy_erase
                0x000000000800dfac        0x4 tte_main.o
                0x000000000800dfac                dummy_erase
 .text.tte_init_base
                0x000000000800dfb0       0x8c tte_main.o
                0x000000000800dfb0                tte_init_base
 .text.utf8_decode_char
                0x000000000800e03c       0xb4 tte_main.o
                0x000000000800e03c                utf8_decode_char
 .text.tte_write
                0x000000000800e0f0       0xd4 tte_main.o
                0x000000000800e0f0                tte_write
 .text.tte_set_margins
                0x000000000800e1c4       0x18 tte_main.o
                0x000000000800e1c4                tte_set_margins
 .text.bmp8_erase
                0x000000000800e1dc       0x28 tte_init_bmp.o
                0x000000000800e1dc                bmp8_erase
 .text.bmp16_erase
                0x000000000800e204       0x28 tte_init_bmp.o
                0x000000000800e204                bmp16_erase
 .text.tte_init_bmp
                0x000000000800e22c       0xe4 tte_init_bmp.o
                0x000000000800e22c                tte_init_bmp
 .text.bmp8_drawg_b1cts
                0x000000000800e310       0xf4 bmp8_drawg_b1cs.o
                0x000000000800e310                bmp8_drawg_b1cts
 .text          0x000000000800e404       0x8c tonc_bios.o
                0x000000000800e404                SoftReset
                0x000000000800e408                RegisterRamReset
                0x000000000800e40c                Halt
                0x000000000800e410                Stop
                0x000000000800e414                IntrWait
                0x000000000800e418                VBlankIntrWait
                0x000000000800e41c                Div
                0x000000000800e420                DivArm
                0x000000000800e424                Sqrt
                0x000000000800e428                ArcTan
                0x000000000800e42c                ArcTan2
                0x000000000800e430                CpuSet
                0x000000000800e434                CpuFastSet
                0x000000000800e438                BiosCheckSum
                0x000000000800e43c                BgAffineSet
                0x000000000800e440                ObjAffineSet
                0x000000000800e444                BitUnPack
                0x000000000800e448                LZ77UnCompWram
                0x000000000800e44c                LZ77UnCompVram
                0x000000000800e450                HuffUnComp
                0x000000000800e454                RLUnCompWram
                0x000000000800e458                RLUnCompVram
                0x000000000800e45c                Diff8bitUnFilterWram
                0x000000000800e460                Diff8bitUnFilterVram
                0x000000000800e464                Diff16bitUnFilter
                0x000000000800e468                SoundBias
                0x000000000800e46c                SoundDriverInit
                0x000000000800e470                SoundDriverMode
                0x000000000800e474                SoundDriverMain
                0x000000000800e478                SoundDriverVSync
                0x000000000800e47c                SoundChannelClear
                0x000000000800e480                MidiKey2Freq
                0x000000000800e484                MultiBoot
                0x000000000800e488                SoundDriverVSyncOff
                0x000000000800e48c                SoundDriverVSyncOn
 .text          0x000000000800e490       0x44 tonc_memcpy.o
                0x000000000800e490                memcpy16
 .text          0x000000000800e4d4       0x54 tonc_bios_ex.o
                0x000000000800e4d4                VBlankIntrDelay
                0x000000000800e4e4                DivSafe
                0x000000000800e4f8                Mod
                0x000000000800e500                DivAbs
                0x000000000800e508                DivArmMod
                0x000000000800e510                DivArmAbs
                0x000000000800e518                CpuFastFill
 .text          0x000000000800e528       0x3c tonc_memset.o
                0x000000000800e528                memset16
 .text          0x000000000800e564      0x264 posprintf.o
                0x000000000800e564                posprintf
 .text          0x000000000800e7c8     0x1564 /opt/devkitpro/libgba/lib/libmm.a(mm_mas.o)
                0x000000000800e83c                mmStart
                0x000000000800e85c                mmJingle
                0x000000000800e862                mmPlayModule
                0x000000000800e92c                mmPause
                0x000000000800e948                mmResume
                0x000000000800e958                mmActive
                0x000000000800e95e                mmActiveSub
                0x000000000800e964                mmSetModuleVolume
                0x000000000800e974                mmSetJingleVolume
                0x000000000800e9b0                mmGetPosition
                0x000000000800e9b6                mmPosition
                0x000000000800e9d0                mmSetModuleTempo
                0x000000000800ea02                mmSetModulePitch
                0x000000000800ea44                mmStop
                0x000000000800eb0a                mppUpdateSub
                0x000000000800ec66                mpp_Process_VolumeCommand
                0x000000000800ee9e                mpp_Process_Effect
                0x000000000800f5ec                ST3_FREQTABLE
                0x000000000800fa0c                IT_PitchTable
 .text          0x000000000800fd2c      0x140 /opt/devkitpro/libgba/lib/libmm.a(mm_main.o)
                0x000000000800fd2c                mpp_call_r7
                0x000000000800fd2e                mpp_call_r1
                0x000000000800fd30                mpp_call_r2
                0x000000000800fd32                mpp_call_r3
                0x000000000800fd34                mmSetEventHandler
                0x000000000800fd3c                mmInit
                0x000000000800fd90                mmSetVBlankHandler
                0x000000000800fd96                mmFrame
 .text          0x000000000800fe6c      0x314 /opt/devkitpro/libgba/lib/libmm.a(mm_effect.o)
                0x000000000800fe6c                mmResetEffects
                0x000000000800fe98                mmEffect
                0x000000000800feae                mmEffectEx
                0x000000000800ffae                mmEffectActive
                0x000000000800ffe2                mmEffectVolume
                0x000000000800fffe                mmEffectPanning
                0x0000000008010012                mmEffectRate
                0x0000000008010026                mmEffectCancel
                0x0000000008010060                mmEffectRelease
                0x0000000008010086                mmEffectScaleRate
                0x000000000801009a                mmSetEffectsVolume
                0x00000000080100a8                mmEffectCancelAll
                0x00000000080100e8                mmUpdateEffects
 .text          0x0000000008010180      0x1e0 /opt/devkitpro/libgba/lib/libmm.a(mm_mixer_gba.o)
                0x0000000008010180                mmMixerSetSource
                0x0000000008010194                mmMixerSetRead
                0x00000000080101a2                mmMixerSetFreq
                0x00000000080101b2                mmMixerMulFreq
                0x00000000080101c6                mmMixerStopChannel
                0x00000000080101d8                mmMixerChannelActive
                0x00000000080101ea                mmMixerSetVolume
                0x00000000080101f8                mmMixerSetPan
                0x0000000008010206                mmMixerInit
 .text          0x0000000008010360       0x3c /opt/devkitpro/devkitARM/bin/../lib/gcc/arm-none-eabi/11.2.0/thumb/libgcc.a(_call_via_rX.o)
                0x0000000008010360                _call_via_r0
                0x0000000008010364                _call_via_r1
                0x0000000008010368                _call_via_r2
                0x000000000801036c                _call_via_r3
                0x0000000008010370                _call_via_r4
                0x0000000008010374                _call_via_r5
                0x0000000008010378                _call_via_r6
                0x000000000801037c                _call_via_r7
                0x0000000008010380                _call_via_r8
                0x0000000008010384                _call_via_r9
                0x0000000008010388                _call_via_sl
                0x000000000801038c                _call_via_fp
                0x0000000008010390                _call_via_ip
                0x0000000008010394                _call_via_sp
                0x0000000008010398                _call_via_lr
 .text.__libc_init_array
                0x000000000801039c       0x50 /opt/devkitpro/devkitARM/bin/../lib/gcc/arm-none-eabi/11.2.0/../../../../arm-none-eabi/lib/thumb/libg.a(lib_a-init.o)
                0x000000000801039c                __libc_init_array
 .text.memcpy   0x00000000080103ec       0xa8 /opt/devkitpro/devkitARM/bin/../lib/gcc/arm-none-eabi/11.2.0/../../../../arm-none-eabi/lib/thumb/libg.a(lib_a-memcpy-stub.o)
                0x00000000080103ec                memcpy
 .text.memmove  0x0000000008010494       0xbc /opt/devkitpro/devkitARM/bin/../lib/gcc/arm-none-eabi/11.2.0/../../../../arm-none-eabi/lib/thumb/libg.a(lib_a-memmove.o)
                0x0000000008010494                memmove
 .text.memset   0x0000000008010550       0xb0 /opt/devkitpro/devkitARM/bin/../lib/gcc/arm-none-eabi/11.2.0/../../../../arm-none-eabi/lib/thumb/libg.a(lib_a-memset.o)
                0x0000000008010550                memset
 .text.memset.__stub
                0x0000000008010600       0x60 linker stubs
 *(.gnu.linkonce.t.*)
 *(.text.*personality*)
 *(.gnu.warning)
 *(.glue_7t)
 .glue_7t       0x0000000008010680        0x0 linker stubs
 *(.glue_7)
 .glue_7        0x0000000008010680        0x0 linker stubs
 *(.vfp11_veneer)
 .vfp11_veneer  0x0000000008010680        0x0 linker stubs
                0x0000000008010680                . = ALIGN (0x4)
                0x0000000008010680                __text_end = .

.v4_bx          0x0000000008010680        0x0
 .v4_bx         0x0000000008010680        0x0 linker stubs

.iplt           0x0000000008010680        0x0
 .iplt          0x0000000008010680        0x0 /opt/devkitpro/devkitARM/bin/../lib/gcc/arm-none-eabi/11.2.0/../../../../arm-none-eabi/lib/thumb/gba_crt0.o

.fini           0x0000000008010680        0xc
 *(.fini)
 .fini          0x0000000008010680        0x4 /opt/devkitpro/devkitARM/bin/../lib/gcc/arm-none-eabi/11.2.0/thumb/crti.o
                0x0000000008010680                _fini
 .fini          0x0000000008010684        0x8 /opt/devkitpro/devkitARM/bin/../lib/gcc/arm-none-eabi/11.2.0/thumb/crtn.o
                0x000000000801068c                . = ALIGN (0x4)

.rodata         0x000000000801068c     0x3db8
 *(.rodata)
 .rodata        0x000000000801068c      0x820 texture_bn_graphics.o
                0x000000000801068c                texture_bn_graphicsTiles
                0x0000000008010e8c                texture_bn_graphicsPal
 .rodata        0x0000000008010eac       0x28 main.o
 .rodata        0x0000000008010ed4       0x10 bn_sprite_tiles_manager.o
 .rodata        0x0000000008010ee4      0xef8 verdana9.o
                0x0000000008010ee4                verdana9Font
                0x0000000008010efc                verdana9Glyphs
                0x0000000008011cfc                verdana9Widths
 .rodata        0x0000000008011ddc      0x318 sys8.o
                0x0000000008011ddc                sys8Font
                0x0000000008011df4                sys8Glyphs
 *all.rodata*(*)
 *(.roda)
 *(.rodata.*)
 .rodata._bn_audio_soundbank_bin
                0x00000000080120f4        0xc _bn_audio_soundbank.bin.o
                0x00000000080120f4                _bn_audio_soundbank_bin
                0x0000000008012100                _bn_audio_soundbank_bin_end
 .rodata._ZNK2bn17sprite_shape_size5widthEv.str1.4
                0x0000000008012100       0x7c main.o
                                         0x80 (size before relaxing)
 .rodata._ZN12_GLOBAL__N_18triangleC2ERKN2bn11sprite_itemERKNS1_5pointES7_S7_.constprop.0.isra.0.str1.4
                0x000000000801217c       0x64 main.o
 .rodata._ZN2bn12sprite_items7textureE
                0x00000000080121e0       0x24 main.o
                0x00000000080121e0                bn::sprite_items::texture
 .rodata.CSWTCH.47
                0x0000000008012204       0x10 main.o
 .rodata.CSWTCH.48
                0x0000000008012214       0x10 main.o
 .rodata.CSWTCH.49
                0x0000000008012224       0x10 main.o
 .rodata._ZN2bn15sprites_manager20set_blending_enabledEPvb.str1.4
                0x0000000008012234       0x8c bn_sprites_manager.o
 .rodata._ZNK2bn17sprite_shape_size11tiles_countENS_8bpp_modeE.str1.4
                0x00000000080122c0       0x80 bn_sprites_manager.o
 .rodata._ZN2bn14sprite_builderC2ERKNS_11sprite_itemEi.str1.4
                0x00000000080122c0       0x78 bn_sprites_manager.o
 .rodata._ZN2bn15sprites_manager5tilesEPv.str1.4
                0x0000000008012338       0x76 bn_sprites_manager.o
 *fill*         0x00000000080123ae        0x2 ff
 .rodata._ZNK2bn20sprites_manager_item15new_double_sizeEv.part.0.str1.4
                0x00000000080123b0       0x7f bn_sprites_manager.o
 *fill*         0x000000000801242f        0x1 ff
 .rodata._ZN2bn20sprites_manager_itemC2EONS_14sprite_builderEONS_16sprite_tiles_ptrEONS_18sprite_palette_ptrE.str1.4
                0x0000000008012430        0xb bn_sprites_manager.o
 *fill*         0x000000000801243b        0x1 ff
 .rodata._ZN2bn15sprites_manager35fill_hblank_effect_third_attributesENS_17sprite_shape_sizeEPKNS_23sprite_third_attributesEPt.str1.4
                0x000000000801243c       0x7f bn_sprites_manager.o
 *fill*         0x00000000080124bb        0x1 ff
 .rodata._ZN2bn14sorted_sprites6sorter6insertERNS_20sprites_manager_itemE.str1.4
                0x00000000080124bc       0x91 bn_sprites_manager.o
 *fill*         0x000000000801254d        0x3 ff
 .rodata._ZN2bn15sprites_manager6createERKNS_11fixed_pointERKNS_17sprite_shape_sizeEONS_16sprite_tiles_ptrEONS_18sprite_palette_ptrE.str1.4
                0x0000000008012550       0x43 bn_sprites_manager.o
 *fill*         0x0000000008012593        0x1 ff
 .rodata._GLOBAL__sub_D__ZN2bn7sprites16used_items_countEv.str1.4
                0x0000000008012594       0x7a bn_sprites_manager.o
 *fill*         0x000000000801260e        0x2 ff
 .rodata.CSWTCH.1034
                0x0000000008012610       0x10 bn_sprites_manager.o
 .rodata.CSWTCH.1035
                0x0000000008012620       0x10 bn_sprites_manager.o
 .rodata.CSWTCH.1036
                0x0000000008012630       0x10 bn_sprites_manager.o
 .rodata._ZN2bn13audio_manager6commitEv.str1.4
                0x0000000008012640       0x67 bn_audio_manager.o
                                         0x6b (size before relaxing)
 *fill*         0x00000000080126a7        0x1 ff
 .rodata._ZN2bn13audio_manager6commitEv
                0x00000000080126a8       0x24 bn_audio_manager.o
 .rodata._ZN2bn5music8positionEv.str1.4
                0x00000000080126cc       0x3d bn_audio_manager.o
 *fill*         0x0000000008012709        0x3 ff
 .rodata._ZN2bn13audio_manager11pause_musicEv.str1.4
                0x000000000801270c       0x75 bn_audio_manager.o
 *fill*         0x0000000008012781        0x3 ff
 .rodata._ZN2bn13audio_manager15stop_all_soundsEv.str1.4
                0x0000000008012784       0x10 bn_audio_manager.o
 .rodata._ZN2bn13audio_manager10stop_musicEv.str1.4
                0x0000000008012794        0xb bn_audio_manager.o
 *fill*         0x000000000801279f        0x1 ff
 .rodata._ZN3_bn6assert9show_argsIJA26_ciEEEvPKcS4_S4_iDpRKT_.str1.4
                0x00000000080127a0       0xa5 bn_sstream.o
                                         0xa9 (size before relaxing)
 *fill*         0x0000000008012845        0x3 ff
 .rodata._ZN2bn13ostringstream6appendEi.str1.4
                0x0000000008012848       0x8e bn_sstream.o
 *fill*         0x00000000080128d6        0x2 ff
 .rodata._ZN2bn13ostringstream6appendEPKv.str1.4
                0x00000000080128d8        0x8 bn_sstream.o
 .rodata._ZN2bn13ostringstream6appendEc.str1.4
                0x00000000080128e0       0x27 bn_sstream.o
 *fill*         0x0000000008012907        0x1 ff
 .rodata._ZN2bn14memory_manager12_GLOBAL__N_117_insert_free_itemENS_5ilistINS1_9item_typeEE8iteratorEPS5_.str1.4
                0x0000000008012908       0x97 bn_memory_manager.o
                                         0xab (size before relaxing)
 *fill*         0x000000000801299f        0x1 ff
 .rodata._ZN2bn14memory_manager4initEv.str1.4
                0x00000000080129a0       0x61 bn_memory_manager.o
                                         0x6e (size before relaxing)
 *fill*         0x0000000008012a01        0x3 ff
 .rodata._ZN2bn14memory_manager10ewram_freeEPv.str1.4
                0x0000000008012a04       0x9d bn_memory_manager.o
 .rodata._GLOBAL__sub_D__Znwj.str1.4
                0x0000000008012aa1       0x7a bn_memory_manager.o
 *fill*         0x0000000008012aa1        0x3 ff
 .rodata._ZN2bn26sprite_affine_mats_manager12_GLOBAL__N_17_createERKNS_21affine_mat_attributesE.str1.4
                0x0000000008012aa4       0x20 bn_sprite_affine_mats_manager.o
                                         0x68 (size before relaxing)
 .rodata._ZN2bn26sprite_affine_mats_manager6createERKNS_21affine_mat_attributesE.str1.4
                0x0000000008012ac4       0xa5 bn_sprite_affine_mats_manager.o
                                         0xad (size before relaxing)
 .rodata._ZN2bn26sprite_affine_mats_manager15decrease_usagesEi.part.0.str1.4
                0x0000000008012b69       0x27 bn_sprite_affine_mats_manager.o
 *fill*         0x0000000008012b69        0x3 ff
 .rodata._ZN2bn26sprite_affine_mats_manager14dettach_spriteEiRNS_24intrusive_list_node_typeE.str1.4
                0x0000000008012b6c       0x58 bn_sprite_affine_mats_manager.o